../Core/Src/Data.c:69:19:getUserTest	4	static
../Core/Src/Data.c:73:19:getUserTime	4	static
../Core/Src/Data.c:78:15:getUserMass	4	static
../Core/Src/Data.c:83:15:getUserOverMass	4	static
../Core/Src/Data.c:88:15:getUserConsultTest	4	static
../Core/Src/Data.c:93:15:getUserAlturaMin	4	static
../Core/Src/Data.c:98:15:getUserAlturaMax	4	static
../Core/Src/Data.c:103:15:getUserNumSaltos	4	static
../Core/Src/Data.c:108:15:getUserIntervalSaltos	4	static
../Core/Src/Data.c:113:15:getUserCMJ	4	static
../Core/Src/Data.c:118:15:getUserAlturaDJ	4	static
../Core/Src/Data.c:123:15:getUserNumSeries	4	static
../Core/Src/Data.c:128:15:getUserIntervalSeries	4	static
../Core/Src/Data.c:133:15:getUserCommConfig	4	static
../Core/Src/Data.c:138:15:getUserSelectSensorChannel	4	static
../Core/Src/Data.c:143:15:getUserSelectTapete	4	static
../Core/Src/Data.c:148:16:getTimeStruct	4	static
../Core/Src/Data.c:153:16:getIntervalTimeStruct	4	static
../Core/Src/Data.c:158:16:getMassArray	4	static
../Core/Src/Data.c:163:16:getOverMassArray	4	static
../Core/Src/Data.c:168:16:getAltMinArray	4	static
../Core/Src/Data.c:173:16:getAltMaxArray	4	static
../Core/Src/Data.c:178:16:getNumSaltosArray	4	static
../Core/Src/Data.c:188:16:getTypeJumpArray	4	static
../Core/Src/Data.c:193:16:getAltDJArray	4	static
../Core/Src/Data.c:198:16:getNumSeriesArray	4	static
../Core/Src/Data.c:203:16:getIntervalSeriesArray	4	static
../Core/Src/Data.c:208:16:getNumTestArray	4	static
../Core/Src/Data.c:213:16:getEraseTestArray	4	static
../Core/Src/Data.c:218:16:getUserConfigStruct	12	static
../Core/Src/Data.c:225:15:setUserInputConfigData	16	static
../Core/Src/Data.c:245:16:getUserResultData	16	static
../Core/Src/Data.c:250:15:getResultTestNumber	4	static
../Core/Src/Data.c:255:15:getThereAreData	16	static
../Core/Src/Data.c:260:15:getResultOccupiedFlag	16	static
../Core/Src/Data.c:265:15:setResultOccupiedFlag	16	static
../Core/Src/Data.c:270:15:setResultTestNumber	4	static
../Core/Src/Data.c:275:15:setUserResultData	24	static
../Core/Src/Data.c:288:15:resetResultStruct	24	static
../Core/Src/Data.c:302:15:resetConfigStruct	16	static
../Core/Src/Data.c:323:6:resetMyResults	16	static
