../Core/Src/DataProcessing.c:20:15:indexTime	16	static
../Core/Src/DataProcessing.c:31:15:indexColumn	16	static
../Core/Src/DataProcessing.c:42:15:milisecondsTime	24	static
../Core/Src/DataProcessing.c:55:15:stringToLong	24	static
../Core/Src/DataProcessing.c:63:14:stringToInt	24	static
../Core/Src/DataProcessing.c:70:15:stringToFloat	24	static
../Core/Src/DataProcessing.c:76:15:indexMass	16	static
../Core/Src/DataProcessing.c:86:15:indexChange	16	static
../Core/Src/DataProcessing.c:95:16:getAltMinString	24	static
../Core/Src/DataProcessing.c:102:16:getAltMaxString	24	static
../Core/Src/DataProcessing.c:109:16:getNumSaltosString	24	static
../Core/Src/DataProcessing.c:116:16:getTypeJumpString	16	static
../Core/Src/DataProcessing.c:123:16:getAltDJString	16	static
../Core/Src/DataProcessing.c:130:16:getNumSeriesString	24	static
../Core/Src/DataProcessing.c:137:16:getIntervalSeriesString	24	static
../Core/Src/DataProcessing.c:144:16:getMassString	24	static
../Core/Src/DataProcessing.c:152:16:getOverMassString	24	static
../Core/Src/DataProcessing.c:159:16:getNumTestString	24	static
../Core/Src/DataProcessing.c:166:16:getEraseTestString	16	static
../Core/Src/DataProcessing.c:173:16:getStringToSave	4	static
../Core/Src/DataProcessing.c:179:15:param_1_toString	16	static
../Core/Src/DataProcessing.c:186:15:param_2_toString	16	static
../Core/Src/DataProcessing.c:193:15:param_3_toString	16	static
../Core/Src/DataProcessing.c:200:15:setUserAltMin	24	static
../Core/Src/DataProcessing.c:208:15:setUserErase	24	static
../Core/Src/DataProcessing.c:216:15:setUserAltMax	24	static
../Core/Src/DataProcessing.c:224:15:setUserNumSaltos	24	static
../Core/Src/DataProcessing.c:232:15:setUserTypeJump	24	static
../Core/Src/DataProcessing.c:240:15:setUserAltDJ	24	static
../Core/Src/DataProcessing.c:248:15:setUserNumSeries	24	static
../Core/Src/DataProcessing.c:256:15:setUserIntervalSeries	24	static
../Core/Src/DataProcessing.c:264:15:setUserMass	24	static
../Core/Src/DataProcessing.c:272:15:setUserOverMass	24	static
../Core/Src/DataProcessing.c:280:15:setUserNumTest	24	static
../Core/Src/DataProcessing.c:288:16:setIntervalSaltosTime	24	static
../Core/Src/DataProcessing.c:319:16:setUserTime	24	static
../Core/Src/DataProcessing.c:365:14:alturaToTempo	32	static
