../Core/Src/DataProcessing.c:20:15:indexTime	16	static
../Core/Src/DataProcessing.c:31:15:indexColumn	16	static
../Core/Src/DataProcessing.c:42:15:stringToLong	24	static
../Core/Src/DataProcessing.c:50:14:stringToInt	24	static
../Core/Src/DataProcessing.c:57:15:stringToFloat	24	static
../Core/Src/DataProcessing.c:63:15:indexMass	16	static
../Core/Src/DataProcessing.c:73:15:indexChange	16	static
../Core/Src/DataProcessing.c:82:16:getAltMinString	24	static
../Core/Src/DataProcessing.c:89:16:getAltMaxString	24	static
../Core/Src/DataProcessing.c:96:16:getNumSaltosString	24	static
../Core/Src/DataProcessing.c:103:16:getTypeJumpString	16	static
../Core/Src/DataProcessing.c:110:16:getAltDJString	16	static
../Core/Src/DataProcessing.c:117:16:getNumSeriesString	24	static
../Core/Src/DataProcessing.c:124:16:getIntervalSeriesString	24	static
../Core/Src/DataProcessing.c:131:16:getMassString	24	static
../Core/Src/DataProcessing.c:139:16:getOverMassString	24	static
../Core/Src/DataProcessing.c:146:16:getNumTestString	24	static
../Core/Src/DataProcessing.c:153:16:getEraseTestString	16	static
../Core/Src/DataProcessing.c:160:16:getStringToSave	4	static
../Core/Src/DataProcessing.c:166:15:param_1_toString	16	static
../Core/Src/DataProcessing.c:173:15:param_2_toString	16	static
../Core/Src/DataProcessing.c:180:15:param_3_toString	16	static
../Core/Src/DataProcessing.c:187:15:setUserAltMin	24	static
../Core/Src/DataProcessing.c:195:15:setUserErase	24	static
../Core/Src/DataProcessing.c:203:15:setUserAltMax	24	static
../Core/Src/DataProcessing.c:211:15:setUserNumSaltos	24	static
../Core/Src/DataProcessing.c:219:15:setUserTypeJump	24	static
../Core/Src/DataProcessing.c:227:15:setUserAltDJ	24	static
../Core/Src/DataProcessing.c:235:15:setUserNumSeries	24	static
../Core/Src/DataProcessing.c:243:15:setUserIntervalSeries	24	static
../Core/Src/DataProcessing.c:251:15:setUserMass	24	static
../Core/Src/DataProcessing.c:259:15:setUserOverMass	24	static
../Core/Src/DataProcessing.c:267:15:setUserNumTest	24	static
../Core/Src/DataProcessing.c:275:16:setIntervalSaltosTime	24	static
../Core/Src/DataProcessing.c:306:16:setUserTime	24	static
