../Core/Src/Data.c:70:19:getUserTest	4	static
../Core/Src/Data.c:74:19:getUserTime	4	static
../Core/Src/Data.c:79:15:getUserMass	4	static
../Core/Src/Data.c:84:15:getUserOverMass	4	static
../Core/Src/Data.c:89:15:getUserConsultTest	4	static
../Core/Src/Data.c:94:15:getUserAlturaMin	4	static
../Core/Src/Data.c:99:15:getUserAlturaMax	4	static
../Core/Src/Data.c:104:15:getUserNumSaltos	4	static
../Core/Src/Data.c:109:15:getUserIntervalSaltos	4	static
../Core/Src/Data.c:114:15:getUserCMJ	4	static
../Core/Src/Data.c:119:15:getUserAlturaDJ	4	static
../Core/Src/Data.c:124:15:getUserNumSeries	4	static
../Core/Src/Data.c:129:15:getUserIntervalSeries	4	static
../Core/Src/Data.c:134:15:getUserCommConfig	4	static
../Core/Src/Data.c:139:15:getUserSelectSensorChannel	4	static
../Core/Src/Data.c:144:15:getUserSelectTapete	4	static
../Core/Src/Data.c:149:16:getTimeStruct	4	static
../Core/Src/Data.c:154:16:getIntervalTimeStruct	4	static
../Core/Src/Data.c:159:16:getMassArray	4	static
../Core/Src/Data.c:164:16:getOverMassArray	4	static
../Core/Src/Data.c:169:16:getAltMinArray	4	static
../Core/Src/Data.c:174:16:getAltMaxArray	4	static
../Core/Src/Data.c:179:16:getNumSaltosArray	4	static
../Core/Src/Data.c:189:16:getTypeJumpArray	4	static
../Core/Src/Data.c:194:16:getAltDJArray	4	static
../Core/Src/Data.c:199:16:getNumSeriesArray	4	static
../Core/Src/Data.c:204:16:getIntervalSeriesArray	4	static
../Core/Src/Data.c:209:16:getNumTestArray	4	static
../Core/Src/Data.c:214:16:getEraseTestArray	4	static
../Core/Src/Data.c:219:16:getUserConfigStruct	12	static
../Core/Src/Data.c:226:15:setUserInputConfigData	16	static
../Core/Src/Data.c:246:16:getUserResultData	16	static
../Core/Src/Data.c:251:15:getResultTestNumber	4	static
../Core/Src/Data.c:256:15:getThereAreData	16	static
../Core/Src/Data.c:261:15:getResultOccupiedFlag	16	static
../Core/Src/Data.c:266:15:setResultOccupiedFlag	16	static
../Core/Src/Data.c:271:15:setResultTestNumber	4	static
../Core/Src/Data.c:276:15:setUserResultData	24	static
../Core/Src/Data.c:290:15:resetResultStruct	24	static
../Core/Src/Data.c:305:15:resetConfigStruct	16	static
../Core/Src/Data.c:326:6:resetMyResults	16	static
