../Core/Src/IO_interface.c:46:15:startTM2	8	static
../Core/Src/IO_interface.c:51:15:stopTM2	8	static
../Core/Src/IO_interface.c:56:15:startTM3	8	static
../Core/Src/IO_interface.c:62:15:stopTM3	8	static
../Core/Src/IO_interface.c:67:15:rstHardware	4	static
../Core/Src/IO_interface.c:72:15:printDataDisplay	16	static
../Core/Src/IO_interface.c:77:15:insertDataDisplay	16	static
../Core/Src/IO_interface.c:83:15:eraseDataDisplay	8	static
../Core/Src/IO_interface.c:88:15:updateDataDisplay	16	static
../Core/Src/IO_interface.c:93:15:homeDataDisplay	24	static
../Core/Src/IO_interface.c:102:15:mount_SD	16	static
../Core/Src/IO_interface.c:108:15:check_SD_card	4	static
../Core/Src/IO_interface.c:113:16:load_SD_card	32	static
../Core/Src/IO_interface.c:155:15:save_SD_card	32	static
../Core/Src/IO_interface.c:187:15:startCOMM	16	static
../Core/Src/IO_interface.c:194:15:stopCOMM	16	static
../Core/Src/IO_interface.c:201:15:transmissionCOMM	88	static
../Core/Src/IO_interface.c:261:15:receiveCOMM	4	static
../Core/Src/IO_interface.c:267:15:statusCOMM	4	static
