../Core/Src/IO_interface.c:30:15:startTM2	8	static
../Core/Src/IO_interface.c:35:15:stopTM2	8	static
../Core/Src/IO_interface.c:40:15:startTM3	8	static
../Core/Src/IO_interface.c:45:15:stopTM3	8	static
../Core/Src/IO_interface.c:50:15:rstHardware	4	static
../Core/Src/IO_interface.c:55:15:printDataDisplay	16	static
../Core/Src/IO_interface.c:60:15:insertDataDisplay	16	static
../Core/Src/IO_interface.c:66:15:eraseDataDisplay	8	static
../Core/Src/IO_interface.c:71:15:updateDataDisplay	16	static
../Core/Src/IO_interface.c:76:15:homeDataDisplay	24	static
../Core/Src/IO_interface.c:85:15:mount_SD	16	static
../Core/Src/IO_interface.c:91:15:check_SD_card	4	static
../Core/Src/IO_interface.c:96:16:load_SD_card	32	static
../Core/Src/IO_interface.c:138:15:save_SD_card	32	static
../Core/Src/IO_interface.c:170:15:startCOMM	16	static
../Core/Src/IO_interface.c:177:15:stopCOMM	16	static
../Core/Src/IO_interface.c:184:15:transmissionCOMM	32	static
../Core/Src/IO_interface.c:194:15:receiveCOMM	4	static
../Core/Src/IO_interface.c:200:15:statusCOMM	4	static
