../Core/Src/IO_interface.c:29:15:startTM2	8	static
../Core/Src/IO_interface.c:34:15:stopTM2	8	static
../Core/Src/IO_interface.c:39:15:startTM3	8	static
../Core/Src/IO_interface.c:44:15:stopTM3	8	static
../Core/Src/IO_interface.c:49:15:rstHardware	4	static
../Core/Src/IO_interface.c:54:15:printDataDisplay	16	static
../Core/Src/IO_interface.c:59:15:insertDataDisplay	16	static
../Core/Src/IO_interface.c:65:15:eraseDataDisplay	8	static
../Core/Src/IO_interface.c:70:15:updateDataDisplay	16	static
../Core/Src/IO_interface.c:75:15:homeDataDisplay	24	static
../Core/Src/IO_interface.c:84:15:mount_SD	16	static
../Core/Src/IO_interface.c:90:15:check_SD_card	4	static
../Core/Src/IO_interface.c:95:16:load_SD_card	32	static
../Core/Src/IO_interface.c:137:15:save_SD_card	32	static
../Core/Src/IO_interface.c:169:15:startCOMM	16	static
../Core/Src/IO_interface.c:176:15:stopCOMM	16	static
../Core/Src/IO_interface.c:183:15:transmissionCOMM	32	static
../Core/Src/IO_interface.c:193:15:receiveCOMM	4	static
../Core/Src/IO_interface.c:199:15:statusCOMM	4	static
