../Core/Src/main.c:95:15:resetTimer3Variable	4	static
../Core/Src/main.c:115:15:getKeyPressed	4	static
../Core/Src/main.c:120:15:resetKeyPressed	8	static
../Core/Src/main.c:126:16:getUARTInstance	4	static
../Core/Src/main.c:131:16:getTimer2Instance	4	static
../Core/Src/main.c:136:16:getTimer3Instance	4	static
../Core/Src/main.c:141:15:getTimer2Variable	4	static
../Core/Src/main.c:146:15:getTimer3Variable	4	static
../Core/Src/main.c:156:5:main	24	static
../Core/Src/main.c:337:6:SystemClock_Config	72	static
../Core/Src/main.c:377:13:MX_SPI1_Init	8	static
../Core/Src/main.c:415:13:MX_TIM2_Init	56	static
../Core/Src/main.c:464:13:MX_TIM3_Init	32	static
../Core/Src/main.c:509:13:MX_USART2_UART_Init	8	static
../Core/Src/main.c:540:13:MX_DMA_Init	16	static
../Core/Src/main.c:558:13:MX_GPIO_Init	40	static
../Core/Src/main.c:623:6:HAL_TIM_PeriodElapsedCallback	16	static
../Core/Src/main.c:635:6:HAL_UARTEx_RxEventCallback	16	static
../Core/Src/main.c:644:6:HAL_TIM_IC_CaptureCallback	16	static
../Core/Src/main.c:665:6:HAL_GPIO_EXTI_Callback	16	static
../Core/Src/main.c:694:6:Error_Handler	4	static,ignoring_inline_asm
