../Core/Src/main.c:72:15:getKeyPressed	4	static
../Core/Src/main.c:77:15:resetKeyPressed	4	static
../Core/Src/main.c:87:5:main	56	static
../Core/Src/main.c:280:6:SystemClock_Config	72	static
../Core/Src/main.c:320:13:MX_TIM2_Init	56	static
../Core/Src/main.c:369:13:MX_TIM3_Init	32	static
../Core/Src/main.c:414:13:MX_USART2_UART_Init	8	static
../Core/Src/main.c:445:13:MX_DMA_Init	16	static
../Core/Src/main.c:463:13:MX_GPIO_Init	40	static
../Core/Src/main.c:528:6:HAL_TIM_PeriodElapsedCallback	16	static
../Core/Src/main.c:533:6:HAL_TIM_IC_CaptureCallback	16	static
../Core/Src/main.c:538:6:HAL_GPIO_EXTI_Callback	16	static
../Core/Src/main.c:567:6:Error_Handler	4	static,ignoring_inline_asm
