../Core/Src/main.c:98:6:resetRxFlag	4	static
../Core/Src/main.c:103:15:getRxFlag	4	static
../Core/Src/main.c:109:6:resetTimer3Variable	4	static
../Core/Src/main.c:114:15:getKeyPressed	4	static
../Core/Src/main.c:119:6:resetKeyPressed	8	static
../Core/Src/main.c:125:20:getUARTInstance	4	static
../Core/Src/main.c:130:16:getTimer2Instance	4	static
../Core/Src/main.c:135:16:getTimer3Instance	4	static
../Core/Src/main.c:140:15:getTimer2Variable	4	static
../Core/Src/main.c:145:14:getTimer3Variable	4	static
../Core/Src/main.c:156:5:main	24	static
../Core/Src/main.c:346:6:SystemClock_Config	72	static
../Core/Src/main.c:386:13:MX_SPI1_Init	8	static
../Core/Src/main.c:424:13:MX_TIM2_Init	56	static
../Core/Src/main.c:473:13:MX_TIM3_Init	32	static
../Core/Src/main.c:518:13:MX_USART2_UART_Init	8	static
../Core/Src/main.c:549:13:MX_DMA_Init	16	static
../Core/Src/main.c:567:13:MX_GPIO_Init	40	static
../Core/Src/main.c:632:6:HAL_TIM_PeriodElapsedCallback	16	static
../Core/Src/main.c:646:6:HAL_UARTEx_RxEventCallback	16	static
../Core/Src/main.c:657:6:HAL_TIM_IC_CaptureCallback	16	static
../Core/Src/main.c:675:6:HAL_GPIO_EXTI_Callback	16	static
../Core/Src/main.c:704:6:Error_Handler	4	static,ignoring_inline_asm
