../Core/Src/main.c:96:6:resetTimer3Variable	4	static
../Core/Src/main.c:101:15:getKeyPressed	4	static
../Core/Src/main.c:106:15:resetKeyPressed	8	static
../Core/Src/main.c:112:16:getUARTInstance	4	static
../Core/Src/main.c:117:16:getTimer2Instance	4	static
../Core/Src/main.c:122:16:getTimer3Instance	4	static
../Core/Src/main.c:127:15:getTimer2Variable	4	static
../Core/Src/main.c:132:14:getTimer3Variable	4	static
../Core/Src/main.c:143:5:main	24	static
../Core/Src/main.c:324:6:SystemClock_Config	72	static
../Core/Src/main.c:364:13:MX_SPI1_Init	8	static
../Core/Src/main.c:402:13:MX_TIM2_Init	56	static
../Core/Src/main.c:451:13:MX_TIM3_Init	32	static
../Core/Src/main.c:496:13:MX_USART2_UART_Init	8	static
../Core/Src/main.c:527:13:MX_DMA_Init	16	static
../Core/Src/main.c:545:13:MX_GPIO_Init	40	static
../Core/Src/main.c:610:6:HAL_TIM_PeriodElapsedCallback	16	static
../Core/Src/main.c:631:6:HAL_UARTEx_RxEventCallback	16	static
../Core/Src/main.c:640:6:HAL_TIM_IC_CaptureCallback	16	static
../Core/Src/main.c:671:6:HAL_GPIO_EXTI_Callback	16	static
../Core/Src/main.c:700:6:Error_Handler	4	static,ignoring_inline_asm
