../Core/Src/Data.c:87:19:getUserTest	4	static
../Core/Src/Data.c:91:19:getUserTime	4	static
../Core/Src/Data.c:96:15:getUserMass	4	static
../Core/Src/Data.c:101:15:getUserOverMass	4	static
../Core/Src/Data.c:106:15:getUserConsultTest	4	static
../Core/Src/Data.c:111:15:getUserAlturaMin	4	static
../Core/Src/Data.c:116:15:getUserAlturaMax	4	static
../Core/Src/Data.c:121:15:getUserNumSaltos	4	static
../Core/Src/Data.c:126:15:getUserIntervalSaltos	4	static
../Core/Src/Data.c:131:15:getUserCMJ	4	static
../Core/Src/Data.c:136:15:getUserAlturaDJ	4	static
../Core/Src/Data.c:141:15:getUserNumSeries	4	static
../Core/Src/Data.c:146:15:getUserIntervalSeries	4	static
../Core/Src/Data.c:151:15:getUserCommConfig	4	static
../Core/Src/Data.c:156:15:getUserSelectSensorChannel	4	static
../Core/Src/Data.c:161:15:getUserSelectTapete	4	static
../Core/Src/Data.c:166:16:getTimeStruct	4	static
../Core/Src/Data.c:171:16:getIntervalTimeStruct	4	static
../Core/Src/Data.c:176:16:getintervalSeriesTimeStruct	4	static
../Core/Src/Data.c:181:16:getMassArray	4	static
../Core/Src/Data.c:186:16:getOverMassArray	4	static
../Core/Src/Data.c:191:16:getAltMinArray	4	static
../Core/Src/Data.c:196:16:getAltMaxArray	4	static
../Core/Src/Data.c:201:16:getNumSaltosArray	4	static
../Core/Src/Data.c:211:16:getTypeJumpArray	4	static
../Core/Src/Data.c:216:16:getAltDJArray	4	static
../Core/Src/Data.c:221:16:getNumSeriesArray	4	static
../Core/Src/Data.c:231:16:getNumTestArray	4	static
../Core/Src/Data.c:236:16:getEraseTestArray	4	static
../Core/Src/Data.c:241:16:getUserConfigStruct	12	static
../Core/Src/Data.c:248:14:getTimeAltMin	4	static
../Core/Src/Data.c:253:14:getTimeAltMax	4	static
../Core/Src/Data.c:259:15:setUserInputConfigData	16	static
../Core/Src/Data.c:279:15:getUserResultData	16	static
../Core/Src/Data.c:284:15:getResultTestNumber	4	static
../Core/Src/Data.c:289:15:getThereAreData	16	static
../Core/Src/Data.c:294:15:getTimeout	16	static
../Core/Src/Data.c:299:15:getResultOccupiedFlag	16	static
../Core/Src/Data.c:304:15:setResultOccupiedFlag	16	static
../Core/Src/Data.c:309:15:setResultTestNumber	4	static
../Core/Src/Data.c:314:15:setUserResultData	24	static
../Core/Src/Data.c:328:15:resetResultStruct	24	static
../Core/Src/Data.c:342:15:resetConfigStruct	16	static
../Core/Src/Data.c:363:6:resetMyResults	16	static
