../Core/Src/main.c:97:6:getRxFlag	4	static
../Core/Src/main.c:102:6:resetRxFlag	4	static
../Core/Src/main.c:107:6:resetTimer3Variable	4	static
../Core/Src/main.c:112:15:getKeyPressed	4	static
../Core/Src/main.c:117:15:resetKeyPressed	8	static
../Core/Src/main.c:123:20:getUARTInstance	4	static
../Core/Src/main.c:128:16:getTimer2Instance	4	static
../Core/Src/main.c:133:16:getTimer3Instance	4	static
../Core/Src/main.c:138:15:getTimer2Variable	4	static
../Core/Src/main.c:143:14:getTimer3Variable	4	static
../Core/Src/main.c:154:5:main	24	static
../Core/Src/main.c:347:6:SystemClock_Config	72	static
../Core/Src/main.c:387:13:MX_SPI1_Init	8	static
../Core/Src/main.c:425:13:MX_TIM2_Init	56	static
../Core/Src/main.c:474:13:MX_TIM3_Init	32	static
../Core/Src/main.c:519:13:MX_USART2_UART_Init	8	static
../Core/Src/main.c:550:13:MX_DMA_Init	16	static
../Core/Src/main.c:568:13:MX_GPIO_Init	40	static
../Core/Src/main.c:633:6:HAL_TIM_PeriodElapsedCallback	16	static
../Core/Src/main.c:647:6:HAL_UARTEx_RxEventCallback	16	static
../Core/Src/main.c:658:6:HAL_TIM_IC_CaptureCallback	16	static
../Core/Src/main.c:676:6:HAL_GPIO_EXTI_Callback	16	static
../Core/Src/main.c:705:6:Error_Handler	4	static,ignoring_inline_asm
