../Core/Src/main.c:76:16:getSamplesCount	4	static
../Core/Src/main.c:81:6:resetTimer3Variable	4	static
../Core/Src/main.c:86:15:getKeyPressed	4	static
../Core/Src/main.c:91:6:resetKeyPressed	8	static
../Core/Src/main.c:98:20:getTimer2Instance	4	static
../Core/Src/main.c:103:20:getTimer3Instance	4	static
../Core/Src/main.c:109:16:getSensorFlag	4	static
../Core/Src/main.c:114:16:getTimer3Variable	4	static
../Core/Src/main.c:119:6:delay	16	static
../Core/Src/main.c:131:5:main	8	static
../Core/Src/main.c:186:6:SystemClock_Config	88	static
../Core/Src/main.c:232:13:MX_I2C1_Init	8	static
../Core/Src/main.c:266:13:MX_TIM2_Init	56	static
../Core/Src/main.c:315:13:MX_TIM5_Init	32	static
../Core/Src/main.c:360:13:MX_GPIO_Init	48	static
../Core/Src/main.c:406:6:HAL_TIM_IC_CaptureCallback	16	static
../Core/Src/main.c:421:6:HAL_GPIO_EXTI_Callback	16	static
../Core/Src/main.c:443:6:Error_Handler	4	static,ignoring_inline_asm
