../Core/Src/main.c:99:16:getRxBuffer	4	static
../Core/Src/main.c:104:6:resetRxFlag	4	static
../Core/Src/main.c:109:15:getRxFlag	4	static
../Core/Src/main.c:115:6:resetTimer3Variable	4	static
../Core/Src/main.c:120:15:getKeyPressed	4	static
../Core/Src/main.c:125:6:resetKeyPressed	8	static
../Core/Src/main.c:131:20:getUARTInstance	4	static
../Core/Src/main.c:136:16:getTimer2Instance	4	static
../Core/Src/main.c:141:16:getTimer3Instance	4	static
../Core/Src/main.c:146:15:getTimer2Variable	4	static
../Core/Src/main.c:151:14:getTimer3Variable	4	static
../Core/Src/main.c:162:5:main	24	static
../Core/Src/main.c:366:6:SystemClock_Config	88	static
../Core/Src/main.c:408:13:MX_SPI1_Init	8	static
../Core/Src/main.c:446:13:MX_TIM2_Init	56	static
../Core/Src/main.c:495:13:MX_TIM3_Init	32	static
../Core/Src/main.c:540:13:MX_USART2_UART_Init	8	static
../Core/Src/main.c:571:13:MX_DMA_Init	16	static
../Core/Src/main.c:589:13:MX_GPIO_Init	48	static
../Core/Src/main.c:646:6:HAL_TIM_PeriodElapsedCallback	16	static
../Core/Src/main.c:660:6:HAL_UARTEx_RxEventCallback	16	static
../Core/Src/main.c:670:6:HAL_TIM_IC_CaptureCallback	16	static
../Core/Src/main.c:688:6:HAL_GPIO_EXTI_Callback	16	static
../Core/Src/main.c:717:6:Error_Handler	4	static,ignoring_inline_asm
