Archive member included to satisfy reference by file (symbol)

c:/st/stm32cubeide_1.9.0/stm32cubeide/plugins/com.st.stm32cube.ide.mcu.externaltools.gnu-tools-for-stm32.10.3-2021.10.win32_1.0.0.202111181127/tools/bin/../lib/gcc/arm-none-eabi/10.3.1/../../../../arm-none-eabi/lib/thumb/v7e-m+fp/hard\libc_nano.a(lib_a-errno.o)
                              ./Core/Src/syscalls.o (__errno)
c:/st/stm32cubeide_1.9.0/stm32cubeide/plugins/com.st.stm32cube.ide.mcu.externaltools.gnu-tools-for-stm32.10.3-2021.10.win32_1.0.0.202111181127/tools/bin/../lib/gcc/arm-none-eabi/10.3.1/../../../../arm-none-eabi/lib/thumb/v7e-m+fp/hard\libc_nano.a(lib_a-exit.o)
                              c:/st/stm32cubeide_1.9.0/stm32cubeide/plugins/com.st.stm32cube.ide.mcu.externaltools.gnu-tools-for-stm32.10.3-2021.10.win32_1.0.0.202111181127/tools/bin/../lib/gcc/arm-none-eabi/10.3.1/../../../../arm-none-eabi/lib/thumb/v7e-m+fp/hard/crt0.o (exit)
c:/st/stm32cubeide_1.9.0/stm32cubeide/plugins/com.st.stm32cube.ide.mcu.externaltools.gnu-tools-for-stm32.10.3-2021.10.win32_1.0.0.202111181127/tools/bin/../lib/gcc/arm-none-eabi/10.3.1/../../../../arm-none-eabi/lib/thumb/v7e-m+fp/hard\libc_nano.a(lib_a-fgetc.o)
                              ./Core/Src/SD_module.o (fgetc)
c:/st/stm32cubeide_1.9.0/stm32cubeide/plugins/com.st.stm32cube.ide.mcu.externaltools.gnu-tools-for-stm32.10.3-2021.10.win32_1.0.0.202111181127/tools/bin/../lib/gcc/arm-none-eabi/10.3.1/../../../../arm-none-eabi/lib/thumb/v7e-m+fp/hard\libc_nano.a(lib_a-findfp.o)
                              c:/st/stm32cubeide_1.9.0/stm32cubeide/plugins/com.st.stm32cube.ide.mcu.externaltools.gnu-tools-for-stm32.10.3-2021.10.win32_1.0.0.202111181127/tools/bin/../lib/gcc/arm-none-eabi/10.3.1/../../../../arm-none-eabi/lib/thumb/v7e-m+fp/hard\libc_nano.a(lib_a-fgetc.o) (__sinit)
c:/st/stm32cubeide_1.9.0/stm32cubeide/plugins/com.st.stm32cube.ide.mcu.externaltools.gnu-tools-for-stm32.10.3-2021.10.win32_1.0.0.202111181127/tools/bin/../lib/gcc/arm-none-eabi/10.3.1/../../../../arm-none-eabi/lib/thumb/v7e-m+fp/hard\libc_nano.a(lib_a-fopen.o)
                              ./Core/Src/SD_module.o (fopen)
c:/st/stm32cubeide_1.9.0/stm32cubeide/plugins/com.st.stm32cube.ide.mcu.externaltools.gnu-tools-for-stm32.10.3-2021.10.win32_1.0.0.202111181127/tools/bin/../lib/gcc/arm-none-eabi/10.3.1/../../../../arm-none-eabi/lib/thumb/v7e-m+fp/hard\libc_nano.a(lib_a-fseek.o)
                              c:/st/stm32cubeide_1.9.0/stm32cubeide/plugins/com.st.stm32cube.ide.mcu.externaltools.gnu-tools-for-stm32.10.3-2021.10.win32_1.0.0.202111181127/tools/bin/../lib/gcc/arm-none-eabi/10.3.1/../../../../arm-none-eabi/lib/thumb/v7e-m+fp/hard\libc_nano.a(lib_a-fopen.o) (_fseek_r)
c:/st/stm32cubeide_1.9.0/stm32cubeide/plugins/com.st.stm32cube.ide.mcu.externaltools.gnu-tools-for-stm32.10.3-2021.10.win32_1.0.0.202111181127/tools/bin/../lib/gcc/arm-none-eabi/10.3.1/../../../../arm-none-eabi/lib/thumb/v7e-m+fp/hard\libc_nano.a(lib_a-fseeko.o)
                              c:/st/stm32cubeide_1.9.0/stm32cubeide/plugins/com.st.stm32cube.ide.mcu.externaltools.gnu-tools-for-stm32.10.3-2021.10.win32_1.0.0.202111181127/tools/bin/../lib/gcc/arm-none-eabi/10.3.1/../../../../arm-none-eabi/lib/thumb/v7e-m+fp/hard\libc_nano.a(lib_a-fseek.o) (_fseeko_r)
c:/st/stm32cubeide_1.9.0/stm32cubeide/plugins/com.st.stm32cube.ide.mcu.externaltools.gnu-tools-for-stm32.10.3-2021.10.win32_1.0.0.202111181127/tools/bin/../lib/gcc/arm-none-eabi/10.3.1/../../../../arm-none-eabi/lib/thumb/v7e-m+fp/hard\libc_nano.a(lib_a-fwalk.o)
                              c:/st/stm32cubeide_1.9.0/stm32cubeide/plugins/com.st.stm32cube.ide.mcu.externaltools.gnu-tools-for-stm32.10.3-2021.10.win32_1.0.0.202111181127/tools/bin/../lib/gcc/arm-none-eabi/10.3.1/../../../../arm-none-eabi/lib/thumb/v7e-m+fp/hard\libc_nano.a(lib_a-findfp.o) (_fwalk)
c:/st/stm32cubeide_1.9.0/stm32cubeide/plugins/com.st.stm32cube.ide.mcu.externaltools.gnu-tools-for-stm32.10.3-2021.10.win32_1.0.0.202111181127/tools/bin/../lib/gcc/arm-none-eabi/10.3.1/../../../../arm-none-eabi/lib/thumb/v7e-m+fp/hard\libc_nano.a(lib_a-impure.o)
                              c:/st/stm32cubeide_1.9.0/stm32cubeide/plugins/com.st.stm32cube.ide.mcu.externaltools.gnu-tools-for-stm32.10.3-2021.10.win32_1.0.0.202111181127/tools/bin/../lib/gcc/arm-none-eabi/10.3.1/../../../../arm-none-eabi/lib/thumb/v7e-m+fp/hard\libc_nano.a(lib_a-exit.o) (_global_impure_ptr)
c:/st/stm32cubeide_1.9.0/stm32cubeide/plugins/com.st.stm32cube.ide.mcu.externaltools.gnu-tools-for-stm32.10.3-2021.10.win32_1.0.0.202111181127/tools/bin/../lib/gcc/arm-none-eabi/10.3.1/../../../../arm-none-eabi/lib/thumb/v7e-m+fp/hard\libc_nano.a(lib_a-init.o)
                              c:/st/stm32cubeide_1.9.0/stm32cubeide/plugins/com.st.stm32cube.ide.mcu.externaltools.gnu-tools-for-stm32.10.3-2021.10.win32_1.0.0.202111181127/tools/bin/../lib/gcc/arm-none-eabi/10.3.1/../../../../arm-none-eabi/lib/thumb/v7e-m+fp/hard/crt0.o (__libc_init_array)
[...]
Memory Configuration

Name             Origin             Length             Attributes
RAM              0x0000000020000000 0x0000000000020000 xrw
FLASH            0x0000000008000000 0x0000000000080000 xr
*default*        0x0000000000000000 0xffffffffffffffff

Linker script and memory map

LOAD c:/st/stm32cubeide_1.9.0/stm32cubeide/plugins/com.st.stm32cube.ide.mcu.externaltools.gnu-tools-for-stm32.10.3-2021.10.win32_1.0.0.202111181127/tools/bin/../lib/gcc/arm-none-eabi/10.3.1/thumb/v7e-m+fp/hard/crti.o
LOAD c:/st/stm32cubeide_1.9.0/stm32cubeide/plugins/com.st.stm32cube.ide.mcu.externaltools.gnu-tools-for-stm32.10.3-2021.10.win32_1.0.0.202111181127/tools/bin/../lib/gcc/arm-none-eabi/10.3.1/thumb/v7e-m+fp/hard/crtbegin.o
LOAD c:/st/stm32cubeide_1.9.0/stm32cubeide/plugins/com.st.stm32cube.ide.mcu.externaltools.gnu-tools-for-stm32.10.3-2021.10.win32_1.0.0.202111181127/tools/bin/../lib/gcc/arm-none-eabi/10.3.1/../../../../arm-none-eabi/lib/thumb/v7e-m+fp/hard/crt0.o
LOAD ./Core/Src/Apagar_component.o
LOAD ./Core/Src/Configuracao_component.o
LOAD ./Core/Src/Consulta_component.o
LOAD ./Core/Src/Data.o
LOAD ./Core/Src/DataProcessing.o
LOAD ./Core/Src/DisplayMessages.o
LOAD ./Core/Src/Display_module.o
LOAD ./Core/Src/Exportar_component.o
LOAD ./Core/Src/FLASH_SECTOR_F4.o
LOAD ./Core/Src/HIL_INTERFACE.o
LOAD ./Core/Src/INICIAR_Component.o
LOAD ./Core/Src/IO_interface.o
LOAD ./Core/Src/LCDHW.o
LOAD ./Core/Src/LiquidCrystal.o
LOAD ./Core/Src/SDMEMORYHW.o
LOAD ./Core/Src/SD_module.o
LOAD ./Core/Src/SENSORHW.o
LOAD ./Core/Src/SubMenu.o
LOAD ./Core/Src/TimerHW.o
LOAD ./Core/Src/UARTHW.o
LOAD ./Core/Src/comunicacao.o
LOAD ./Core/Src/fatfs_sd.o
LOAD ./Core/Src/flash_v1.0.o
LOAD ./Core/Src/main.o
LOAD ./Core/Src/menu_module.o
LOAD ./Core/Src/stm32f4xx_hal_msp.o
LOAD ./Core/Src/stm32f4xx_it.o
LOAD ./Core/Src/syscalls.o
LOAD ./Core/Src/sysmem.o
LOAD ./Core/Src/system_stm32f4xx.o
LOAD ./Core/Startup/startup_stm32f411ceux.o
LOAD ./Drivers/STM32F4xx_HAL_Driver/Src/stm32f4xx_hal.o
LOAD ./Drivers/STM32F4xx_HAL_Driver/Src/stm32f4xx_hal_cortex.o
LOAD ./Drivers/STM32F4xx_HAL_Driver/Src/stm32f4xx_hal_dma.o
LOAD ./Drivers/STM32F4xx_HAL_Driver/Src/stm32f4xx_hal_dma_ex.o
LOAD ./Drivers/STM32F4xx_HAL_Driver/Src/stm32f4xx_hal_exti.o
LOAD ./Drivers/STM32F4xx_HAL_Driver/Src/stm32f4xx_hal_flash.o
LOAD ./Drivers/STM32F4xx_HAL_Driver/Src/stm32f4xx_hal_flash_ex.o
LOAD ./Drivers/STM32F4xx_HAL_Driver/Src/stm32f4xx_hal_flash_ramfunc.o
LOAD ./Drivers/STM32F4xx_HAL_Driver/Src/stm32f4xx_hal_gpio.o
LOAD ./Drivers/STM32F4xx_HAL_Driver/Src/stm32f4xx_hal_pwr.o
LOAD ./Drivers/STM32F4xx_HAL_Driver/Src/stm32f4xx_hal_pwr_ex.o
LOAD ./Drivers/STM32F4xx_HAL_Driver/Src/stm32f4xx_hal_rcc.o
LOAD ./Drivers/STM32F4xx_HAL_Driver/Src/stm32f4xx_hal_rcc_ex.o
LOAD ./Drivers/STM32F4xx_HAL_Driver/Src/stm32f4xx_hal_spi.o
LOAD ./Drivers/STM32F4xx_HAL_Driver/Src/stm32f4xx_hal_tim.o
LOAD ./Drivers/STM32F4xx_HAL_Driver/Src/stm32f4xx_hal_tim_ex.o
LOAD ./Drivers/STM32F4xx_HAL_Driver/Src/stm32f4xx_hal_uart.o
LOAD ./FATFS/App/fatfs.o
LOAD ./FATFS/Target/user_diskio.o
LOAD ./Middlewares/Third_Party/FatFs/src/diskio.o
LOAD ./Middlewares/Third_Party/FatFs/src/ff.o
LOAD ./Middlewares/Third_Party/FatFs/src/ff_gen_drv.o
LOAD ./Middlewares/Third_Party/FatFs/src/option/ccsbcs.o
LOAD ./Middlewares/Third_Party/FatFs/src/option/syscall.o
START GROUP
LOAD c:/st/stm32cubeide_1.9.0/stm32cubeide/plugins/com.st.stm32cube.ide.mcu.externaltools.gnu-tools-for-stm32.10.3-2021.10.win32_1.0.0.202111181127/tools/bin/../lib/gcc/arm-none-eabi/10.3.1/../../../../arm-none-eabi/lib/thumb/v7e-m+fp/hard\libc_nano.a
LOAD c:/st/stm32cubeide_1.9.0/stm32cubeide/plugins/com.st.stm32cube.ide.mcu.externaltools.gnu-tools-for-stm32.10.3-2021.10.win32_1.0.0.202111181127/tools/bin/../lib/gcc/arm-none-eabi/10.3.1/../../../../arm-none-eabi/lib/thumb/v7e-m+fp/hard\libm.a
END GROUP
START GROUP
LOAD c:/st/stm32cubeide_1.9.0/stm32cubeide/plugins/com.st.stm32cube.ide.mcu.externaltools.gnu-tools-for-stm32.10.3-2021.10.win32_1.0.0.202111181127/tools/bin/../lib/gcc/arm-none-eabi/10.3.1/thumb/v7e-m+fp/hard\libgcc.a
LOAD c:/st/stm32cubeide_1.9.0/stm32cubeide/plugins/com.st.stm32cube.ide.mcu.externaltools.gnu-tools-for-stm32.10.3-2021.10.win32_1.0.0.202111181127/tools/bin/../lib/gcc/arm-none-eabi/10.3.1/../../../../arm-none-eabi/lib/thumb/v7e-m+fp/hard\libc_nano.a
END GROUP
START GROUP
LOAD c:/st/stm32cubeide_1.9.0/stm32cubeide/plugins/com.st.stm32cube.ide.mcu.externaltools.gnu-tools-for-stm32.10.3-2021.10.win32_1.0.0.202111181127/tools/bin/../lib/gcc/arm-none-eabi/10.3.1/thumb/v7e-m+fp/hard\libgcc.a
LOAD c:/st/stm32cubeide_1.9.0/stm32cubeide/plugins/com.st.stm32cube.ide.mcu.externaltools.gnu-tools-for-stm32.10.3-2021.10.win32_1.0.0.202111181127/tools/bin/../lib/gcc/arm-none-eabi/10.3.1/../../../../arm-none-eabi/lib/thumb/v7e-m+fp/hard\libc_nano.a
LOAD c:/st/stm32cubeide_1.9.0/stm32cubeide/plugins/com.st.stm32cube.ide.mcu.externaltools.gnu-tools-for-stm32.10.3-2021.10.win32_1.0.0.202111181127/tools/bin/../lib/gcc/arm-none-eabi/10.3.1/../../../../arm-none-eabi/lib/thumb/v7e-m+fp/hard\libnosys.a
END GROUP
START GROUP
LOAD c:/st/stm32cubeide_1.9.0/stm32cubeide/plugins/com.st.stm32cube.ide.mcu.externaltools.gnu-tools-for-stm32.10.3-2021.10.win32_1.0.0.202111181127/tools/bin/../lib/gcc/arm-none-eabi/10.3.1/thumb/v7e-m+fp/hard\libgcc.a
LOAD c:/st/stm32cubeide_1.9.0/stm32cubeide/plugins/com.st.stm32cube.ide.mcu.externaltools.gnu-tools-for-stm32.10.3-2021.10.win32_1.0.0.202111181127/tools/bin/../lib/gcc/arm-none-eabi/10.3.1/../../../../arm-none-eabi/lib/thumb/v7e-m+fp/hard\libc_nano.a
LOAD c:/st/stm32cubeide_1.9.0/stm32cubeide/plugins/com.st.stm32cube.ide.mcu.externaltools.gnu-tools-for-stm32.10.3-2021.10.win32_1.0.0.202111181127/tools/bin/../lib/gcc/arm-none-eabi/10.3.1/../../../../arm-none-eabi/lib/thumb/v7e-m+fp/hard\libnosys.a
END GROUP
LOAD c:/st/stm32cubeide_1.9.0/stm32cubeide/plugins/com.st.stm32cube.ide.mcu.externaltools.gnu-tools-for-stm32.10.3-2021.10.win32_1.0.0.202111181127/tools/bin/../lib/gcc/arm-none-eabi/10.3.1/thumb/v7e-m+fp/hard/crtend.o
LOAD c:/st/stm32cubeide_1.9.0/stm32cubeide/plugins/com.st.stm32cube.ide.mcu.externaltools.gnu-tools-for-stm32.10.3-2021.10.win32_1.0.0.202111181127/tools/bin/../lib/gcc/arm-none-eabi/10.3.1/thumb/v7e-m+fp/hard/crtn.o
                0x0000000020020000                _estack = (ORIGIN (RAM) + LENGTH (RAM))
                0x0000000000000200                _Min_Heap_Size = 0x200
                0x0000000000000400                _Min_Stack_Size = 0x400

.isr_vector     0x0000000008000000      0x198
                0x0000000008000000                . = ALIGN (0x4)
 *(.isr_vector)
 .isr_vector    0x0000000008000000      0x198 ./Core/Startup/startup_stm32f411ceux.o
                0x0000000008000000                g_pfnVectors
                0x0000000008000198                . = ALIGN (0x4)

.text           0x00000000080001a0     0xfed0
                0x00000000080001a0                . = ALIGN (0x4)
 *(.text)
 .text          0x00000000080001a0       0x40 c:/st/stm32cubeide_1.9.0/stm32cubeide/plugins/com.st.stm32cube.ide.mcu.externaltools.gnu-tools-for-stm32.10.3-2021.10.win32_1.0.0.202111181127/tools/bin/../lib/gcc/arm-none-eabi/10.3.1/thumb/v7e-m+fp/hard/crtbegin.o
 .text          0x00000000080001e0       0x10 c:/st/stm32cubeide_1.9.0/stm32cubeide/plugins/com.st.stm32cube.ide.mcu.externaltools.gnu-tools-for-stm32.10.3-2021.10.win32_1.0.0.202111181127/tools/bin/../lib/gcc/arm-none-eabi/10.3.1/../../../../arm-none-eabi/lib/thumb/v7e-m+fp/hard\libc_nano.a(lib_a-strlen.o)
                0x00000000080001e0                strlen
 .text          0x00000000080001f0       0x14 c:/st/stm32cubeide_1.9.0/stm32cubeide/plugins/com.st.stm32cube.ide.mcu.externaltools.gnu-tools-for-stm32.10.3-2021.10.win32_1.0.0.202111181127/tools/bin/../lib/gcc/arm-none-eabi/10.3.1/../../../../arm-none-eabi/lib/thumb/v7e-m+fp/hard\libc_nano.a(lib_a-strcmp.o)
                0x00000000080001f0                strcmp
 *fill*         0x0000000008000204        0xc 
 .text          0x0000000008000210       0xa0 c:/st/stm32cubeide_1.9.0/stm32cubeide/plugins/com.st.stm32cube.ide.mcu.externaltools.gnu-tools-for-stm32.10.3-2021.10.win32_1.0.0.202111181127/tools/bin/../lib/gcc/arm-none-eabi/10.3.1/../../../../arm-none-eabi/lib/thumb/v7e-m+fp/hard\libc_nano.a(lib_a-memchr.o)
                0x0000000008000210                memchr
 .text          0x00000000080002b0      0x378 c:/st/stm32cubeide_1.9.0/stm32cubeide/plugins/com.st.stm32cube.ide.mcu.externaltools.gnu-tools-for-stm32.10.3-2021.10.win32_1.0.0.202111181127/tools/bin/../lib/gcc/arm-none-eabi/10.3.1/thumb/v7e-m+fp/hard\libgcc.a(_arm_addsubdf3.o)
                0x00000000080002b0                __aeabi_drsub
                0x00000000080002b8                __aeabi_dsub
                0x00000000080002b8                __subdf3
                0x00000000080002bc                __aeabi_dadd
                0x00000000080002bc                __adddf3
                0x0000000008000534                __floatunsidf
                0x0000000008000534                __aeabi_ui2d
                0x0000000008000554                __floatsidf
                0x0000000008000554                __aeabi_i2d
                0x0000000008000578                __aeabi_f2d
                0x0000000008000578                __extendsfdf2
                0x00000000080005bc                __floatundidf
                0x00000000080005bc                __aeabi_ul2d
                0x00000000080005cc                __floatdidf
                0x00000000080005cc                __aeabi_l2d
 .text          0x0000000008000628      0x424 c:/st/stm32cubeide_1.9.0/stm32cubeide/plugins/com.st.stm32cube.ide.mcu.externaltools.gnu-tools-for-stm32.10.3-2021.10.win32_1.0.0.202111181127/tools/bin/../lib/gcc/arm-none-eabi/10.3.1/thumb/v7e-m+fp/hard\libgcc.a(_arm_muldivdf3.o)
                0x0000000008000628                __aeabi_dmul
                0x0000000008000628                __muldf3
                0x000000000800087c                __divdf3
                0x000000000800087c                __aeabi_ddiv
 .text          0x0000000008000a4c      0x110 c:/st/stm32cubeide_1.9.0/stm32cubeide/plugins/com.st.stm32cube.ide.mcu.externaltools.gnu-tools-for-stm32.10.3-2021.10.win32_1.0.0.202111181127/tools/bin/../lib/gcc/arm-none-eabi/10.3.1/thumb/v7e-m+fp/hard\libgcc.a(_arm_cmpdf2.o)
                0x0000000008000a4c                __gtdf2
                0x0000000008000a4c                __gedf2
                0x0000000008000a54                __ltdf2
                0x0000000008000a54                __ledf2
                0x0000000008000a5c                __nedf2
                0x0000000008000a5c                __eqdf2
                0x0000000008000a5c                __cmpdf2
                0x0000000008000ad8                __aeabi_cdrcmple
                0x0000000008000ae8                __aeabi_cdcmpeq
                0x0000000008000ae8                __aeabi_cdcmple
                0x0000000008000af8                __aeabi_dcmpeq
                0x0000000008000b0c                __aeabi_dcmplt
                0x0000000008000b20                __aeabi_dcmple
                0x0000000008000b34                __aeabi_dcmpge
                0x0000000008000b48                __aeabi_dcmpgt
 .text          0x0000000008000b5c       0x2c c:/st/stm32cubeide_1.9.0/stm32cubeide/plugins/com.st.stm32cube.ide.mcu.externaltools.gnu-tools-for-stm32.10.3-2021.10.win32_1.0.0.202111181127/tools/bin/../lib/gcc/arm-none-eabi/10.3.1/thumb/v7e-m+fp/hard\libgcc.a(_arm_unorddf2.o)
                0x0000000008000b5c                __unorddf2
                0x0000000008000b5c                __aeabi_dcmpun
 .text          0x0000000008000b88       0xa0 c:/st/stm32cubeide_1.9.0/stm32cubeide/plugins/com.st.stm32cube.ide.mcu.externaltools.gnu-tools-for-stm32.10.3-2021.10.win32_1.0.0.202111181127/tools/bin/../lib/gcc/arm-none-eabi/10.3.1/thumb/v7e-m+fp/hard\libgcc.a(_arm_truncdfsf2.o)
                0x0000000008000b88                __truncdfsf2
                0x0000000008000b88                __aeabi_d2f
 .text          0x0000000008000c28       0x30 c:/st/stm32cubeide_1.9.0/stm32cubeide/plugins/com.st.stm32cube.ide.mcu.externaltools.gnu-tools-for-stm32.10.3-2021.10.win32_1.0.0.202111181127/tools/bin/../lib/gcc/arm-none-eabi/10.3.1/thumb/v7e-m+fp/hard\libgcc.a(_aeabi_uldivmod.o)
                0x0000000008000c28                __aeabi_uldivmod
 .text          0x0000000008000c58      0x2d0 c:/st/stm32cubeide_1.9.0/stm32cubeide/plugins/com.st.stm32cube.ide.mcu.externaltools.gnu-tools-for-stm32.10.3-2021.10.win32_1.0.0.202111181127/tools/bin/../lib/gcc/arm-none-eabi/10.3.1/thumb/v7e-m+fp/hard\libgcc.a(_udivmoddi4.o)
                0x0000000008000c58                __udivmoddi4
 .text          0x0000000008000f28        0x4 c:/st/stm32cubeide_1.9.0/stm32cubeide/plugins/com.st.stm32cube.ide.mcu.externaltools.gnu-tools-for-stm32.10.3-2021.10.win32_1.0.0.202111181127/tools/bin/../lib/gcc/arm-none-eabi/10.3.1/thumb/v7e-m+fp/hard\libgcc.a(_dvmd_tls.o)
                0x0000000008000f28                __aeabi_idiv0
                0x0000000008000f28                __aeabi_ldiv0
 *(.text*)
 .text.eraseStateMachine
                0x0000000008000f2c      0x15c ./Core/Src/Apagar_component.o
                0x0000000008000f2c                eraseStateMachine
 .text.configStateMachine
                0x0000000008001088      0xc14 ./Core/Src/Configuracao_component.o
                0x0000000008001088                configStateMachine
 .text.consultStateMachine
                0x0000000008001c9c      0x3a8 ./Core/Src/Consulta_component.o
                0x0000000008001c9c                consultStateMachine
 .text.getUserTime
                0x0000000008002044       0x18 ./Core/Src/Data.o
                0x0000000008002044                getUserTime
 .text.getUserNumSaltos
                0x000000000800205c       0x18 ./Core/Src/Data.o
                0x000000000800205c                getUserNumSaltos
 .text.getUserIntervalSaltos
                0x0000000008002074       0x18 ./Core/Src/Data.o
                0x0000000008002074                getUserIntervalSaltos
 .text.getUserNumSeries
                0x000000000800208c       0x18 ./Core/Src/Data.o
                0x000000000800208c                getUserNumSeries
 .text.getUserIntervalSeries
                0x00000000080020a4       0x18 ./Core/Src/Data.o
                0x00000000080020a4                getUserIntervalSeries
 .text.getUserSelectTapete
                0x00000000080020bc       0x18 ./Core/Src/Data.o
                0x00000000080020bc                getUserSelectTapete
 .text.getTimeStruct
                0x00000000080020d4       0x18 ./Core/Src/Data.o
                0x00000000080020d4                getTimeStruct
 .text.getIntervalSaltosTimeStruct
                0x00000000080020ec       0x18 ./Core/Src/Data.o
                0x00000000080020ec                getIntervalSaltosTimeStruct
 .text.getintervalSeriesTimeStruct
                0x0000000008002104       0x18 ./Core/Src/Data.o
                0x0000000008002104                getintervalSeriesTimeStruct
 .text.getMassArray
                0x000000000800211c       0x14 ./Core/Src/Data.o
                0x000000000800211c                getMassArray
 .text.getOverMassArray
                0x0000000008002130       0x14 ./Core/Src/Data.o
                0x0000000008002130                getOverMassArray
 .text.getAltMinArray
                0x0000000008002144       0x14 ./Core/Src/Data.o
                0x0000000008002144                getAltMinArray
 .text.getAltMaxArray
                0x0000000008002158       0x14 ./Core/Src/Data.o
                0x0000000008002158                getAltMaxArray
 .text.getNumSaltosArray
                0x000000000800216c       0x14 ./Core/Src/Data.o
                0x000000000800216c                getNumSaltosArray
 .text.getTypeJumpArray
                0x0000000008002180       0x14 ./Core/Src/Data.o
                0x0000000008002180                getTypeJumpArray
 .text.getAltDJArray
                0x0000000008002194       0x14 ./Core/Src/Data.o
                0x0000000008002194                getAltDJArray
 .text.getNumSeriesArray
                0x00000000080021a8       0x14 ./Core/Src/Data.o
                0x00000000080021a8                getNumSeriesArray
 .text.getNumTestArray
                0x00000000080021bc       0x14 ./Core/Src/Data.o
                0x00000000080021bc                getNumTestArray
 .text.getEraseTestArray
                0x00000000080021d0       0x14 ./Core/Src/Data.o
                0x00000000080021d0                getEraseTestArray
 .text.getUserConfigStruct
                0x00000000080021e4       0x14 ./Core/Src/Data.o
                0x00000000080021e4                getUserConfigStruct
 .text.getTimeAltMin
                0x00000000080021f8       0x18 ./Core/Src/Data.o
                0x00000000080021f8                getTimeAltMin
 .text.getTimeAltMax
                0x0000000008002210       0x18 ./Core/Src/Data.o
                0x0000000008002210                getTimeAltMax
 .text.setUserInputConfigData
                0x0000000008002228       0xa8 ./Core/Src/Data.o
                0x0000000008002228                setUserInputConfigData
 .text.getUserResultData
                0x00000000080022d0       0x2c ./Core/Src/Data.o
                0x00000000080022d0                getUserResultData
 .text.getResultTestNumber
                0x00000000080022fc       0x18 ./Core/Src/Data.o
                0x00000000080022fc                getResultTestNumber
 .text.setResultTestNumber
                0x0000000008002314       0x20 ./Core/Src/Data.o
                0x0000000008002314                setResultTestNumber
 .text.setUserResultData
                0x0000000008002334      0x174 ./Core/Src/Data.o
                0x0000000008002334                setUserResultData
 .text.resetConfigStruct
                0x00000000080024a8       0x7c ./Core/Src/Data.o
                0x00000000080024a8                resetConfigStruct
 .text.resetMyResults
                0x0000000008002524       0xe8 ./Core/Src/Data.o
                0x0000000008002524                resetMyResults
 .text.indexColumn
                0x000000000800260c       0x78 ./Core/Src/DataProcessing.o
                0x000000000800260c                indexColumn
 .text.milisecondsTime
                0x0000000008002684       0x58 ./Core/Src/DataProcessing.o
                0x0000000008002684                milisecondsTime
 .text.stringToInt
                0x00000000080026dc       0x24 ./Core/Src/DataProcessing.o
                0x00000000080026dc                stringToInt
 .text.stringLenght
                0x0000000008002700       0x38 ./Core/Src/DataProcessing.o
                0x0000000008002700                stringLenght
 .text.indexMass
                0x0000000008002738       0x54 ./Core/Src/DataProcessing.o
                0x0000000008002738                indexMass
 .text.indexChange
                0x000000000800278c       0x3e ./Core/Src/DataProcessing.o
                0x000000000800278c                indexChange
 *fill*         0x00000000080027ca        0x2 
 .text.getAltMinString
                0x00000000080027cc       0x40 ./Core/Src/DataProcessing.o
                0x00000000080027cc                getAltMinString
 .text.getAltMaxString
                0x000000000800280c       0x40 ./Core/Src/DataProcessing.o
                0x000000000800280c                getAltMaxString
 .text.getNumSaltosString
                0x000000000800284c       0x40 ./Core/Src/DataProcessing.o
                0x000000000800284c                getNumSaltosString
 .text.getTypeJumpString
                0x000000000800288c       0x2c ./Core/Src/DataProcessing.o
                0x000000000800288c                getTypeJumpString
 .text.getAltDJString
                0x00000000080028b8       0x34 ./Core/Src/DataProcessing.o
                0x00000000080028b8                getAltDJString
 .text.getNumSeriesString
                0x00000000080028ec       0x40 ./Core/Src/DataProcessing.o
                0x00000000080028ec                getNumSeriesString
 .text.getMassString
                0x000000000800292c       0x4c ./Core/Src/DataProcessing.o
                0x000000000800292c                getMassString
 .text.getOverMassString
                0x0000000008002978       0x4c ./Core/Src/DataProcessing.o
                0x0000000008002978                getOverMassString
 .text.getNumTestString
                0x00000000080029c4       0x40 ./Core/Src/DataProcessing.o
                0x00000000080029c4                getNumTestString
 .text.getEraseTestString
                0x0000000008002a04       0x30 ./Core/Src/DataProcessing.o
                0x0000000008002a04                getEraseTestString
 .text.param_1_toString
                0x0000000008002a34       0x28 ./Core/Src/DataProcessing.o
                0x0000000008002a34                param_1_toString
 .text.param_2_toString
                0x0000000008002a5c       0x28 ./Core/Src/DataProcessing.o
                0x0000000008002a5c                param_2_toString
 .text.setUserAltMin
                0x0000000008002a84       0x48 ./Core/Src/DataProcessing.o
                0x0000000008002a84                setUserAltMin
 .text.setUserErase
                0x0000000008002acc       0x4a ./Core/Src/DataProcessing.o
                0x0000000008002acc                setUserErase
 .text.setUserAltMax
                0x0000000008002b16       0x48 ./Core/Src/DataProcessing.o
                0x0000000008002b16                setUserAltMax
 .text.setUserNumSaltos
                0x0000000008002b5e       0x48 ./Core/Src/DataProcessing.o
                0x0000000008002b5e                setUserNumSaltos
 .text.setUserTypeJump
                0x0000000008002ba6       0x48 ./Core/Src/DataProcessing.o
                0x0000000008002ba6                setUserTypeJump
 .text.setUserAltDJ
                0x0000000008002bee       0x48 ./Core/Src/DataProcessing.o
                0x0000000008002bee                setUserAltDJ
 .text.setUserNumSeries
                0x0000000008002c36       0x48 ./Core/Src/DataProcessing.o
                0x0000000008002c36                setUserNumSeries
 .text.setUserMass
                0x0000000008002c7e       0x48 ./Core/Src/DataProcessing.o
                0x0000000008002c7e                setUserMass
 .text.setUserOverMass
                0x0000000008002cc6       0x48 ./Core/Src/DataProcessing.o
                0x0000000008002cc6                setUserOverMass
 .text.setUserNumTest
                0x0000000008002d0e       0x48 ./Core/Src/DataProcessing.o
                0x0000000008002d0e                setUserNumTest
 *fill*         0x0000000008002d56        0x2 
 .text.setUserIntervalSaltosTime
                0x0000000008002d58       0xbc ./Core/Src/DataProcessing.o
                0x0000000008002d58                setUserIntervalSaltosTime
 .text.setUserIntervalSeriesTime
                0x0000000008002e14       0xbc ./Core/Src/DataProcessing.o
                0x0000000008002e14                setUserIntervalSeriesTime
 .text.setUserTime
                0x0000000008002ed0      0x100 ./Core/Src/DataProcessing.o
                0x0000000008002ed0                setUserTime
 .text.alturaToTempo
                0x0000000008002fd0       0x7c ./Core/Src/DataProcessing.o
                0x0000000008002fd0                alturaToTempo
 .text.updateUserMsg
                0x000000000800304c       0x36 ./Core/Src/Display_module.o
                0x000000000800304c                updateUserMsg
 .text.readyUserInterface
                0x0000000008003082       0x20 ./Core/Src/Display_module.o
                0x0000000008003082                readyUserInterface
 .text.statusUserInterface
                0x00000000080030a2       0x1c ./Core/Src/Display_module.o
                0x00000000080030a2                statusUserInterface
 *fill*         0x00000000080030be        0x2 
 .text.exportStateMachine
                0x00000000080030c0      0x344 ./Core/Src/Exportar_component.o
                0x00000000080030c0                exportStateMachine
 .text.initStateMachine
                0x0000000008003404      0xa50 ./Core/Src/INICIAR_Component.o
                0x0000000008003404                initStateMachine
 .text.startTM2
                0x0000000008003e54        0xc ./Core/Src/IO_interface.o
                0x0000000008003e54                startTM2
 .text.stopTM2  0x0000000008003e60        0xc ./Core/Src/IO_interface.o
                0x0000000008003e60                stopTM2
 .text.startTM3
                0x0000000008003e6c        0xc ./Core/Src/IO_interface.o
                0x0000000008003e6c                startTM3
 .text.stopTM3  0x0000000008003e78        0xc ./Core/Src/IO_interface.o
                0x0000000008003e78                stopTM3
 .text.eraseDataDisplay
                0x0000000008003e84        0xc ./Core/Src/IO_interface.o
                0x0000000008003e84                eraseDataDisplay
 .text.homeDataDisplay
                0x0000000008003e90       0x1e ./Core/Src/IO_interface.o
                0x0000000008003e90                homeDataDisplay
 .text.save_SD_card
                0x0000000008003eae       0x2e ./Core/Src/IO_interface.o
                0x0000000008003eae                save_SD_card
 .text.startCOMM
                0x0000000008003edc       0x1c ./Core/Src/IO_interface.o
                0x0000000008003edc                startCOMM
 .text.stopCOMM
                0x0000000008003ef8       0x1c ./Core/Src/IO_interface.o
                0x0000000008003ef8                stopCOMM
 .text.HW_PRINT_DATA
                0x0000000008003f14       0x34 ./Core/Src/LCDHW.o
                0x0000000008003f14                HW_PRINT_DATA
 .text.HW_ERASE_DATA
                0x0000000008003f48       0x14 ./Core/Src/LCDHW.o
                0x0000000008003f48                HW_ERASE_DATA
 .text.HW_UPDATE_DATA
                0x0000000008003f5c       0x3c ./Core/Src/LCDHW.o
                0x0000000008003f5c                HW_UPDATE_DATA
 .text.HW_HOME_DISP
                0x0000000008003f98       0x60 ./Core/Src/LCDHW.o
                0x0000000008003f98                HW_HOME_DISP
 .text.begin    0x0000000008003ff8      0x1f4 ./Core/Src/LiquidCrystal.o
                0x0000000008003ff8                begin
 .text.print    0x00000000080041ec       0x42 ./Core/Src/LiquidCrystal.o
                0x00000000080041ec                print
 .text.clear    0x000000000800422e       0x1e ./Core/Src/LiquidCrystal.o
                0x000000000800422e                clear
 .text.display  0x000000000800424c       0x30 ./Core/Src/LiquidCrystal.o
                0x000000000800424c                display
 .text.noCursor
                0x000000000800427c       0x30 ./Core/Src/LiquidCrystal.o
                0x000000000800427c                noCursor
 .text.cursor   0x00000000080042ac       0x30 ./Core/Src/LiquidCrystal.o
                0x00000000080042ac                cursor
 .text.write    0x00000000080042dc       0x20 ./Core/Src/LiquidCrystal.o
                0x00000000080042dc                write
 .text.send     0x00000000080042fc       0x64 ./Core/Src/LiquidCrystal.o
                0x00000000080042fc                send
 .text.pulseEnable
                0x0000000008004360       0x2c ./Core/Src/LiquidCrystal.o
                0x0000000008004360                pulseEnable
 .text.write4bits
                0x000000000800438c       0x78 ./Core/Src/LiquidCrystal.o
                0x000000000800438c                write4bits
 .text.write8bits
                0x0000000008004404       0xd4 ./Core/Src/LiquidCrystal.o
                0x0000000008004404                write8bits
 .text.command  0x00000000080044d8       0x20 ./Core/Src/LiquidCrystal.o
                0x00000000080044d8                command
 .text.setRowOffsets
                0x00000000080044f8       0x3a ./Core/Src/LiquidCrystal.o
                0x00000000080044f8                setRowOffsets
 .text.setCursor
                0x0000000008004532       0x5e ./Core/Src/LiquidCrystal.o
                0x0000000008004532                setCursor
 .text.HW_EXT_MEMORY_WRITE
                0x0000000008004590      0x170 ./Core/Src/SDMEMORYHW.o
                0x0000000008004590                HW_EXT_MEMORY_WRITE
 .text.getArqName
                0x0000000008004700       0x28 ./Core/Src/SD_module.o
                0x0000000008004700                getArqName
 .text.readingSensor
                0x0000000008004728      0x518 ./Core/Src/SENSORHW.o
                0x0000000008004728                readingSensor
 .text.calcAltura
                0x0000000008004c40       0x58 ./Core/Src/SENSORHW.o
                0x0000000008004c40                calcAltura
 .text.calcPotencia
                0x0000000008004c98       0x80 ./Core/Src/SENSORHW.o
                0x0000000008004c98                calcPotencia
 .text.getNextSub
                0x0000000008004d18       0x24 ./Core/Src/SubMenu.o
                0x0000000008004d18                getNextSub
 .text.setInsertData
                0x0000000008004d3c       0x1c ./Core/Src/SubMenu.o
                0x0000000008004d3c                setInsertData
 .text.SET_HW_TIMER2
                0x0000000008004d58       0x44 ./Core/Src/TimerHW.o
                0x0000000008004d58                SET_HW_TIMER2
 .text.RESET_HW_TIMER2
                0x0000000008004d9c       0x3c ./Core/Src/TimerHW.o
                0x0000000008004d9c                RESET_HW_TIMER2
 .text.SET_HW_TIMER3
                0x0000000008004dd8       0x44 ./Core/Src/TimerHW.o
                0x0000000008004dd8                SET_HW_TIMER3
 .text.RESET_HW_TIMER3
                0x0000000008004e1c       0x38 ./Core/Src/TimerHW.o
                0x0000000008004e1c                RESET_HW_TIMER3
 .text.SET_HW_UART
                0x0000000008004e54       0x2a ./Core/Src/UARTHW.o
                0x0000000008004e54                SET_HW_UART
 .text.RESET_HW_UART
                0x0000000008004e7e       0x2a ./Core/Src/UARTHW.o
                0x0000000008004e7e                RESET_HW_UART
 .text.SELECT   0x0000000008004ea8       0x18 ./Core/Src/fatfs_sd.o
 .text.DESELECT
                0x0000000008004ec0       0x18 ./Core/Src/fatfs_sd.o
 .text.SPI_TxByte
                0x0000000008004ed8       0x34 ./Core/Src/fatfs_sd.o
 .text.SPI_RxByte
                0x0000000008004f0c       0x3c ./Core/Src/fatfs_sd.o
 .text.SPI_RxBytePtr
                0x0000000008004f48       0x1c ./Core/Src/fatfs_sd.o
 .text.SD_ReadyWait
                0x0000000008004f64       0x38 ./Core/Src/fatfs_sd.o
 .text.SD_PowerOn
                0x0000000008004f9c       0x98 ./Core/Src/fatfs_sd.o
 .text.SD_PowerOff
                0x0000000008005034       0x18 ./Core/Src/fatfs_sd.o
 .text.SD_CheckPower
                0x000000000800504c       0x18 ./Core/Src/fatfs_sd.o
 .text.SD_RxDataBlock
                0x0000000008005064       0x6c ./Core/Src/fatfs_sd.o
 .text.SD_TxDataBlock
                0x00000000080050d0       0xa8 ./Core/Src/fatfs_sd.o
 .text.SD_SendCmd
                0x0000000008005178       0xa4 ./Core/Src/fatfs_sd.o
 .text.SD_disk_initialize
                0x000000000800521c      0x1d4 ./Core/Src/fatfs_sd.o
                0x000000000800521c                SD_disk_initialize
 .text.SD_disk_status
                0x00000000080053f0       0x2c ./Core/Src/fatfs_sd.o
                0x00000000080053f0                SD_disk_status
 .text.SD_disk_read
                0x000000000800541c       0xd4 ./Core/Src/fatfs_sd.o
                0x000000000800541c                SD_disk_read
 .text.SD_disk_write
                0x00000000080054f0      0x108 ./Core/Src/fatfs_sd.o
                0x00000000080054f0                SD_disk_write
 .text.SD_disk_ioctl
                0x00000000080055f8      0x264 ./Core/Src/fatfs_sd.o
                0x00000000080055f8                SD_disk_ioctl
 .text.getTotalTime
                0x000000000800585c       0x14 ./Core/Src/main.o
                0x000000000800585c                getTotalTime
 .text.getTimeVoo
                0x0000000008005870       0x14 ./Core/Src/main.o
                0x0000000008005870                getTimeVoo
 .text.getTimeSolo
                0x0000000008005884       0x14 ./Core/Src/main.o
                0x0000000008005884                getTimeSolo
 .text.resetSamplesCount
                0x0000000008005898       0x1c ./Core/Src/main.o
                0x0000000008005898                resetSamplesCount
 .text.getSamplesCount
                0x00000000080058b4       0x14 ./Core/Src/main.o
                0x00000000080058b4                getSamplesCount
 .text.resetTimer3Variable
                0x00000000080058c8       0x18 ./Core/Src/main.o
                0x00000000080058c8                resetTimer3Variable
 .text.getKeyPressed
                0x00000000080058e0       0x18 ./Core/Src/main.o
                0x00000000080058e0                getKeyPressed
 .text.resetKeyPressed
                0x00000000080058f8       0x18 ./Core/Src/main.o
                0x00000000080058f8                resetKeyPressed
 .text.getUARTInstance
                0x0000000008005910       0x14 ./Core/Src/main.o
                0x0000000008005910                getUARTInstance
 .text.getTimer2Instance
                0x0000000008005924       0x14 ./Core/Src/main.o
                0x0000000008005924                getTimer2Instance
 .text.getTimer3Instance
                0x0000000008005938       0x14 ./Core/Src/main.o
                0x0000000008005938                getTimer3Instance
 .text.getSensorFlag
                0x000000000800594c       0x14 ./Core/Src/main.o
                0x000000000800594c                getSensorFlag
 .text.getTimer3Variable
                0x0000000008005960       0x14 ./Core/Src/main.o
                0x0000000008005960                getTimer3Variable
 .text.main     0x0000000008005974      0x3b0 ./Core/Src/main.o
                0x0000000008005974                main
 .text.SystemClock_Config
                0x0000000008005d24       0xd0 ./Core/Src/main.o
                0x0000000008005d24                SystemClock_Config
 .text.MX_SPI1_Init
                0x0000000008005df4       0x6c ./Core/Src/main.o
 .text.MX_TIM2_Init
                0x0000000008005e60       0xa8 ./Core/Src/main.o
 .text.MX_TIM3_Init
                0x0000000008005f08       0x9c ./Core/Src/main.o
 .text.MX_USART2_UART_Init
                0x0000000008005fa4       0x54 ./Core/Src/main.o
 .text.MX_DMA_Init
                0x0000000008005ff8       0x40 ./Core/Src/main.o
 .text.MX_GPIO_Init
                0x0000000008006038      0x190 ./Core/Src/main.o
 .text.HAL_TIM_PeriodElapsedCallback
                0x00000000080061c8       0x60 ./Core/Src/main.o
                0x00000000080061c8                HAL_TIM_PeriodElapsedCallback
 .text.HAL_UARTEx_RxEventCallback
                0x0000000008006228       0x8c ./Core/Src/main.o
                0x0000000008006228                HAL_UARTEx_RxEventCallback
 .text.HAL_TIM_IC_CaptureCallback
                0x00000000080062b4       0x5c ./Core/Src/main.o
                0x00000000080062b4                HAL_TIM_IC_CaptureCallback
 .text.HAL_GPIO_EXTI_Callback
                0x0000000008006310       0x68 ./Core/Src/main.o
                0x0000000008006310                HAL_GPIO_EXTI_Callback
 .text.Error_Handler
                0x0000000008006378        0xa ./Core/Src/main.o
                0x0000000008006378                Error_Handler
 *fill*         0x0000000008006382        0x2 
 .text.getNextMain
                0x0000000008006384       0x24 ./Core/Src/menu_module.o
                0x0000000008006384                getNextMain
 .text.HAL_MspInit
                0x00000000080063a8       0x50 ./Core/Src/stm32f4xx_hal_msp.o
                0x00000000080063a8                HAL_MspInit
 .text.HAL_SPI_MspInit
                0x00000000080063f8       0x90 ./Core/Src/stm32f4xx_hal_msp.o
                0x00000000080063f8                HAL_SPI_MspInit
 .text.HAL_TIM_Encoder_MspInit
                0x0000000008006488       0x9c ./Core/Src/stm32f4xx_hal_msp.o
                0x0000000008006488                HAL_TIM_Encoder_MspInit
 .text.HAL_TIM_Base_MspInit
                0x0000000008006524       0x50 ./Core/Src/stm32f4xx_hal_msp.o
                0x0000000008006524                HAL_TIM_Base_MspInit
 .text.HAL_UART_MspInit
                0x0000000008006574      0x104 ./Core/Src/stm32f4xx_hal_msp.o
                0x0000000008006574                HAL_UART_MspInit
 .text.SDTimerHandler
                0x0000000008006678       0x48 ./Core/Src/stm32f4xx_it.o
                0x0000000008006678                SDTimerHandler
 .text.NMI_Handler
                0x00000000080066c0        0x6 ./Core/Src/stm32f4xx_it.o
                0x00000000080066c0                NMI_Handler
 .text.HardFault_Handler
                0x00000000080066c6        0x6 ./Core/Src/stm32f4xx_it.o
                0x00000000080066c6                HardFault_Handler
 .text.MemManage_Handler
                0x00000000080066cc        0x6 ./Core/Src/stm32f4xx_it.o
                0x00000000080066cc                MemManage_Handler
 .text.BusFault_Handler
                0x00000000080066d2        0x6 ./Core/Src/stm32f4xx_it.o
                0x00000000080066d2                BusFault_Handler
 .text.UsageFault_Handler
                0x00000000080066d8        0x6 ./Core/Src/stm32f4xx_it.o
                0x00000000080066d8                UsageFault_Handler
 .text.SVC_Handler
                0x00000000080066de        0xe ./Core/Src/stm32f4xx_it.o
                0x00000000080066de                SVC_Handler
 .text.DebugMon_Handler
                0x00000000080066ec        0xe ./Core/Src/stm32f4xx_it.o
                0x00000000080066ec                DebugMon_Handler
 .text.PendSV_Handler
                0x00000000080066fa        0xe ./Core/Src/stm32f4xx_it.o
                0x00000000080066fa                PendSV_Handler
 .text.SysTick_Handler
                0x0000000008006708       0x34 ./Core/Src/stm32f4xx_it.o
                0x0000000008006708                SysTick_Handler
 .text.EXTI4_IRQHandler
                0x000000000800673c        0xe ./Core/Src/stm32f4xx_it.o
                0x000000000800673c                EXTI4_IRQHandler
 *fill*         0x000000000800674a        0x2 
 .text.DMA1_Stream5_IRQHandler
                0x000000000800674c       0x14 ./Core/Src/stm32f4xx_it.o
                0x000000000800674c                DMA1_Stream5_IRQHandler
 .text.EXTI9_5_IRQHandler
                0x0000000008006760       0x22 ./Core/Src/stm32f4xx_it.o
                0x0000000008006760                EXTI9_5_IRQHandler
 *fill*         0x0000000008006782        0x2 
 .text.TIM2_IRQHandler
                0x0000000008006784       0x14 ./Core/Src/stm32f4xx_it.o
                0x0000000008006784                TIM2_IRQHandler
 .text.TIM3_IRQHandler
                0x0000000008006798       0x14 ./Core/Src/stm32f4xx_it.o
                0x0000000008006798                TIM3_IRQHandler
 .text.USART2_IRQHandler
                0x00000000080067ac       0x14 ./Core/Src/stm32f4xx_it.o
                0x00000000080067ac                USART2_IRQHandler
 .text._sbrk    0x00000000080067c0       0x6c ./Core/Src/sysmem.o
                0x00000000080067c0                _sbrk
 .text.SystemInit
                0x000000000800682c       0x24 ./Core/Src/system_stm32f4xx.o
                0x000000000800682c                SystemInit
 .text.Reset_Handler
                0x0000000008006850       0x50 ./Core/Startup/startup_stm32f411ceux.o
                0x0000000008006850                Reset_Handler
 .text.Default_Handler
                0x00000000080068a0        0x2 ./Core/Startup/startup_stm32f411ceux.o
                0x00000000080068a0                RTC_Alarm_IRQHandler
                0x00000000080068a0                EXTI2_IRQHandler
                0x00000000080068a0                SPI4_IRQHandler
                0x00000000080068a0                TIM1_CC_IRQHandler
                0x00000000080068a0                DMA2_Stream5_IRQHandler
                0x00000000080068a0                PVD_IRQHandler
                0x00000000080068a0                SDIO_IRQHandler
                0x00000000080068a0                TAMP_STAMP_IRQHandler
                0x00000000080068a0                EXTI3_IRQHandler
                0x00000000080068a0                TIM1_UP_TIM10_IRQHandler
                0x00000000080068a0                I2C3_ER_IRQHandler
                0x00000000080068a0                EXTI0_IRQHandler
                0x00000000080068a0                I2C2_EV_IRQHandler
                0x00000000080068a0                DMA1_Stream2_IRQHandler
                0x00000000080068a0                FPU_IRQHandler
                0x00000000080068a0                DMA2_Stream2_IRQHandler
                0x00000000080068a0                SPI1_IRQHandler
                0x00000000080068a0                TIM1_BRK_TIM9_IRQHandler
                0x00000000080068a0                DMA2_Stream3_IRQHandler
                0x00000000080068a0                USART6_IRQHandler
                0x00000000080068a0                DMA2_Stream0_IRQHandler
                0x00000000080068a0                TIM4_IRQHandler
                0x00000000080068a0                I2C1_EV_IRQHandler
                0x00000000080068a0                DMA1_Stream6_IRQHandler
                0x00000000080068a0                DMA1_Stream1_IRQHandler
                0x00000000080068a0                RCC_IRQHandler
                0x00000000080068a0                Default_Handler
                0x00000000080068a0                EXTI15_10_IRQHandler
                0x00000000080068a0                ADC_IRQHandler
                0x00000000080068a0                DMA1_Stream7_IRQHandler
                0x00000000080068a0                SPI5_IRQHandler
                0x00000000080068a0                TIM5_IRQHandler
                0x00000000080068a0                DMA2_Stream7_IRQHandler
                0x00000000080068a0                I2C3_EV_IRQHandler
                0x00000000080068a0                RTC_WKUP_IRQHandler
                0x00000000080068a0                SPI2_IRQHandler
                0x00000000080068a0                DMA1_Stream0_IRQHandler
                0x00000000080068a0                WWDG_IRQHandler
                0x00000000080068a0                OTG_FS_WKUP_IRQHandler
                0x00000000080068a0                TIM1_TRG_COM_TIM11_IRQHandler
                0x00000000080068a0                EXTI1_IRQHandler
                0x00000000080068a0                I2C2_ER_IRQHandler
                0x00000000080068a0                DMA2_Stream1_IRQHandler
                0x00000000080068a0                FLASH_IRQHandler
                0x00000000080068a0                DMA2_Stream4_IRQHandler
                0x00000000080068a0                USART1_IRQHandler
                0x00000000080068a0                OTG_FS_IRQHandler
                0x00000000080068a0                SPI3_IRQHandler
                0x00000000080068a0                DMA1_Stream4_IRQHandler
                0x00000000080068a0                I2C1_ER_IRQHandler
                0x00000000080068a0                DMA2_Stream6_IRQHandler
                0x00000000080068a0                DMA1_Stream3_IRQHandler
 *fill*         0x00000000080068a2        0x2 
 .text.HAL_Init
                0x00000000080068a4       0x44 ./Drivers/STM32F4xx_HAL_Driver/Src/stm32f4xx_hal.o
                0x00000000080068a4                HAL_Init
 .text.HAL_InitTick
                0x00000000080068e8       0x60 ./Drivers/STM32F4xx_HAL_Driver/Src/stm32f4xx_hal.o
                0x00000000080068e8                HAL_InitTick
 .text.HAL_IncTick
                0x0000000008006948       0x28 ./Drivers/STM32F4xx_HAL_Driver/Src/stm32f4xx_hal.o
                0x0000000008006948                HAL_IncTick
 .text.HAL_GetTick
                0x0000000008006970       0x18 ./Drivers/STM32F4xx_HAL_Driver/Src/stm32f4xx_hal.o
                0x0000000008006970                HAL_GetTick
 .text.HAL_Delay
                0x0000000008006988       0x48 ./Drivers/STM32F4xx_HAL_Driver/Src/stm32f4xx_hal.o
                0x0000000008006988                HAL_Delay
 .text.__NVIC_SetPriorityGrouping
                0x00000000080069d0       0x48 ./Drivers/STM32F4xx_HAL_Driver/Src/stm32f4xx_hal_cortex.o
 .text.__NVIC_GetPriorityGrouping
                0x0000000008006a18       0x1c ./Drivers/STM32F4xx_HAL_Driver/Src/stm32f4xx_hal_cortex.o
 .text.__NVIC_EnableIRQ
                0x0000000008006a34       0x3c ./Drivers/STM32F4xx_HAL_Driver/Src/stm32f4xx_hal_cortex.o
 .text.__NVIC_SetPriority
                0x0000000008006a70       0x54 ./Drivers/STM32F4xx_HAL_Driver/Src/stm32f4xx_hal_cortex.o
 .text.NVIC_EncodePriority
                0x0000000008006ac4       0x66 ./Drivers/STM32F4xx_HAL_Driver/Src/stm32f4xx_hal_cortex.o
 *fill*         0x0000000008006b2a        0x2 
 .text.SysTick_Config
                0x0000000008006b2c       0x44 ./Drivers/STM32F4xx_HAL_Driver/Src/stm32f4xx_hal_cortex.o
 .text.HAL_NVIC_SetPriorityGrouping
                0x0000000008006b70       0x16 ./Drivers/STM32F4xx_HAL_Driver/Src/stm32f4xx_hal_cortex.o
                0x0000000008006b70                HAL_NVIC_SetPriorityGrouping
 .text.HAL_NVIC_SetPriority
                0x0000000008006b86       0x38 ./Drivers/STM32F4xx_HAL_Driver/Src/stm32f4xx_hal_cortex.o
                0x0000000008006b86                HAL_NVIC_SetPriority
 .text.HAL_NVIC_EnableIRQ
                0x0000000008006bbe       0x1c ./Drivers/STM32F4xx_HAL_Driver/Src/stm32f4xx_hal_cortex.o
                0x0000000008006bbe                HAL_NVIC_EnableIRQ
 .text.HAL_SYSTICK_Config
                0x0000000008006bda       0x18 ./Drivers/STM32F4xx_HAL_Driver/Src/stm32f4xx_hal_cortex.o
                0x0000000008006bda                HAL_SYSTICK_Config
 *fill*         0x0000000008006bf2        0x2 
 .text.HAL_DMA_Init
                0x0000000008006bf4      0x15c ./Drivers/STM32F4xx_HAL_Driver/Src/stm32f4xx_hal_dma.o
                0x0000000008006bf4                HAL_DMA_Init
 .text.HAL_DMA_Start_IT
                0x0000000008006d50       0xb0 ./Drivers/STM32F4xx_HAL_Driver/Src/stm32f4xx_hal_dma.o
                0x0000000008006d50                HAL_DMA_Start_IT
 .text.HAL_DMA_Abort
                0x0000000008006e00       0xe0 ./Drivers/STM32F4xx_HAL_Driver/Src/stm32f4xx_hal_dma.o
                0x0000000008006e00                HAL_DMA_Abort
 .text.HAL_DMA_Abort_IT
                0x0000000008006ee0       0x44 ./Drivers/STM32F4xx_HAL_Driver/Src/stm32f4xx_hal_dma.o
                0x0000000008006ee0                HAL_DMA_Abort_IT
 .text.HAL_DMA_IRQHandler
                0x0000000008006f24      0x314 ./Drivers/STM32F4xx_HAL_Driver/Src/stm32f4xx_hal_dma.o
                0x0000000008006f24                HAL_DMA_IRQHandler
 .text.DMA_SetConfig
                0x0000000008007238       0x5c ./Drivers/STM32F4xx_HAL_Driver/Src/stm32f4xx_hal_dma.o
 .text.DMA_CalcBaseAndBitshift
                0x0000000008007294       0x6c ./Drivers/STM32F4xx_HAL_Driver/Src/stm32f4xx_hal_dma.o
 .text.DMA_CheckFifoParam
                0x0000000008007300       0xf8 ./Drivers/STM32F4xx_HAL_Driver/Src/stm32f4xx_hal_dma.o
 .text.HAL_GPIO_Init
                0x00000000080073f8      0x308 ./Drivers/STM32F4xx_HAL_Driver/Src/stm32f4xx_hal_gpio.o
                0x00000000080073f8                HAL_GPIO_Init
 .text.HAL_GPIO_WritePin
                0x0000000008007700       0x32 ./Drivers/STM32F4xx_HAL_Driver/Src/stm32f4xx_hal_gpio.o
                0x0000000008007700                HAL_GPIO_WritePin
 .text.HAL_GPIO_TogglePin
                0x0000000008007732       0x34 ./Drivers/STM32F4xx_HAL_Driver/Src/stm32f4xx_hal_gpio.o
                0x0000000008007732                HAL_GPIO_TogglePin
 *fill*         0x0000000008007766        0x2 
 .text.HAL_GPIO_EXTI_IRQHandler
                0x0000000008007768       0x30 ./Drivers/STM32F4xx_HAL_Driver/Src/stm32f4xx_hal_gpio.o
                0x0000000008007768                HAL_GPIO_EXTI_IRQHandler
 .text.HAL_RCC_OscConfig
                0x0000000008007798      0x4f0 ./Drivers/STM32F4xx_HAL_Driver/Src/stm32f4xx_hal_rcc.o
                0x0000000008007798                HAL_RCC_OscConfig
 .text.HAL_RCC_ClockConfig
                0x0000000008007c88      0x1cc ./Drivers/STM32F4xx_HAL_Driver/Src/stm32f4xx_hal_rcc.o
                0x0000000008007c88                HAL_RCC_ClockConfig
 .text.HAL_RCC_GetSysClockFreq
                0x0000000008007e54      0x18c ./Drivers/STM32F4xx_HAL_Driver/Src/stm32f4xx_hal_rcc.o
                0x0000000008007e54                HAL_RCC_GetSysClockFreq
 .text.HAL_RCC_GetHCLKFreq
                0x0000000008007fe0       0x18 ./Drivers/STM32F4xx_HAL_Driver/Src/stm32f4xx_hal_rcc.o
                0x0000000008007fe0                HAL_RCC_GetHCLKFreq
 .text.HAL_RCC_GetPCLK1Freq
                0x0000000008007ff8       0x28 ./Drivers/STM32F4xx_HAL_Driver/Src/stm32f4xx_hal_rcc.o
                0x0000000008007ff8                HAL_RCC_GetPCLK1Freq
 .text.HAL_RCC_GetPCLK2Freq
                0x0000000008008020       0x28 ./Drivers/STM32F4xx_HAL_Driver/Src/stm32f4xx_hal_rcc.o
                0x0000000008008020                HAL_RCC_GetPCLK2Freq
 .text.HAL_SPI_Init
                0x0000000008008048      0x112 ./Drivers/STM32F4xx_HAL_Driver/Src/stm32f4xx_hal_spi.o
                0x0000000008008048                HAL_SPI_Init
 .text.HAL_SPI_Transmit
                0x000000000800815a      0x278 ./Drivers/STM32F4xx_HAL_Driver/Src/stm32f4xx_hal_spi.o
                0x000000000800815a                HAL_SPI_Transmit
 .text.HAL_SPI_TransmitReceive
                0x00000000080083d2      0x344 ./Drivers/STM32F4xx_HAL_Driver/Src/stm32f4xx_hal_spi.o
                0x00000000080083d2                HAL_SPI_TransmitReceive
 .text.HAL_SPI_GetState
                0x0000000008008716       0x1c ./Drivers/STM32F4xx_HAL_Driver/Src/stm32f4xx_hal_spi.o
                0x0000000008008716                HAL_SPI_GetState
 *fill*         0x0000000008008732        0x2 
 .text.SPI_WaitFlagStateUntilTimeout
                0x0000000008008734      0x110 ./Drivers/STM32F4xx_HAL_Driver/Src/stm32f4xx_hal_spi.o
 .text.SPI_EndRxTxTransaction
                0x0000000008008844       0x84 ./Drivers/STM32F4xx_HAL_Driver/Src/stm32f4xx_hal_spi.o
 .text.HAL_TIM_Base_Init
                0x00000000080088c8       0x9e ./Drivers/STM32F4xx_HAL_Driver/Src/stm32f4xx_hal_tim.o
                0x00000000080088c8                HAL_TIM_Base_Init
 .text.HAL_TIM_Base_Stop
                0x0000000008008966       0x4e ./Drivers/STM32F4xx_HAL_Driver/Src/stm32f4xx_hal_tim.o
                0x0000000008008966                HAL_TIM_Base_Stop
 .text.HAL_TIM_Base_Start_IT
                0x00000000080089b4       0xc4 ./Drivers/STM32F4xx_HAL_Driver/Src/stm32f4xx_hal_tim.o
                0x00000000080089b4                HAL_TIM_Base_Start_IT
 .text.HAL_TIM_Encoder_Init
                0x0000000008008a78      0x14c ./Drivers/STM32F4xx_HAL_Driver/Src/stm32f4xx_hal_tim.o
                0x0000000008008a78                HAL_TIM_Encoder_Init
 .text.HAL_TIM_Encoder_Start_IT
                0x0000000008008bc4      0x15c ./Drivers/STM32F4xx_HAL_Driver/Src/stm32f4xx_hal_tim.o
                0x0000000008008bc4                HAL_TIM_Encoder_Start_IT
 .text.HAL_TIM_Encoder_Stop_IT
                0x0000000008008d20      0x16a ./Drivers/STM32F4xx_HAL_Driver/Src/stm32f4xx_hal_tim.o
                0x0000000008008d20                HAL_TIM_Encoder_Stop_IT
 .text.HAL_TIM_IRQHandler
                0x0000000008008e8a      0x210 ./Drivers/STM32F4xx_HAL_Driver/Src/stm32f4xx_hal_tim.o
                0x0000000008008e8a                HAL_TIM_IRQHandler
 .text.HAL_TIM_ConfigClockSource
                0x000000000800909a      0x18e ./Drivers/STM32F4xx_HAL_Driver/Src/stm32f4xx_hal_tim.o
                0x000000000800909a                HAL_TIM_ConfigClockSource
 .text.HAL_TIM_OC_DelayElapsedCallback
                0x0000000008009228       0x14 ./Drivers/STM32F4xx_HAL_Driver/Src/stm32f4xx_hal_tim.o
                0x0000000008009228                HAL_TIM_OC_DelayElapsedCallback
 .text.HAL_TIM_PWM_PulseFinishedCallback
                0x000000000800923c       0x14 ./Drivers/STM32F4xx_HAL_Driver/Src/stm32f4xx_hal_tim.o
                0x000000000800923c                HAL_TIM_PWM_PulseFinishedCallback
 .text.HAL_TIM_TriggerCallback
                0x0000000008009250       0x14 ./Drivers/STM32F4xx_HAL_Driver/Src/stm32f4xx_hal_tim.o
                0x0000000008009250                HAL_TIM_TriggerCallback
 .text.TIM_Base_SetConfig
                0x0000000008009264      0x100 ./Drivers/STM32F4xx_HAL_Driver/Src/stm32f4xx_hal_tim.o
                0x0000000008009264                TIM_Base_SetConfig
 .text.TIM_TI1_ConfigInputStage
                0x0000000008009364       0x5e ./Drivers/STM32F4xx_HAL_Driver/Src/stm32f4xx_hal_tim.o
 .text.TIM_TI2_ConfigInputStage
                0x00000000080093c2       0x60 ./Drivers/STM32F4xx_HAL_Driver/Src/stm32f4xx_hal_tim.o
 .text.TIM_ITRx_SetConfig
                0x0000000008009422       0x36 ./Drivers/STM32F4xx_HAL_Driver/Src/stm32f4xx_hal_tim.o
 .text.TIM_ETR_SetConfig
                0x0000000008009458       0x40 ./Drivers/STM32F4xx_HAL_Driver/Src/stm32f4xx_hal_tim.o
                0x0000000008009458                TIM_ETR_SetConfig
 .text.TIM_CCxChannelCmd
                0x0000000008009498       0x4a ./Drivers/STM32F4xx_HAL_Driver/Src/stm32f4xx_hal_tim.o
                0x0000000008009498                TIM_CCxChannelCmd
 *fill*         0x00000000080094e2        0x2 
 .text.HAL_TIMEx_MasterConfigSynchronization
                0x00000000080094e4       0xdc ./Drivers/STM32F4xx_HAL_Driver/Src/stm32f4xx_hal_tim_ex.o
                0x00000000080094e4                HAL_TIMEx_MasterConfigSynchronization
 .text.HAL_TIMEx_CommutCallback
                0x00000000080095c0       0x14 ./Drivers/STM32F4xx_HAL_Driver/Src/stm32f4xx_hal_tim_ex.o
                0x00000000080095c0                HAL_TIMEx_CommutCallback
 .text.HAL_TIMEx_BreakCallback
                0x00000000080095d4       0x14 ./Drivers/STM32F4xx_HAL_Driver/Src/stm32f4xx_hal_tim_ex.o
                0x00000000080095d4                HAL_TIMEx_BreakCallback
 .text.HAL_UART_Init
                0x00000000080095e8       0x9a ./Drivers/STM32F4xx_HAL_Driver/Src/stm32f4xx_hal_uart.o
                0x00000000080095e8                HAL_UART_Init
 .text.HAL_UARTEx_ReceiveToIdle_DMA
                0x0000000008009682       0xca ./Drivers/STM32F4xx_HAL_Driver/Src/stm32f4xx_hal_uart.o
                0x0000000008009682                HAL_UARTEx_ReceiveToIdle_DMA
 .text.HAL_UART_IRQHandler
                0x000000000800974c      0x51c ./Drivers/STM32F4xx_HAL_Driver/Src/stm32f4xx_hal_uart.o
                0x000000000800974c                HAL_UART_IRQHandler
 .text.HAL_UART_TxCpltCallback
                0x0000000008009c68       0x14 ./Drivers/STM32F4xx_HAL_Driver/Src/stm32f4xx_hal_uart.o
                0x0000000008009c68                HAL_UART_TxCpltCallback
 .text.HAL_UART_RxCpltCallback
                0x0000000008009c7c       0x14 ./Drivers/STM32F4xx_HAL_Driver/Src/stm32f4xx_hal_uart.o
                0x0000000008009c7c                HAL_UART_RxCpltCallback
 .text.HAL_UART_RxHalfCpltCallback
                0x0000000008009c90       0x14 ./Drivers/STM32F4xx_HAL_Driver/Src/stm32f4xx_hal_uart.o
                0x0000000008009c90                HAL_UART_RxHalfCpltCallback
 .text.HAL_UART_ErrorCallback
                0x0000000008009ca4       0x14 ./Drivers/STM32F4xx_HAL_Driver/Src/stm32f4xx_hal_uart.o
                0x0000000008009ca4                HAL_UART_ErrorCallback
 .text.UART_DMAReceiveCplt
                0x0000000008009cb8      0x126 ./Drivers/STM32F4xx_HAL_Driver/Src/stm32f4xx_hal_uart.o
 .text.UART_DMARxHalfCplt
                0x0000000008009dde       0x36 ./Drivers/STM32F4xx_HAL_Driver/Src/stm32f4xx_hal_uart.o
 .text.UART_DMAError
                0x0000000008009e14       0x94 ./Drivers/STM32F4xx_HAL_Driver/Src/stm32f4xx_hal_uart.o
 .text.UART_Start_Receive_DMA
                0x0000000008009ea8      0x13c ./Drivers/STM32F4xx_HAL_Driver/Src/stm32f4xx_hal_uart.o
                0x0000000008009ea8                UART_Start_Receive_DMA
 .text.UART_EndTxTransfer
                0x0000000008009fe4       0x50 ./Drivers/STM32F4xx_HAL_Driver/Src/stm32f4xx_hal_uart.o
 .text.UART_EndRxTransfer
                0x000000000800a034       0xc6 ./Drivers/STM32F4xx_HAL_Driver/Src/stm32f4xx_hal_uart.o
 .text.UART_DMAAbortOnError
                0x000000000800a0fa       0x28 ./Drivers/STM32F4xx_HAL_Driver/Src/stm32f4xx_hal_uart.o
 .text.UART_Transmit_IT
                0x000000000800a122       0xa0 ./Drivers/STM32F4xx_HAL_Driver/Src/stm32f4xx_hal_uart.o
 .text.UART_EndTransmit_IT
                0x000000000800a1c2       0x30 ./Drivers/STM32F4xx_HAL_Driver/Src/stm32f4xx_hal_uart.o
 .text.UART_Receive_IT
                0x000000000800a1f2      0x176 ./Drivers/STM32F4xx_HAL_Driver/Src/stm32f4xx_hal_uart.o
 .text.UART_SetConfig
                0x000000000800a368      0x4e8 ./Drivers/STM32F4xx_HAL_Driver/Src/stm32f4xx_hal_uart.o
 .text.MX_FATFS_Init
                0x000000000800a850       0x24 ./FATFS/App/fatfs.o
                0x000000000800a850                MX_FATFS_Init
 .text.get_fattime
                0x000000000800a874       0x10 ./FATFS/App/fatfs.o
                0x000000000800a874                get_fattime
 .text.USER_initialize
                0x000000000800a884       0x1c ./FATFS/Target/user_diskio.o
                0x000000000800a884                USER_initialize
 .text.USER_status
                0x000000000800a8a0       0x1c ./FATFS/Target/user_diskio.o
                0x000000000800a8a0                USER_status
 .text.USER_read
                0x000000000800a8bc       0x26 ./FATFS/Target/user_diskio.o
                0x000000000800a8bc                USER_read
 .text.USER_write
                0x000000000800a8e2       0x26 ./FATFS/Target/user_diskio.o
                0x000000000800a8e2                USER_write
 .text.USER_ioctl
                0x000000000800a908       0x26 ./FATFS/Target/user_diskio.o
                0x000000000800a908                USER_ioctl
 *fill*         0x000000000800a92e        0x2 
 .text.disk_status
                0x000000000800a930       0x34 ./Middlewares/Third_Party/FatFs/src/diskio.o
                0x000000000800a930                disk_status
 .text.disk_initialize
                0x000000000800a964       0x4c ./Middlewares/Third_Party/FatFs/src/diskio.o
                0x000000000800a964                disk_initialize
 .text.disk_read
                0x000000000800a9b0       0x40 ./Middlewares/Third_Party/FatFs/src/diskio.o
                0x000000000800a9b0                disk_read
 .text.disk_write
                0x000000000800a9f0       0x40 ./Middlewares/Third_Party/FatFs/src/diskio.o
                0x000000000800a9f0                disk_write
 .text.disk_ioctl
                0x000000000800aa30       0x3c ./Middlewares/Third_Party/FatFs/src/diskio.o
                0x000000000800aa30                disk_ioctl
 .text.ld_word  0x000000000800aa6c       0x30 ./Middlewares/Third_Party/FatFs/src/ff.o
 .text.ld_dword
                0x000000000800aa9c       0x46 ./Middlewares/Third_Party/FatFs/src/ff.o
 .text.st_word  0x000000000800aae2       0x36 ./Middlewares/Third_Party/FatFs/src/ff.o
 .text.st_dword
                0x000000000800ab18       0x58 ./Middlewares/Third_Party/FatFs/src/ff.o
 .text.mem_cpy  0x000000000800ab70       0x42 ./Middlewares/Third_Party/FatFs/src/ff.o
 .text.mem_set  0x000000000800abb2       0x36 ./Middlewares/Third_Party/FatFs/src/ff.o
 .text.mem_cmp  0x000000000800abe8       0x4e ./Middlewares/Third_Party/FatFs/src/ff.o
 .text.chk_chr  0x000000000800ac36       0x36 ./Middlewares/Third_Party/FatFs/src/ff.o
 .text.chk_lock
                0x000000000800ac6c       0xb8 ./Middlewares/Third_Party/FatFs/src/ff.o
 .text.enq_lock
                0x000000000800ad24       0x44 ./Middlewares/Third_Party/FatFs/src/ff.o
 .text.inc_lock
                0x000000000800ad68      0x11c ./Middlewares/Third_Party/FatFs/src/ff.o
 .text.dec_lock
                0x000000000800ae84       0x78 ./Middlewares/Third_Party/FatFs/src/ff.o
 .text.clear_lock
                0x000000000800aefc       0x48 ./Middlewares/Third_Party/FatFs/src/ff.o
 .text.sync_window
                0x000000000800af44       0x88 ./Middlewares/Third_Party/FatFs/src/ff.o
 .text.move_window
                0x000000000800afcc       0x5a ./Middlewares/Third_Party/FatFs/src/ff.o
 *fill*         0x000000000800b026        0x2 
 .text.sync_fs  0x000000000800b028       0xdc ./Middlewares/Third_Party/FatFs/src/ff.o
 .text.clust2sect
                0x000000000800b104       0x3e ./Middlewares/Third_Party/FatFs/src/ff.o
 .text.get_fat  0x000000000800b142      0x150 ./Middlewares/Third_Party/FatFs/src/ff.o
 .text.put_fat  0x000000000800b292      0x1d8 ./Middlewares/Third_Party/FatFs/src/ff.o
 .text.remove_chain
                0x000000000800b46a       0xca ./Middlewares/Third_Party/FatFs/src/ff.o
 .text.create_chain
                0x000000000800b534      0x130 ./Middlewares/Third_Party/FatFs/src/ff.o
 .text.clmt_clust
                0x000000000800b664       0x68 ./Middlewares/Third_Party/FatFs/src/ff.o
 .text.dir_sdi  0x000000000800b6cc       0xf6 ./Middlewares/Third_Party/FatFs/src/ff.o
 .text.dir_next
                0x000000000800b7c2      0x18a ./Middlewares/Third_Party/FatFs/src/ff.o
 .text.dir_alloc
                0x000000000800b94c       0x8e ./Middlewares/Third_Party/FatFs/src/ff.o
 .text.ld_clust
                0x000000000800b9da       0x3e ./Middlewares/Third_Party/FatFs/src/ff.o
 .text.st_clust
                0x000000000800ba18       0x40 ./Middlewares/Third_Party/FatFs/src/ff.o
 .text.cmp_lfn  0x000000000800ba58       0xe0 ./Middlewares/Third_Party/FatFs/src/ff.o
 .text.put_lfn  0x000000000800bb38       0xd0 ./Middlewares/Third_Party/FatFs/src/ff.o
 .text.gen_numname
                0x000000000800bc08      0x11c ./Middlewares/Third_Party/FatFs/src/ff.o
 .text.sum_sfn  0x000000000800bd24       0x42 ./Middlewares/Third_Party/FatFs/src/ff.o
 .text.dir_find
                0x000000000800bd66      0x180 ./Middlewares/Third_Party/FatFs/src/ff.o
 *fill*         0x000000000800bee6        0x2 
 .text.dir_register
                0x000000000800bee8      0x1f0 ./Middlewares/Third_Party/FatFs/src/ff.o
 .text.create_name
                0x000000000800c0d8      0x370 ./Middlewares/Third_Party/FatFs/src/ff.o
 .text.follow_path
                0x000000000800c448       0xe2 ./Middlewares/Third_Party/FatFs/src/ff.o
 .text.get_ldnumber
                0x000000000800c52a       0x88 ./Middlewares/Third_Party/FatFs/src/ff.o
 *fill*         0x000000000800c5b2        0x2 
 .text.check_fs
                0x000000000800c5b4       0xac ./Middlewares/Third_Party/FatFs/src/ff.o
 .text.find_volume
                0x000000000800c660      0x4a0 ./Middlewares/Third_Party/FatFs/src/ff.o
 .text.validate
                0x000000000800cb00       0x6a ./Middlewares/Third_Party/FatFs/src/ff.o
 *fill*         0x000000000800cb6a        0x2 
 .text.f_mount  0x000000000800cb6c       0x8c ./Middlewares/Third_Party/FatFs/src/ff.o
                0x000000000800cb6c                f_mount
 .text.f_open   0x000000000800cbf8      0x37c ./Middlewares/Third_Party/FatFs/src/ff.o
                0x000000000800cbf8                f_open
 .text.f_write  0x000000000800cf74      0x2ea ./Middlewares/Third_Party/FatFs/src/ff.o
                0x000000000800cf74                f_write
 .text.f_sync   0x000000000800d25e       0xfc ./Middlewares/Third_Party/FatFs/src/ff.o
                0x000000000800d25e                f_sync
 .text.f_close  0x000000000800d35a       0x54 ./Middlewares/Third_Party/FatFs/src/ff.o
                0x000000000800d35a                f_close
 .text.putc_bfd
                0x000000000800d3ae       0x7a ./Middlewares/Third_Party/FatFs/src/ff.o
 .text.putc_flush
                0x000000000800d428       0x4a ./Middlewares/Third_Party/FatFs/src/ff.o
 .text.putc_init
                0x000000000800d472       0x2a ./Middlewares/Third_Party/FatFs/src/ff.o
 .text.f_puts   0x000000000800d49c       0x48 ./Middlewares/Third_Party/FatFs/src/ff.o
                0x000000000800d49c                f_puts
 .text.f_printf
                0x000000000800d4e4      0x43c ./Middlewares/Third_Party/FatFs/src/ff.o
                0x000000000800d4e4                f_printf
 .text.FATFS_LinkDriverEx
                0x000000000800d920       0x98 ./Middlewares/Third_Party/FatFs/src/ff_gen_drv.o
                0x000000000800d920                FATFS_LinkDriverEx
 .text.FATFS_LinkDriver
                0x000000000800d9b8       0x1e ./Middlewares/Third_Party/FatFs/src/ff_gen_drv.o
                0x000000000800d9b8                FATFS_LinkDriver
 *fill*         0x000000000800d9d6        0x2 
 .text.ff_convert
                0x000000000800d9d8       0x78 ./Middlewares/Third_Party/FatFs/src/option/ccsbcs.o
                0x000000000800d9d8                ff_convert
 .text.ff_wtoupper
                0x000000000800da50      0x114 ./Middlewares/Third_Party/FatFs/src/option/ccsbcs.o
                0x000000000800da50                ff_wtoupper
 .text.__errno  0x000000000800db64        0xc c:/st/stm32cubeide_1.9.0/stm32cubeide/plugins/com.st.stm32cube.ide.mcu.externaltools.gnu-tools-for-stm32.10.3-2021.10.win32_1.0.0.202111181127/tools/bin/../lib/gcc/arm-none-eabi/10.3.1/../../../../arm-none-eabi/lib/thumb/v7e-m+fp/hard\libc_nano.a(lib_a-errno.o)
                0x000000000800db64                __errno
 .text.__libc_init_array
                0x000000000800db70       0x48 c:/st/stm32cubeide_1.9.0/stm32cubeide/plugins/com.st.stm32cube.ide.mcu.externaltools.gnu-tools-for-stm32.10.3-2021.10.win32_1.0.0.202111181127/tools/bin/../lib/gcc/arm-none-eabi/10.3.1/../../../../arm-none-eabi/lib/thumb/v7e-m+fp/hard\libc_nano.a(lib_a-init.o)
                0x000000000800db70                __libc_init_array
 .text.__retarget_lock_acquire
                0x000000000800dbb8        0x2 c:/st/stm32cubeide_1.9.0/stm32cubeide/plugins/com.st.stm32cube.ide.mcu.externaltools.gnu-tools-for-stm32.10.3-2021.10.win32_1.0.0.202111181127/tools/bin/../lib/gcc/arm-none-eabi/10.3.1/../../../../arm-none-eabi/lib/thumb/v7e-m+fp/hard\libc_nano.a(lib_a-lock.o)
                0x000000000800dbb8                __retarget_lock_acquire
 .text.__retarget_lock_acquire_recursive
                0x000000000800dbba        0x2 c:/st/stm32cubeide_1.9.0/stm32cubeide/plugins/com.st.stm32cube.ide.mcu.externaltools.gnu-tools-for-stm32.10.3-2021.10.win32_1.0.0.202111181127/tools/bin/../lib/gcc/arm-none-eabi/10.3.1/../../../../arm-none-eabi/lib/thumb/v7e-m+fp/hard\libc_nano.a(lib_a-lock.o)
                0x000000000800dbba                __retarget_lock_acquire_recursive
 .text.__retarget_lock_release
                0x000000000800dbbc        0x2 c:/st/stm32cubeide_1.9.0/stm32cubeide/plugins/com.st.stm32cube.ide.mcu.externaltools.gnu-tools-for-stm32.10.3-2021.10.win32_1.0.0.202111181127/tools/bin/../lib/gcc/arm-none-eabi/10.3.1/../../../../arm-none-eabi/lib/thumb/v7e-m+fp/hard\libc_nano.a(lib_a-lock.o)
                0x000000000800dbbc                __retarget_lock_release
 .text.__retarget_lock_release_recursive
                0x000000000800dbbe        0x2 c:/st/stm32cubeide_1.9.0/stm32cubeide/plugins/com.st.stm32cube.ide.mcu.externaltools.gnu-tools-for-stm32.10.3-2021.10.win32_1.0.0.202111181127/tools/bin/../lib/gcc/arm-none-eabi/10.3.1/../../../../arm-none-eabi/lib/thumb/v7e-m+fp/hard\libc_nano.a(lib_a-lock.o)
                0x000000000800dbbe                __retarget_lock_release_recursive
 .text.memcpy   0x000000000800dbc0       0x1c c:/st/stm32cubeide_1.9.0/stm32cubeide/plugins/com.st.stm32cube.ide.mcu.externaltools.gnu-tools-for-stm32.10.3-2021.10.win32_1.0.0.202111181127/tools/bin/../lib/gcc/arm-none-eabi/10.3.1/../../../../arm-none-eabi/lib/thumb/v7e-m+fp/hard\libc_nano.a(lib_a-memcpy-stub.o)
                0x000000000800dbc0                memcpy
 .text.memset   0x000000000800dbdc       0x10 c:/st/stm32cubeide_1.9.0/stm32cubeide/plugins/com.st.stm32cube.ide.mcu.externaltools.gnu-tools-for-stm32.10.3-2021.10.win32_1.0.0.202111181127/tools/bin/../lib/gcc/arm-none-eabi/10.3.1/../../../../arm-none-eabi/lib/thumb/v7e-m+fp/hard\libc_nano.a(lib_a-memset.o)
                0x000000000800dbdc                memset
 .text._free_r  0x000000000800dbec       0x98 c:/st/stm32cubeide_1.9.0/stm32cubeide/plugins/com.st.stm32cube.ide.mcu.externaltools.gnu-tools-for-stm32.10.3-2021.10.win32_1.0.0.202111181127/tools/bin/../lib/gcc/arm-none-eabi/10.3.1/../../../../arm-none-eabi/lib/thumb/v7e-m+fp/hard\libc_nano.a(lib_a-nano-freer.o)
                0x000000000800dbec                _free_r
 .text.sbrk_aligned
                0x000000000800dc84       0x40 c:/st/stm32cubeide_1.9.0/stm32cubeide/plugins/com.st.stm32cube.ide.mcu.externaltools.gnu-tools-for-stm32.10.3-2021.10.win32_1.0.0.202111181127/tools/bin/../lib/gcc/arm-none-eabi/10.3.1/../../../../arm-none-eabi/lib/thumb/v7e-m+fp/hard\libc_nano.a(lib_a-nano-mallocr.o)
 .text._malloc_r
                0x000000000800dcc4       0xe8 c:/st/stm32cubeide_1.9.0/stm32cubeide/plugins/com.st.stm32cube.ide.mcu.externaltools.gnu-tools-for-stm32.10.3-2021.10.win32_1.0.0.202111181127/tools/bin/../lib/gcc/arm-none-eabi/10.3.1/../../../../arm-none-eabi/lib/thumb/v7e-m+fp/hard\libc_nano.a(lib_a-nano-mallocr.o)
                0x000000000800dcc4                _malloc_r
 .text._sbrk_r  0x000000000800ddac       0x20 c:/st/stm32cubeide_1.9.0/stm32cubeide/plugins/com.st.stm32cube.ide.mcu.externaltools.gnu-tools-for-stm32.10.3-2021.10.win32_1.0.0.202111181127/tools/bin/../lib/gcc/arm-none-eabi/10.3.1/../../../../arm-none-eabi/lib/thumb/v7e-m+fp/hard\libc_nano.a(lib_a-sbrkr.o)
                0x000000000800ddac                _sbrk_r
 .text.sprintf  0x000000000800ddcc       0x40 c:/st/stm32cubeide_1.9.0/stm32cubeide/plugins/com.st.stm32cube.ide.mcu.externaltools.gnu-tools-for-stm32.10.3-2021.10.win32_1.0.0.202111181127/tools/bin/../lib/gcc/arm-none-eabi/10.3.1/../../../../arm-none-eabi/lib/thumb/v7e-m+fp/hard\libc_nano.a(lib_a-sprintf.o)
                0x000000000800ddcc                siprintf
                0x000000000800ddcc                sprintf
 .text.__seofread
                0x000000000800de0c        0x4 c:/st/stm32cubeide_1.9.0/stm32cubeide/plugins/com.st.stm32cube.ide.mcu.externaltools.gnu-tools-for-stm32.10.3-2021.10.win32_1.0.0.202111181127/tools/bin/../lib/gcc/arm-none-eabi/10.3.1/../../../../arm-none-eabi/lib/thumb/v7e-m+fp/hard\libc_nano.a(lib_a-stdio.o)
                0x000000000800de0c                __seofread
 .text.iso_year_adjust
                0x000000000800de10       0xc4 c:/st/stm32cubeide_1.9.0/stm32cubeide/plugins/com.st.stm32cube.ide.mcu.externaltools.gnu-tools-for-stm32.10.3-2021.10.win32_1.0.0.202111181127/tools/bin/../lib/gcc/arm-none-eabi/10.3.1/../../../../arm-none-eabi/lib/thumb/v7e-m+fp/hard\libc_nano.a(lib_a-strftime.o)
 .text.__strftime.isra.0
                0x000000000800ded4      0x9ac c:/st/stm32cubeide_1.9.0/stm32cubeide/plugins/com.st.stm32cube.ide.mcu.externaltools.gnu-tools-for-stm32.10.3-2021.10.win32_1.0.0.202111181127/tools/bin/../lib/gcc/arm-none-eabi/10.3.1/../../../../arm-none-eabi/lib/thumb/v7e-m+fp/hard\libc_nano.a(lib_a-strftime.o)
 .text.strftime
                0x000000000800e880        0x4 c:/st/stm32cubeide_1.9.0/stm32cubeide/plugins/com.st.stm32cube.ide.mcu.externaltools.gnu-tools-for-stm32.10.3-2021.10.win32_1.0.0.202111181127/tools/bin/../lib/gcc/arm-none-eabi/10.3.1/../../../../arm-none-eabi/lib/thumb/v7e-m+fp/hard\libc_nano.a(lib_a-strftime.o)
                0x000000000800e880                strftime
 .text._strtol_l.constprop.0
                0x000000000800e884      0x104 c:/st/stm32cubeide_1.9.0/stm32cubeide/plugins/com.st.stm32cube.ide.mcu.externaltools.gnu-tools-for-stm32.10.3-2021.10.win32_1.0.0.202111181127/tools/bin/../lib/gcc/arm-none-eabi/10.3.1/../../../../arm-none-eabi/lib/thumb/v7e-m+fp/hard\libc_nano.a(lib_a-strtol.o)
 .text._strtol_r
                0x000000000800e988        0x4 c:/st/stm32cubeide_1.9.0/stm32cubeide/plugins/com.st.stm32cube.ide.mcu.externaltools.gnu-tools-for-stm32.10.3-2021.10.win32_1.0.0.202111181127/tools/bin/../lib/gcc/arm-none-eabi/10.3.1/../../../../arm-none-eabi/lib/thumb/v7e-m+fp/hard\libc_nano.a(lib_a-strtol.o)
                0x000000000800e988                _strtol_r
 .text.strtol   0x000000000800e98c       0x14 c:/st/stm32cubeide_1.9.0/stm32cubeide/plugins/com.st.stm32cube.ide.mcu.externaltools.gnu-tools-for-stm32.10.3-2021.10.win32_1.0.0.202111181127/tools/bin/../lib/gcc/arm-none-eabi/10.3.1/../../../../arm-none-eabi/lib/thumb/v7e-m+fp/hard\libc_nano.a(lib_a-strtol.o)
                0x000000000800e98c                strtol
 .text._strtoul_l.constprop.0
                0x000000000800e9a0       0xe4 c:/st/stm32cubeide_1.9.0/stm32cubeide/plugins/com.st.stm32cube.ide.mcu.externaltools.gnu-tools-for-stm32.10.3-2021.10.win32_1.0.0.202111181127/tools/bin/../lib/gcc/arm-none-eabi/10.3.1/../../../../arm-none-eabi/lib/thumb/v7e-m+fp/hard\libc_nano.a(lib_a-strtoul.o)
 .text._strtoul_r
                0x000000000800ea84        0x4 c:/st/stm32cubeide_1.9.0/stm32cubeide/plugins/com.st.stm32cube.ide.mcu.externaltools.gnu-tools-for-stm32.10.3-2021.10.win32_1.0.0.202111181127/tools/bin/../lib/gcc/arm-none-eabi/10.3.1/../../../../arm-none-eabi/lib/thumb/v7e-m+fp/hard\libc_nano.a(lib_a-strtoul.o)
                0x000000000800ea84                _strtoul_r
 .text.strtoul  0x000000000800ea88       0x14 c:/st/stm32cubeide_1.9.0/stm32cubeide/plugins/com.st.stm32cube.ide.mcu.externaltools.gnu-tools-for-stm32.10.3-2021.10.win32_1.0.0.202111181127/tools/bin/../lib/gcc/arm-none-eabi/10.3.1/../../../../arm-none-eabi/lib/thumb/v7e-m+fp/hard\libc_nano.a(lib_a-strtoul.o)
                0x000000000800ea88                strtoul
 .text.__tz_lock
                0x000000000800ea9c        0xc c:/st/stm32cubeide_1.9.0/stm32cubeide/plugins/com.st.stm32cube.ide.mcu.externaltools.gnu-tools-for-stm32.10.3-2021.10.win32_1.0.0.202111181127/tools/bin/../lib/gcc/arm-none-eabi/10.3.1/../../../../arm-none-eabi/lib/thumb/v7e-m+fp/hard\libc_nano.a(lib_a-tzlock.o)
                0x000000000800ea9c                __tz_lock
 .text.__tz_unlock
                0x000000000800eaa8        0xc c:/st/stm32cubeide_1.9.0/stm32cubeide/plugins/com.st.stm32cube.ide.mcu.externaltools.gnu-tools-for-stm32.10.3-2021.10.win32_1.0.0.202111181127/tools/bin/../lib/gcc/arm-none-eabi/10.3.1/../../../../arm-none-eabi/lib/thumb/v7e-m+fp/hard\libc_nano.a(lib_a-tzlock.o)
                0x000000000800eaa8                __tz_unlock
 .text._tzset_unlocked
                0x000000000800eab4        0xc c:/st/stm32cubeide_1.9.0/stm32cubeide/plugins/com.st.stm32cube.ide.mcu.externaltools.gnu-tools-for-stm32.10.3-2021.10.win32_1.0.0.202111181127/tools/bin/../lib/gcc/arm-none-eabi/10.3.1/../../../../arm-none-eabi/lib/thumb/v7e-m+fp/hard\libc_nano.a(lib_a-tzset.o)
                0x000000000800eab4                _tzset_unlocked
 .text._tzset_unlocked_r
                0x000000000800eac0      0x300 c:/st/stm32cubeide_1.9.0/stm32cubeide/plugins/com.st.stm32cube.ide.mcu.externaltools.gnu-tools-for-stm32.10.3-2021.10.win32_1.0.0.202111181127/tools/bin/../lib/gcc/arm-none-eabi/10.3.1/../../../../arm-none-eabi/lib/thumb/v7e-m+fp/hard\libc_nano.a(lib_a-tzset_r.o)
                0x000000000800eac0                _tzset_unlocked_r
 .text.abs      0x000000000800edc0        0x8 c:/st/stm32cubeide_1.9.0/stm32cubeide/plugins/com.st.stm32cube.ide.mcu.externaltools.gnu-tools-for-stm32.10.3-2021.10.win32_1.0.0.202111181127/tools/bin/../lib/gcc/arm-none-eabi/10.3.1/../../../../arm-none-eabi/lib/thumb/v7e-m+fp/hard\libc_nano.a(lib_a-abs.o)
                0x000000000800edc0                abs
 .text._findenv_r
                0x000000000800edc8       0x78 c:/st/stm32cubeide_1.9.0/stm32cubeide/plugins/com.st.stm32cube.ide.mcu.externaltools.gnu-tools-for-stm32.10.3-2021.10.win32_1.0.0.202111181127/tools/bin/../lib/gcc/arm-none-eabi/10.3.1/../../../../arm-none-eabi/lib/thumb/v7e-m+fp/hard\libc_nano.a(lib_a-getenv_r.o)
                0x000000000800edc8                _findenv_r
 .text._getenv_r
                0x000000000800ee40        0xe c:/st/stm32cubeide_1.9.0/stm32cubeide/plugins/com.st.stm32cube.ide.mcu.externaltools.gnu-tools-for-stm32.10.3-2021.10.win32_1.0.0.202111181127/tools/bin/../lib/gcc/arm-none-eabi/10.3.1/../../../../arm-none-eabi/lib/thumb/v7e-m+fp/hard\libc_nano.a(lib_a-getenv_r.o)
                0x000000000800ee40                _getenv_r
 *fill*         0x000000000800ee4e        0x2 
 .text.__gettzinfo
                0x000000000800ee50        0x8 c:/st/stm32cubeide_1.9.0/stm32cubeide/plugins/com.st.stm32cube.ide.mcu.externaltools.gnu-tools-for-stm32.10.3-2021.10.win32_1.0.0.202111181127/tools/bin/../lib/gcc/arm-none-eabi/10.3.1/../../../../arm-none-eabi/lib/thumb/v7e-m+fp/hard\libc_nano.a(lib_a-gettzinfo.o)
                0x000000000800ee50                __gettzinfo
 .text.labs     0x000000000800ee58        0x8 c:/st/stm32cubeide_1.9.0/stm32cubeide/plugins/com.st.stm32cube.ide.mcu.externaltools.gnu-tools-for-stm32.10.3-2021.10.win32_1.0.0.202111181127/tools/bin/../lib/gcc/arm-none-eabi/10.3.1/../../../../arm-none-eabi/lib/thumb/v7e-m+fp/hard\libc_nano.a(lib_a-labs.o)
                0x000000000800ee58                labs
 .text.free     0x000000000800ee60       0x10 c:/st/stm32cubeide_1.9.0/stm32cubeide/plugins/com.st.stm32cube.ide.mcu.externaltools.gnu-tools-for-stm32.10.3-2021.10.win32_1.0.0.202111181127/tools/bin/../lib/gcc/arm-none-eabi/10.3.1/../../../../arm-none-eabi/lib/thumb/v7e-m+fp/hard\libc_nano.a(lib_a-malloc.o)
                0x000000000800ee60                free
 .text.__malloc_lock
                0x000000000800ee70        0xc c:/st/stm32cubeide_1.9.0/stm32cubeide/plugins/com.st.stm32cube.ide.mcu.externaltools.gnu-tools-for-stm32.10.3-2021.10.win32_1.0.0.202111181127/tools/bin/../lib/gcc/arm-none-eabi/10.3.1/../../../../arm-none-eabi/lib/thumb/v7e-m+fp/hard\libc_nano.a(lib_a-mlock.o)
                0x000000000800ee70                __malloc_lock
 .text.__malloc_unlock
                0x000000000800ee7c        0xc c:/st/stm32cubeide_1.9.0/stm32cubeide/plugins/com.st.stm32cube.ide.mcu.externaltools.gnu-tools-for-stm32.10.3-2021.10.win32_1.0.0.202111181127/tools/bin/../lib/gcc/arm-none-eabi/10.3.1/../../../../arm-none-eabi/lib/thumb/v7e-m+fp/hard\libc_nano.a(lib_a-mlock.o)
                0x000000000800ee7c                __malloc_unlock
 .text.__ssputs_r
                0x000000000800ee88       0xb6 c:/st/stm32cubeide_1.9.0/stm32cubeide/plugins/com.st.stm32cube.ide.mcu.externaltools.gnu-tools-for-stm32.10.3-2021.10.win32_1.0.0.202111181127/tools/bin/../lib/gcc/arm-none-eabi/10.3.1/../../../../arm-none-eabi/lib/thumb/v7e-m+fp/hard\libc_nano.a(lib_a-nano-svfprintf.o)
                0x000000000800ee88                __ssputs_r
 *fill*         0x000000000800ef3e        0x2 
 .text._svfprintf_r
                0x000000000800ef40      0x200 c:/st/stm32cubeide_1.9.0/stm32cubeide/plugins/com.st.stm32cube.ide.mcu.externaltools.gnu-tools-for-stm32.10.3-2021.10.win32_1.0.0.202111181127/tools/bin/../lib/gcc/arm-none-eabi/10.3.1/../../../../arm-none-eabi/lib/thumb/v7e-m+fp/hard\libc_nano.a(lib_a-nano-svfprintf.o)
                0x000000000800ef40                _svfiprintf_r
                0x000000000800ef40                _svfprintf_r
 .text._printf_common
                0x000000000800f140       0xda c:/st/stm32cubeide_1.9.0/stm32cubeide/plugins/com.st.stm32cube.ide.mcu.externaltools.gnu-tools-for-stm32.10.3-2021.10.win32_1.0.0.202111181127/tools/bin/../lib/gcc/arm-none-eabi/10.3.1/../../../../arm-none-eabi/lib/thumb/v7e-m+fp/hard\libc_nano.a(lib_a-nano-vfprintf_i.o)
                0x000000000800f140                _printf_common
 *fill*         0x000000000800f21a        0x2 
 .text._printf_i
                0x000000000800f21c      0x24c c:/st/stm32cubeide_1.9.0/stm32cubeide/plugins/com.st.stm32cube.ide.mcu.externaltools.gnu-tools-for-stm32.10.3-2021.10.win32_1.0.0.202111181127/tools/bin/../lib/gcc/arm-none-eabi/10.3.1/../../../../arm-none-eabi/lib/thumb/v7e-m+fp/hard\libc_nano.a(lib_a-nano-vfprintf_i.o)
                0x000000000800f21c                _printf_i
 .text.snprintf
                0x000000000800f468       0x68 c:/st/stm32cubeide_1.9.0/stm32cubeide/plugins/com.st.stm32cube.ide.mcu.externaltools.gnu-tools-for-stm32.10.3-2021.10.win32_1.0.0.202111181127/tools/bin/../lib/gcc/arm-none-eabi/10.3.1/../../../../arm-none-eabi/lib/thumb/v7e-m+fp/hard\libc_nano.a(lib_a-snprintf.o)
                0x000000000800f468                sniprintf
                0x000000000800f468                snprintf
 .text.sscanf   0x000000000800f4d0       0x58 c:/st/stm32cubeide_1.9.0/stm32cubeide/plugins/com.st.stm32cube.ide.mcu.externaltools.gnu-tools-for-stm32.10.3-2021.10.win32_1.0.0.202111181127/tools/bin/../lib/gcc/arm-none-eabi/10.3.1/../../../../arm-none-eabi/lib/thumb/v7e-m+fp/hard\libc_nano.a(lib_a-sscanf.o)
                0x000000000800f4d0                siscanf
                0x000000000800f4d0                sscanf
 .text.strcpy   0x000000000800f528       0x10 c:/st/stm32cubeide_1.9.0/stm32cubeide/plugins/com.st.stm32cube.ide.mcu.externaltools.gnu-tools-for-stm32.10.3-2021.10.win32_1.0.0.202111181127/tools/bin/../lib/gcc/arm-none-eabi/10.3.1/../../../../arm-none-eabi/lib/thumb/v7e-m+fp/hard\libc_nano.a(lib_a-strcpy.o)
                0x000000000800f528                strcpy
 .text.strncmp  0x000000000800f538       0x28 c:/st/stm32cubeide_1.9.0/stm32cubeide/plugins/com.st.stm32cube.ide.mcu.externaltools.gnu-tools-for-stm32.10.3-2021.10.win32_1.0.0.202111181127/tools/bin/../lib/gcc/arm-none-eabi/10.3.1/../../../../arm-none-eabi/lib/thumb/v7e-m+fp/hard\libc_nano.a(lib_a-strncmp.o)
                0x000000000800f538                strncmp
 .text.__tzcalc_limits
                0x000000000800f560      0x154 c:/st/stm32cubeide_1.9.0/stm32cubeide/plugins/com.st.stm32cube.ide.mcu.externaltools.gnu-tools-for-stm32.10.3-2021.10.win32_1.0.0.202111181127/tools/bin/../lib/gcc/arm-none-eabi/10.3.1/../../../../arm-none-eabi/lib/thumb/v7e-m+fp/hard\libc_nano.a(lib_a-tzcalc_limits.o)
                0x000000000800f560                __tzcalc_limits
 .text.__env_lock
                0x000000000800f6b4        0xc c:/st/stm32cubeide_1.9.0/stm32cubeide/plugins/com.st.stm32cube.ide.mcu.externaltools.gnu-tools-for-stm32.10.3-2021.10.win32_1.0.0.202111181127/tools/bin/../lib/gcc/arm-none-eabi/10.3.1/../../../../arm-none-eabi/lib/thumb/v7e-m+fp/hard\libc_nano.a(lib_a-envlock.o)
                0x000000000800f6b4                __env_lock
 .text.__env_unlock
                0x000000000800f6c0        0xc c:/st/stm32cubeide_1.9.0/stm32cubeide/plugins/com.st.stm32cube.ide.mcu.externaltools.gnu-tools-for-stm32.10.3-2021.10.win32_1.0.0.202111181127/tools/bin/../lib/gcc/arm-none-eabi/10.3.1/../../../../arm-none-eabi/lib/thumb/v7e-m+fp/hard\libc_nano.a(lib_a-envlock.o)
                0x000000000800f6c0                __env_unlock
 .text.memmove  0x000000000800f6cc       0x34 c:/st/stm32cubeide_1.9.0/stm32cubeide/plugins/com.st.stm32cube.ide.mcu.externaltools.gnu-tools-for-stm32.10.3-2021.10.win32_1.0.0.202111181127/tools/bin/../lib/gcc/arm-none-eabi/10.3.1/../../../../arm-none-eabi/lib/thumb/v7e-m+fp/hard\libc_nano.a(lib_a-memmove.o)
                0x000000000800f6cc                memmove
 .text._realloc_r
                0x000000000800f700       0x5e c:/st/stm32cubeide_1.9.0/stm32cubeide/plugins/com.st.stm32cube.ide.mcu.externaltools.gnu-tools-for-stm32.10.3-2021.10.win32_1.0.0.202111181127/tools/bin/../lib/gcc/arm-none-eabi/10.3.1/../../../../arm-none-eabi/lib/thumb/v7e-m+fp/hard\libc_nano.a(lib_a-nano-reallocr.o)
                0x000000000800f700                _realloc_r
 .text._sungetc_r
                0x000000000800f75e       0x7a c:/st/stm32cubeide_1.9.0/stm32cubeide/plugins/com.st.stm32cube.ide.mcu.externaltools.gnu-tools-for-stm32.10.3-2021.10.win32_1.0.0.202111181127/tools/bin/../lib/gcc/arm-none-eabi/10.3.1/../../../../arm-none-eabi/lib/thumb/v7e-m+fp/hard\libc_nano.a(lib_a-nano-svfscanf.o)
                0x000000000800f75e                _sungetc_r
 .text.__ssrefill_r
                0x000000000800f7d8       0x3a c:/st/stm32cubeide_1.9.0/stm32cubeide/plugins/com.st.stm32cube.ide.mcu.externaltools.gnu-tools-for-stm32.10.3-2021.10.win32_1.0.0.202111181127/tools/bin/../lib/gcc/arm-none-eabi/10.3.1/../../../../arm-none-eabi/lib/thumb/v7e-m+fp/hard\libc_nano.a(lib_a-nano-svfscanf.o)
                0x000000000800f7d8                __ssrefill_r
 *fill*         0x000000000800f812        0x2 
 .text.__ssvfscanf_r
                0x000000000800f814      0x2f0 c:/st/stm32cubeide_1.9.0/stm32cubeide/plugins/com.st.stm32cube.ide.mcu.externaltools.gnu-tools-for-stm32.10.3-2021.10.win32_1.0.0.202111181127/tools/bin/../lib/gcc/arm-none-eabi/10.3.1/../../../../arm-none-eabi/lib/thumb/v7e-m+fp/hard\libc_nano.a(lib_a-nano-svfscanf.o)
                0x000000000800f814                __ssvfiscanf_r
                0x000000000800f814                __ssvfscanf_r
 .text._scanf_chars
                0x000000000800fb04       0xb4 c:/st/stm32cubeide_1.9.0/stm32cubeide/plugins/com.st.stm32cube.ide.mcu.externaltools.gnu-tools-for-stm32.10.3-2021.10.win32_1.0.0.202111181127/tools/bin/../lib/gcc/arm-none-eabi/10.3.1/../../../../arm-none-eabi/lib/thumb/v7e-m+fp/hard\libc_nano.a(lib_a-nano-vfscanf_i.o)
                0x000000000800fb04                _scanf_chars
 .text._scanf_i
                0x000000000800fbb8      0x1f0 c:/st/stm32cubeide_1.9.0/stm32cubeide/plugins/com.st.stm32cube.ide.mcu.externaltools.gnu-tools-for-stm32.10.3-2021.10.win32_1.0.0.202111181127/tools/bin/../lib/gcc/arm-none-eabi/10.3.1/../../../../arm-none-eabi/lib/thumb/v7e-m+fp/hard\libc_nano.a(lib_a-nano-vfscanf_i.o)
                0x000000000800fbb8                _scanf_i
 .text.__sccl   0x000000000800fda8       0x70 c:/st/stm32cubeide_1.9.0/stm32cubeide/plugins/com.st.stm32cube.ide.mcu.externaltools.gnu-tools-for-stm32.10.3-2021.10.win32_1.0.0.202111181127/tools/bin/../lib/gcc/arm-none-eabi/10.3.1/../../../../arm-none-eabi/lib/thumb/v7e-m+fp/hard\libc_nano.a(lib_a-sccl.o)
                0x000000000800fda8                __sccl
 .text.__submore
                0x000000000800fe18       0x74 c:/st/stm32cubeide_1.9.0/stm32cubeide/plugins/com.st.stm32cube.ide.mcu.externaltools.gnu-tools-for-stm32.10.3-2021.10.win32_1.0.0.202111181127/tools/bin/../lib/gcc/arm-none-eabi/10.3.1/../../../../arm-none-eabi/lib/thumb/v7e-m+fp/hard\libc_nano.a(lib_a-ungetc.o)
                0x000000000800fe18                __submore
 .text._malloc_usable_size_r
                0x000000000800fe8c       0x10 c:/st/stm32cubeide_1.9.0/stm32cubeide/plugins/com.st.stm32cube.ide.mcu.externaltools.gnu-tools-for-stm32.10.3-2021.10.win32_1.0.0.202111181127/tools/bin/../lib/gcc/arm-none-eabi/10.3.1/../../../../arm-none-eabi/lib/thumb/v7e-m+fp/hard\libc_nano.a(lib_a-nano-msizer.o)
                0x000000000800fe8c                _malloc_usable_size_r
 .text.sqrt     0x000000000800fe9c       0x58 c:/st/stm32cubeide_1.9.0/stm32cubeide/plugins/com.st.stm32cube.ide.mcu.externaltools.gnu-tools-for-stm32.10.3-2021.10.win32_1.0.0.202111181127/tools/bin/../lib/gcc/arm-none-eabi/10.3.1/../../../../arm-none-eabi/lib/thumb/v7e-m+fp/hard\libm.a(lib_a-w_sqrt.o)
                0x000000000800fe9c                sqrt
 .text.__ieee754_sqrt
                0x000000000800fef4      0x164 c:/st/stm32cubeide_1.9.0/stm32cubeide/plugins/com.st.stm32cube.ide.mcu.externaltools.gnu-tools-for-stm32.10.3-2021.10.win32_1.0.0.202111181127/tools/bin/../lib/gcc/arm-none-eabi/10.3.1/../../../../arm-none-eabi/lib/thumb/v7e-m+fp/hard\libm.a(lib_a-e_sqrt.o)
                0x000000000800fef4                __ieee754_sqrt
 *(.glue_7)
 .glue_7        0x0000000008010058        0x0 linker stubs
 *(.glue_7t)
 .glue_7t       0x0000000008010058        0x0 linker stubs
 *(.eh_frame)
 .eh_frame      0x0000000008010058        0x0 c:/st/stm32cubeide_1.9.0/stm32cubeide/plugins/com.st.stm32cube.ide.mcu.externaltools.gnu-tools-for-stm32.10.3-2021.10.win32_1.0.0.202111181127/tools/bin/../lib/gcc/arm-none-eabi/10.3.1/thumb/v7e-m+fp/hard/crtbegin.o
 *(.init)
 .init          0x0000000008010058        0x4 c:/st/stm32cubeide_1.9.0/stm32cubeide/plugins/com.st.stm32cube.ide.mcu.externaltools.gnu-tools-for-stm32.10.3-2021.10.win32_1.0.0.202111181127/tools/bin/../lib/gcc/arm-none-eabi/10.3.1/thumb/v7e-m+fp/hard/crti.o
                0x0000000008010058                _init
 .init          0x000000000801005c        0x8 c:/st/stm32cubeide_1.9.0/stm32cubeide/plugins/com.st.stm32cube.ide.mcu.externaltools.gnu-tools-for-stm32.10.3-2021.10.win32_1.0.0.202111181127/tools/bin/../lib/gcc/arm-none-eabi/10.3.1/thumb/v7e-m+fp/hard/crtn.o
 *(.fini)
 .fini          0x0000000008010064        0x4 c:/st/stm32cubeide_1.9.0/stm32cubeide/plugins/com.st.stm32cube.ide.mcu.externaltools.gnu-tools-for-stm32.10.3-2021.10.win32_1.0.0.202111181127/tools/bin/../lib/gcc/arm-none-eabi/10.3.1/thumb/v7e-m+fp/hard/crti.o
                0x0000000008010064                _fini
 .fini          0x0000000008010068        0x8 c:/st/stm32cubeide_1.9.0/stm32cubeide/plugins/com.st.stm32cube.ide.mcu.externaltools.gnu-tools-for-stm32.10.3-2021.10.win32_1.0.0.202111181127/tools/bin/../lib/gcc/arm-none-eabi/10.3.1/thumb/v7e-m+fp/hard/crtn.o
                0x0000000008010070                . = ALIGN (0x4)
                0x0000000008010070                _etext = .

.vfp11_veneer   0x0000000008010070        0x0
 .vfp11_veneer  0x0000000008010070        0x0 linker stubs

.v4_bx          0x0000000008010070        0x0
 .v4_bx         0x0000000008010070        0x0 linker stubs

.iplt           0x0000000008010070        0x0
 .iplt          0x0000000008010070        0x0 c:/st/stm32cubeide_1.9.0/stm32cubeide/plugins/com.st.stm32cube.ide.mcu.externaltools.gnu-tools-for-stm32.10.3-2021.10.win32_1.0.0.202111181127/tools/bin/../lib/gcc/arm-none-eabi/10.3.1/thumb/v7e-m+fp/hard/crtbegin.o

.rodata         0x0000000008010070      0xd4c
                0x0000000008010070                . = ALIGN (0x4)
 *(.rodata)
 .rodata        0x0000000008010070        0x6 ./Core/Src/Configuracao_component.o
 *fill*         0x0000000008010076        0x2 
 .rodata        0x0000000008010078        0x6 ./Core/Src/Consulta_component.o
 *fill*         0x000000000801007e        0x2 
 .rodata        0x0000000008010080       0x47 ./Core/Src/DataProcessing.o
 *fill*         0x00000000080100c7        0x1 
 .rodata        0x00000000080100c8      0x2c0 ./Core/Src/DisplayMessages.o
 .rodata        0x0000000008010388       0x21 ./Core/Src/INICIAR_Component.o
 *fill*         0x00000000080103a9        0x3 
 .rodata        0x00000000080103ac       0x5a ./Core/Src/SDMEMORYHW.o
 *fill*         0x0000000008010406        0x2 
 .rodata        0x0000000008010408       0x33 ./Core/Src/SD_module.o
 *fill*         0x000000000801043b        0x1 
 .rodata        0x000000000801043c       0x48 ./Middlewares/Third_Party/FatFs/src/ff.o
 .rodata        0x0000000008010484        0xc c:/st/stm32cubeide_1.9.0/stm32cubeide/plugins/com.st.stm32cube.ide.mcu.externaltools.gnu-tools-for-stm32.10.3-2021.10.win32_1.0.0.202111181127/tools/bin/../lib/gcc/arm-none-eabi/10.3.1/../../../../arm-none-eabi/lib/thumb/v7e-m+fp/hard\libc_nano.a(lib_a-nano-vfscanf_i.o)
 *(.rodata*)
 .rodata.AHBPrescTable
                0x0000000008010490       0x10 ./Core/Src/system_stm32f4xx.o
                0x0000000008010490                AHBPrescTable
 .rodata.APBPrescTable
                0x00000000080104a0        0x8 ./Core/Src/system_stm32f4xx.o
                0x00000000080104a0                APBPrescTable
 .rodata.flagBitshiftOffset.0
                0x00000000080104a8        0x8 ./Drivers/STM32F4xx_HAL_Driver/Src/stm32f4xx_hal_dma.o
 .rodata.ExCvt  0x00000000080104b0       0x80 ./Middlewares/Third_Party/FatFs/src/ff.o
 .rodata.LfnOfs
                0x0000000008010530        0xd ./Middlewares/Third_Party/FatFs/src/ff.o
 *fill*         0x000000000801053d        0x3 
 .rodata.Tbl    0x0000000008010540      0x100 ./Middlewares/Third_Party/FatFs/src/option/ccsbcs.o
 .rodata.cvt1.1
                0x0000000008010640      0x1f2 ./Middlewares/Third_Party/FatFs/src/option/ccsbcs.o
 *fill*         0x0000000008010832        0x2 
 .rodata.cvt2.0
                0x0000000008010834       0xbc ./Middlewares/Third_Party/FatFs/src/option/ccsbcs.o
 .rodata.__sf_fake_stderr
                0x00000000080108f0       0x20 c:/st/stm32cubeide_1.9.0/stm32cubeide/plugins/com.st.stm32cube.ide.mcu.externaltools.gnu-tools-for-stm32.10.3-2021.10.win32_1.0.0.202111181127/tools/bin/../lib/gcc/arm-none-eabi/10.3.1/../../../../arm-none-eabi/lib/thumb/v7e-m+fp/hard\libc_nano.a(lib_a-findfp.o)
                0x00000000080108f0                __sf_fake_stderr
 .rodata.__sf_fake_stdin
                0x0000000008010910       0x20 c:/st/stm32cubeide_1.9.0/stm32cubeide/plugins/com.st.stm32cube.ide.mcu.externaltools.gnu-tools-for-stm32.10.3-2021.10.win32_1.0.0.202111181127/tools/bin/../lib/gcc/arm-none-eabi/10.3.1/../../../../arm-none-eabi/lib/thumb/v7e-m+fp/hard\libc_nano.a(lib_a-findfp.o)
                0x0000000008010910                __sf_fake_stdin
 .rodata.__sf_fake_stdout
                0x0000000008010930       0x20 c:/st/stm32cubeide_1.9.0/stm32cubeide/plugins/com.st.stm32cube.ide.mcu.externaltools.gnu-tools-for-stm32.10.3-2021.10.win32_1.0.0.202111181127/tools/bin/../lib/gcc/arm-none-eabi/10.3.1/../../../../arm-none-eabi/lib/thumb/v7e-m+fp/hard\libc_nano.a(lib_a-findfp.o)
                0x0000000008010930                __sf_fake_stdout
 .rodata.__strftime.isra.0.str1.1
                0x0000000008010950       0x59 c:/st/stm32cubeide_1.9.0/stm32cubeide/plugins/com.st.stm32cube.ide.mcu.externaltools.gnu-tools-for-stm32.10.3-2021.10.win32_1.0.0.202111181127/tools/bin/../lib/gcc/arm-none-eabi/10.3.1/../../../../arm-none-eabi/lib/thumb/v7e-m+fp/hard\libc_nano.a(lib_a-strftime.o)
                                         0x6b (size before relaxing)
 .rodata.str1.1