../Core/Src/main.c:77:5:main	56	static
../Core/Src/main.c:284:6:SystemClock_Config	72	static
../Core/Src/main.c:324:13:MX_TIM2_Init	56	static
../Core/Src/main.c:373:13:MX_TIM3_Init	32	static
../Core/Src/main.c:418:13:MX_USART2_UART_Init	8	static
../Core/Src/main.c:449:13:MX_DMA_Init	16	static
../Core/Src/main.c:467:13:MX_GPIO_Init	40	static
../Core/Src/main.c:521:6:HAL_TIM_PeriodElapsedCallback	16	static
../Core/Src/main.c:526:6:HAL_TIM_IC_CaptureCallback	16	static
../Core/Src/main.c:531:6:HAL_GPIO_EXTI_Callback	16	static
../Core/Src/main.c:560:6:Error_Handler	4	static,ignoring_inline_asm
