../Core/Src/main.c:71:15:getKeyPressed	4	static
../Core/Src/main.c:81:5:main	56	static
../Core/Src/main.c:267:6:SystemClock_Config	72	static
../Core/Src/main.c:307:13:MX_TIM2_Init	56	static
../Core/Src/main.c:356:13:MX_TIM3_Init	32	static
../Core/Src/main.c:401:13:MX_USART2_UART_Init	8	static
../Core/Src/main.c:432:13:MX_DMA_Init	16	static
../Core/Src/main.c:450:13:MX_GPIO_Init	40	static
../Core/Src/main.c:515:6:HAL_TIM_PeriodElapsedCallback	16	static
../Core/Src/main.c:520:6:HAL_TIM_IC_CaptureCallback	16	static
../Core/Src/main.c:525:6:HAL_GPIO_EXTI_Callback	16	static
../Core/Src/main.c:554:6:Error_Handler	4	static,ignoring_inline_asm
