Archive member included to satisfy reference by file (symbol)

c:/st/stm32cubeide_1.10.1/stm32cubeide/plugins/com.st.stm32cube.ide.mcu.externaltools.gnu-tools-for-stm32.10.3-2021.10.win32_1.0.0.202111181127/tools/bin/../lib/gcc/arm-none-eabi/10.3.1/../../../../arm-none-eabi/lib/thumb/v7-m/nofp\libc_nano.a(lib_a-errno.o)
                              ./Core/Src/syscalls.o (__errno)
c:/st/stm32cubeide_1.10.1/stm32cubeide/plugins/com.st.stm32cube.ide.mcu.externaltools.gnu-tools-for-stm32.10.3-2021.10.win32_1.0.0.202111181127/tools/bin/../lib/gcc/arm-none-eabi/10.3.1/../../../../arm-none-eabi/lib/thumb/v7-m/nofp\libc_nano.a(lib_a-exit.o)
                              c:/st/stm32cubeide_1.10.1/stm32cubeide/plugins/com.st.stm32cube.ide.mcu.externaltools.gnu-tools-for-stm32.10.3-2021.10.win32_1.0.0.202111181127/tools/bin/../lib/gcc/arm-none-eabi/10.3.1/../../../../arm-none-eabi/lib/thumb/v7-m/nofp/crt0.o (exit)
c:/st/stm32cubeide_1.10.1/stm32cubeide/plugins/com.st.stm32cube.ide.mcu.externaltools.gnu-tools-for-stm32.10.3-2021.10.win32_1.0.0.202111181127/tools/bin/../lib/gcc/arm-none-eabi/10.3.1/../../../../arm-none-eabi/lib/thumb/v7-m/nofp\libc_nano.a(lib_a-fgetc.o)
                              ./Core/Src/SD_module.o (fgetc)
c:/st/stm32cubeide_1.10.1/stm32cubeide/plugins/com.st.stm32cube.ide.mcu.externaltools.gnu-tools-for-stm32.10.3-2021.10.win32_1.0.0.202111181127/tools/bin/../lib/gcc/arm-none-eabi/10.3.1/../../../../arm-none-eabi/lib/thumb/v7-m/nofp\libc_nano.a(lib_a-findfp.o)
                              c:/st/stm32cubeide_1.10.1/stm32cubeide/plugins/com.st.stm32cube.ide.mcu.externaltools.gnu-tools-for-stm32.10.3-2021.10.win32_1.0.0.202111181127/tools/bin/../lib/gcc/arm-none-eabi/10.3.1/../../../../arm-none-eabi/lib/thumb/v7-m/nofp\libc_nano.a(lib_a-fgetc.o) (__sinit)
c:/st/stm32cubeide_1.10.1/stm32cubeide/plugins/com.st.stm32cube.ide.mcu.externaltools.gnu-tools-for-stm32.10.3-2021.10.win32_1.0.0.202111181127/tools/bin/../lib/gcc/arm-none-eabi/10.3.1/../../../../arm-none-eabi/lib/thumb/v7-m/nofp\libc_nano.a(lib_a-fopen.o)
                              ./Core/Src/SD_module.o (fopen)
c:/st/stm32cubeide_1.10.1/stm32cubeide/plugins/com.st.stm32cube.ide.mcu.externaltools.gnu-tools-for-stm32.10.3-2021.10.win32_1.0.0.202111181127/tools/bin/../lib/gcc/arm-none-eabi/10.3.1/../../../../arm-none-eabi/lib/thumb/v7-m/nofp\libc_nano.a(lib_a-fseek.o)
                              c:/st/stm32cubeide_1.10.1/stm32cubeide/plugins/com.st.stm32cube.ide.mcu.externaltools.gnu-tools-for-stm32.10.3-2021.10.win32_1.0.0.202111181127/tools/bin/../lib/gcc/arm-none-eabi/10.3.1/../../../../arm-none-eabi/lib/thumb/v7-m/nofp\libc_nano.a(lib_a-fopen.o) (_fseek_r)
c:/st/stm32cubeide_1.10.1/stm32cubeide/plugins/com.st.stm32cube.ide.mcu.externaltools.gnu-tools-for-stm32.10.3-2021.10.win32_1.0.0.202111181127/tools/bin/../lib/gcc/arm-none-eabi/10.3.1/../../../../arm-none-eabi/lib/thumb/v7-m/nofp\libc_nano.a(lib_a-fseeko.o)
                              c:/st/stm32cubeide_1.10.1/stm32cubeide/plugins/com.st.stm32cube.ide.mcu.externaltools.gnu-tools-for-stm32.10.3-2021.10.win32_1.0.0.202111181127/tools/bin/../lib/gcc/arm-none-eabi/10.3.1/../../../../arm-none-eabi/lib/thumb/v7-m/nofp\libc_nano.a(lib_a-fseek.o) (_fseeko_r)
c:/st/stm32cubeide_1.10.1/stm32cubeide/plugins/com.st.stm32cube.ide.mcu.externaltools.gnu-tools-for-stm32.10.3-2021.10.win32_1.0.0.202111181127/tools/bin/../lib/gcc/arm-none-eabi/10.3.1/../../../../arm-none-eabi/lib/thumb/v7-m/nofp\libc_nano.a(lib_a-fwalk.o)
                              c:/st/stm32cubeide_1.10.1/stm32cubeide/plugins/com.st.stm32cube.ide.mcu.externaltools.gnu-tools-for-stm32.10.3-2021.10.win32_1.0.0.202111181127/tools/bin/../lib/gcc/arm-none-eabi/10.3.1/../../../../arm-none-eabi/lib/thumb/v7-m/nofp\libc_nano.a(lib_a-findfp.o) (_fwalk)
c:/st/stm32cubeide_1.10.1/stm32cubeide/plugins/com.st.stm32cube.ide.mcu.externaltools.gnu-tools-for-stm32.10.3-2021.10.win32_1.0.0.202111181127/tools/bin/../lib/gcc/arm-none-eabi/10.3.1/../../../../arm-none-eabi/lib/thumb/v7-m/nofp\libc_nano.a(lib_a-impure.o)
                              c:/st/stm32cubeide_1.10.1/stm32cubeide/plugins/com.st.stm32cube.ide.mcu.externaltools.gnu-tools-for-stm32.10.3-2021.10.win32_1.0.0.202111181127/tools/bin/../lib/gcc/arm-none-eabi/10.3.1/../../../../arm-none-eabi/lib/thumb/v7-m/nofp\libc_nano.a(lib_a-exit.o) (_global_impure_ptr)
c:/st/stm32cubeide_1.10.1/stm32cubeide/plugins/com.st.stm32cube.ide.mcu.externaltools.gnu-tools-for-stm32.10.3-2021.10.win32_1.0.0.202111181127/tools/bin/../lib/gcc/arm-none-eabi/10.3.1/../../../../arm-none-eabi/lib/thumb/v7-m/nofp\libc_nano.a(lib_a-init.o)
                              c:/st/stm32cubeide_1.10.1/stm32cubeide/plugins/com.st.stm32cube.ide.mcu.externaltools.gnu-tools-for-stm32.10.3-2021.10.win32_1.0.0.202111181127/tools/bin/../lib/gcc/arm-none-eabi/10.3.1/../../../../arm-none-eabi/lib/thumb/v7-m/nofp/crt0.o (__libc_init_array)
[...]
Memory Configuration

Name             Origin             Length             Attributes
RAM              0x0000000020000000 0x0000000000005000 xrw
FLASH            0x0000000008000000 0x0000000000010000 xr
*default*        0x0000000000000000 0xffffffffffffffff

Linker script and memory map

LOAD c:/st/stm32cubeide_1.10.1/stm32cubeide/plugins/com.st.stm32cube.ide.mcu.externaltools.gnu-tools-for-stm32.10.3-2021.10.win32_1.0.0.202111181127/tools/bin/../lib/gcc/arm-none-eabi/10.3.1/thumb/v7-m/nofp/crti.o
LOAD c:/st/stm32cubeide_1.10.1/stm32cubeide/plugins/com.st.stm32cube.ide.mcu.externaltools.gnu-tools-for-stm32.10.3-2021.10.win32_1.0.0.202111181127/tools/bin/../lib/gcc/arm-none-eabi/10.3.1/thumb/v7-m/nofp/crtbegin.o
LOAD c:/st/stm32cubeide_1.10.1/stm32cubeide/plugins/com.st.stm32cube.ide.mcu.externaltools.gnu-tools-for-stm32.10.3-2021.10.win32_1.0.0.202111181127/tools/bin/../lib/gcc/arm-none-eabi/10.3.1/../../../../arm-none-eabi/lib/thumb/v7-m/nofp/crt0.o
LOAD ./Core/Src/Apagar_component.o
LOAD ./Core/Src/Configuracao_component.o
LOAD ./Core/Src/Consulta_component.o
LOAD ./Core/Src/Data.o
LOAD ./Core/Src/DataProcessing.o
LOAD ./Core/Src/DisplayMessages.o
LOAD ./Core/Src/Display_module.o
LOAD ./Core/Src/Exportar_component.o
LOAD ./Core/Src/INICIAR_Component.o
LOAD ./Core/Src/IO_interface.o
LOAD ./Core/Src/LCDHW.o
LOAD ./Core/Src/LiquidCrystal.o
LOAD ./Core/Src/SDMEMORYHW.o
LOAD ./Core/Src/SD_module.o
LOAD ./Core/Src/SENSORHW.o
LOAD ./Core/Src/SubMenu.o
LOAD ./Core/Src/TimerHW.o
LOAD ./Core/Src/UARTHW.o
LOAD ./Core/Src/comunicacao.o
LOAD ./Core/Src/fatfs_sd.o
LOAD ./Core/Src/flash_v1.0.o
LOAD ./Core/Src/main.o
LOAD ./Core/Src/menu_module.o
LOAD ./Core/Src/stm32f1xx_hal_msp.o
LOAD ./Core/Src/stm32f1xx_it.o
LOAD ./Core/Src/syscalls.o
LOAD ./Core/Src/sysmem.o
LOAD ./Core/Src/system_stm32f1xx.o
LOAD ./Core/Startup/startup_stm32f103c8tx.o
LOAD ./Drivers/STM32F1xx_HAL_Driver/Src/stm32f1xx_hal.o
LOAD ./Drivers/STM32F1xx_HAL_Driver/Src/stm32f1xx_hal_cortex.o
LOAD ./Drivers/STM32F1xx_HAL_Driver/Src/stm32f1xx_hal_dma.o
LOAD ./Drivers/STM32F1xx_HAL_Driver/Src/stm32f1xx_hal_exti.o
LOAD ./Drivers/STM32F1xx_HAL_Driver/Src/stm32f1xx_hal_flash.o
LOAD ./Drivers/STM32F1xx_HAL_Driver/Src/stm32f1xx_hal_flash_ex.o
LOAD ./Drivers/STM32F1xx_HAL_Driver/Src/stm32f1xx_hal_gpio.o
LOAD ./Drivers/STM32F1xx_HAL_Driver/Src/stm32f1xx_hal_gpio_ex.o
LOAD ./Drivers/STM32F1xx_HAL_Driver/Src/stm32f1xx_hal_pwr.o
LOAD ./Drivers/STM32F1xx_HAL_Driver/Src/stm32f1xx_hal_rcc.o
LOAD ./Drivers/STM32F1xx_HAL_Driver/Src/stm32f1xx_hal_rcc_ex.o
LOAD ./Drivers/STM32F1xx_HAL_Driver/Src/stm32f1xx_hal_spi.o
LOAD ./Drivers/STM32F1xx_HAL_Driver/Src/stm32f1xx_hal_tim.o
LOAD ./Drivers/STM32F1xx_HAL_Driver/Src/stm32f1xx_hal_tim_ex.o
LOAD ./Drivers/STM32F1xx_HAL_Driver/Src/stm32f1xx_hal_uart.o
LOAD ./FATFS/App/fatfs.o
LOAD ./FATFS/Target/user_diskio.o
LOAD ./Middlewares/Third_Party/FatFs/src/diskio.o
LOAD ./Middlewares/Third_Party/FatFs/src/ff.o
LOAD ./Middlewares/Third_Party/FatFs/src/ff_gen_drv.o
LOAD ./Middlewares/Third_Party/FatFs/src/option/ccsbcs.o
LOAD ./Middlewares/Third_Party/FatFs/src/option/syscall.o
START GROUP
LOAD c:/st/stm32cubeide_1.10.1/stm32cubeide/plugins/com.st.stm32cube.ide.mcu.externaltools.gnu-tools-for-stm32.10.3-2021.10.win32_1.0.0.202111181127/tools/bin/../lib/gcc/arm-none-eabi/10.3.1/../../../../arm-none-eabi/lib/thumb/v7-m/nofp\libc_nano.a
LOAD c:/st/stm32cubeide_1.10.1/stm32cubeide/plugins/com.st.stm32cube.ide.mcu.externaltools.gnu-tools-for-stm32.10.3-2021.10.win32_1.0.0.202111181127/tools/bin/../lib/gcc/arm-none-eabi/10.3.1/../../../../arm-none-eabi/lib/thumb/v7-m/nofp\libm.a
END GROUP
START GROUP
LOAD c:/st/stm32cubeide_1.10.1/stm32cubeide/plugins/com.st.stm32cube.ide.mcu.externaltools.gnu-tools-for-stm32.10.3-2021.10.win32_1.0.0.202111181127/tools/bin/../lib/gcc/arm-none-eabi/10.3.1/thumb/v7-m/nofp\libgcc.a
LOAD c:/st/stm32cubeide_1.10.1/stm32cubeide/plugins/com.st.stm32cube.ide.mcu.externaltools.gnu-tools-for-stm32.10.3-2021.10.win32_1.0.0.202111181127/tools/bin/../lib/gcc/arm-none-eabi/10.3.1/../../../../arm-none-eabi/lib/thumb/v7-m/nofp\libc_nano.a
END GROUP
START GROUP
LOAD c:/st/stm32cubeide_1.10.1/stm32cubeide/plugins/com.st.stm32cube.ide.mcu.externaltools.gnu-tools-for-stm32.10.3-2021.10.win32_1.0.0.202111181127/tools/bin/../lib/gcc/arm-none-eabi/10.3.1/thumb/v7-m/nofp\libgcc.a
LOAD c:/st/stm32cubeide_1.10.1/stm32cubeide/plugins/com.st.stm32cube.ide.mcu.externaltools.gnu-tools-for-stm32.10.3-2021.10.win32_1.0.0.202111181127/tools/bin/../lib/gcc/arm-none-eabi/10.3.1/../../../../arm-none-eabi/lib/thumb/v7-m/nofp\libc_nano.a
LOAD c:/st/stm32cubeide_1.10.1/stm32cubeide/plugins/com.st.stm32cube.ide.mcu.externaltools.gnu-tools-for-stm32.10.3-2021.10.win32_1.0.0.202111181127/tools/bin/../lib/gcc/arm-none-eabi/10.3.1/../../../../arm-none-eabi/lib/thumb/v7-m/nofp\libnosys.a
END GROUP
START GROUP
LOAD c:/st/stm32cubeide_1.10.1/stm32cubeide/plugins/com.st.stm32cube.ide.mcu.externaltools.gnu-tools-for-stm32.10.3-2021.10.win32_1.0.0.202111181127/tools/bin/../lib/gcc/arm-none-eabi/10.3.1/thumb/v7-m/nofp\libgcc.a
LOAD c:/st/stm32cubeide_1.10.1/stm32cubeide/plugins/com.st.stm32cube.ide.mcu.externaltools.gnu-tools-for-stm32.10.3-2021.10.win32_1.0.0.202111181127/tools/bin/../lib/gcc/arm-none-eabi/10.3.1/../../../../arm-none-eabi/lib/thumb/v7-m/nofp\libc_nano.a
LOAD c:/st/stm32cubeide_1.10.1/stm32cubeide/plugins/com.st.stm32cube.ide.mcu.externaltools.gnu-tools-for-stm32.10.3-2021.10.win32_1.0.0.202111181127/tools/bin/../lib/gcc/arm-none-eabi/10.3.1/../../../../arm-none-eabi/lib/thumb/v7-m/nofp\libnosys.a
END GROUP
LOAD c:/st/stm32cubeide_1.10.1/stm32cubeide/plugins/com.st.stm32cube.ide.mcu.externaltools.gnu-tools-for-stm32.10.3-2021.10.win32_1.0.0.202111181127/tools/bin/../lib/gcc/arm-none-eabi/10.3.1/thumb/v7-m/nofp/crtend.o
LOAD c:/st/stm32cubeide_1.10.1/stm32cubeide/plugins/com.st.stm32cube.ide.mcu.externaltools.gnu-tools-for-stm32.10.3-2021.10.win32_1.0.0.202111181127/tools/bin/../lib/gcc/arm-none-eabi/10.3.1/thumb/v7-m/nofp/crtn.o
                0x0000000020005000                _estack = (ORIGIN (RAM) + LENGTH (RAM))
                0x0000000000000200                _Min_Heap_Size = 0x200
                0x0000000000000400                _Min_Stack_Size = 0x400

.isr_vector     0x0000000008000000      0x10c
                0x0000000008000000                . = ALIGN (0x4)
 *(.isr_vector)
 .isr_vector    0x0000000008000000      0x10c ./Core/Startup/startup_stm32f103c8tx.o
                0x0000000008000000                g_pfnVectors
                0x000000000800010c                . = ALIGN (0x4)

.text           0x000000000800010c     0xba00
                0x000000000800010c                . = ALIGN (0x4)
 *(.text)
 .text          0x000000000800010c       0x40 c:/st/stm32cubeide_1.10.1/stm32cubeide/plugins/com.st.stm32cube.ide.mcu.externaltools.gnu-tools-for-stm32.10.3-2021.10.win32_1.0.0.202111181127/tools/bin/../lib/gcc/arm-none-eabi/10.3.1/thumb/v7-m/nofp/crtbegin.o
 .text          0x000000000800014c       0x10 c:/st/stm32cubeide_1.10.1/stm32cubeide/plugins/com.st.stm32cube.ide.mcu.externaltools.gnu-tools-for-stm32.10.3-2021.10.win32_1.0.0.202111181127/tools/bin/../lib/gcc/arm-none-eabi/10.3.1/../../../../arm-none-eabi/lib/thumb/v7-m/nofp\libc_nano.a(lib_a-strlen.o)
                0x000000000800014c                strlen
 .text          0x000000000800015c       0x14 c:/st/stm32cubeide_1.10.1/stm32cubeide/plugins/com.st.stm32cube.ide.mcu.externaltools.gnu-tools-for-stm32.10.3-2021.10.win32_1.0.0.202111181127/tools/bin/../lib/gcc/arm-none-eabi/10.3.1/../../../../arm-none-eabi/lib/thumb/v7-m/nofp\libc_nano.a(lib_a-strcmp.o)
                0x000000000800015c                strcmp
 .text          0x0000000008000170      0x378 c:/st/stm32cubeide_1.10.1/stm32cubeide/plugins/com.st.stm32cube.ide.mcu.externaltools.gnu-tools-for-stm32.10.3-2021.10.win32_1.0.0.202111181127/tools/bin/../lib/gcc/arm-none-eabi/10.3.1/thumb/v7-m/nofp\libgcc.a(_arm_addsubdf3.o)
                0x0000000008000170                __aeabi_drsub
                0x0000000008000178                __aeabi_dsub
                0x0000000008000178                __subdf3
                0x000000000800017c                __aeabi_dadd
                0x000000000800017c                __adddf3
                0x00000000080003f4                __floatunsidf
                0x00000000080003f4                __aeabi_ui2d
                0x0000000008000414                __floatsidf
                0x0000000008000414                __aeabi_i2d
                0x0000000008000438                __aeabi_f2d
                0x0000000008000438                __extendsfdf2
                0x000000000800047c                __floatundidf
                0x000000000800047c                __aeabi_ul2d
                0x000000000800048c                __floatdidf
                0x000000000800048c                __aeabi_l2d
 .text          0x00000000080004e8      0x424 c:/st/stm32cubeide_1.10.1/stm32cubeide/plugins/com.st.stm32cube.ide.mcu.externaltools.gnu-tools-for-stm32.10.3-2021.10.win32_1.0.0.202111181127/tools/bin/../lib/gcc/arm-none-eabi/10.3.1/thumb/v7-m/nofp\libgcc.a(_arm_muldivdf3.o)
                0x00000000080004e8                __aeabi_dmul
                0x00000000080004e8                __muldf3
                0x000000000800073c                __divdf3
                0x000000000800073c                __aeabi_ddiv
 .text          0x000000000800090c      0x110 c:/st/stm32cubeide_1.10.1/stm32cubeide/plugins/com.st.stm32cube.ide.mcu.externaltools.gnu-tools-for-stm32.10.3-2021.10.win32_1.0.0.202111181127/tools/bin/../lib/gcc/arm-none-eabi/10.3.1/thumb/v7-m/nofp\libgcc.a(_arm_cmpdf2.o)
                0x000000000800090c                __gtdf2
                0x000000000800090c                __gedf2
                0x0000000008000914                __ltdf2
                0x0000000008000914                __ledf2
                0x000000000800091c                __nedf2
                0x000000000800091c                __eqdf2
                0x000000000800091c                __cmpdf2
                0x0000000008000998                __aeabi_cdrcmple
                0x00000000080009a8                __aeabi_cdcmpeq
                0x00000000080009a8                __aeabi_cdcmple
                0x00000000080009b8                __aeabi_dcmpeq
                0x00000000080009cc                __aeabi_dcmplt
                0x00000000080009e0                __aeabi_dcmple
                0x00000000080009f4                __aeabi_dcmpge
                0x0000000008000a08                __aeabi_dcmpgt
 .text          0x0000000008000a1c       0x2c c:/st/stm32cubeide_1.10.1/stm32cubeide/plugins/com.st.stm32cube.ide.mcu.externaltools.gnu-tools-for-stm32.10.3-2021.10.win32_1.0.0.202111181127/tools/bin/../lib/gcc/arm-none-eabi/10.3.1/thumb/v7-m/nofp\libgcc.a(_arm_unorddf2.o)
                0x0000000008000a1c                __unorddf2
                0x0000000008000a1c                __aeabi_dcmpun
 .text          0x0000000008000a48       0x40 c:/st/stm32cubeide_1.10.1/stm32cubeide/plugins/com.st.stm32cube.ide.mcu.externaltools.gnu-tools-for-stm32.10.3-2021.10.win32_1.0.0.202111181127/tools/bin/../lib/gcc/arm-none-eabi/10.3.1/thumb/v7-m/nofp\libgcc.a(_arm_fixunsdfsi.o)
                0x0000000008000a48                __aeabi_d2uiz
                0x0000000008000a48                __fixunsdfsi
 .text          0x0000000008000a88      0x21c c:/st/stm32cubeide_1.10.1/stm32cubeide/plugins/com.st.stm32cube.ide.mcu.externaltools.gnu-tools-for-stm32.10.3-2021.10.win32_1.0.0.202111181127/tools/bin/../lib/gcc/arm-none-eabi/10.3.1/thumb/v7-m/nofp\libgcc.a(_arm_addsubsf3.o)
                0x0000000008000a88                __aeabi_frsub
                0x0000000008000a90                __subsf3
                0x0000000008000a90                __aeabi_fsub
                0x0000000008000a94                __aeabi_fadd
                0x0000000008000a94                __addsf3
                0x0000000008000bf4                __aeabi_ui2f
                0x0000000008000bf4                __floatunsisf
                0x0000000008000bfc                __aeabi_i2f
                0x0000000008000bfc                __floatsisf
                0x0000000008000c18                __aeabi_ul2f
                0x0000000008000c18                __floatundisf
                0x0000000008000c28                __aeabi_l2f
                0x0000000008000c28                __floatdisf
 *(.text*)
 .text.eraseStateMachine
                0x0000000008000ca4      0x15c ./Core/Src/Apagar_component.o
                0x0000000008000ca4                eraseStateMachine
 .text.configStateMachine
                0x0000000008000e00      0xbb8 ./Core/Src/Configuracao_component.o
                0x0000000008000e00                configStateMachine
 .text.consultStateMachine
                0x00000000080019b8      0x3a8 ./Core/Src/Consulta_component.o
                0x00000000080019b8                consultStateMachine
 .text.getTimeStruct
                0x0000000008001d60       0x14 ./Core/Src/Data.o
                0x0000000008001d60                getTimeStruct
 .text.getIntervalTimeStruct
                0x0000000008001d74       0x14 ./Core/Src/Data.o
                0x0000000008001d74                getIntervalTimeStruct
 .text.getintervalSeriesTimeStruct
                0x0000000008001d88       0x14 ./Core/Src/Data.o
                0x0000000008001d88                getintervalSeriesTimeStruct
 .text.getMassArray
                0x0000000008001d9c       0x14 ./Core/Src/Data.o
                0x0000000008001d9c                getMassArray
 .text.getOverMassArray
                0x0000000008001db0       0x14 ./Core/Src/Data.o
                0x0000000008001db0                getOverMassArray
 .text.getAltMinArray
                0x0000000008001dc4       0x14 ./Core/Src/Data.o
                0x0000000008001dc4                getAltMinArray
 .text.getAltMaxArray
                0x0000000008001dd8       0x14 ./Core/Src/Data.o
                0x0000000008001dd8                getAltMaxArray
 .text.getNumSaltosArray
                0x0000000008001dec       0x14 ./Core/Src/Data.o
                0x0000000008001dec                getNumSaltosArray
 .text.getTypeJumpArray
                0x0000000008001e00       0x14 ./Core/Src/Data.o
                0x0000000008001e00                getTypeJumpArray
 .text.getAltDJArray
                0x0000000008001e14       0x14 ./Core/Src/Data.o
                0x0000000008001e14                getAltDJArray
 .text.getNumSeriesArray
                0x0000000008001e28       0x14 ./Core/Src/Data.o
                0x0000000008001e28                getNumSeriesArray
 .text.getNumTestArray
                0x0000000008001e3c       0x14 ./Core/Src/Data.o
                0x0000000008001e3c                getNumTestArray
 .text.getEraseTestArray
                0x0000000008001e50       0x14 ./Core/Src/Data.o
                0x0000000008001e50                getEraseTestArray
 .text.getUserConfigStruct
                0x0000000008001e64       0x14 ./Core/Src/Data.o
                0x0000000008001e64                getUserConfigStruct
 .text.getTimeAltMin
                0x0000000008001e78       0x14 ./Core/Src/Data.o
                0x0000000008001e78                getTimeAltMin
 .text.getTimeAltMax
                0x0000000008001e8c       0x14 ./Core/Src/Data.o
                0x0000000008001e8c                getTimeAltMax
 .text.setUserInputConfigData
                0x0000000008001ea0       0xa4 ./Core/Src/Data.o
                0x0000000008001ea0                setUserInputConfigData
 .text.getUserResultData
                0x0000000008001f44       0x24 ./Core/Src/Data.o
                0x0000000008001f44                getUserResultData
 .text.getResultTestNumber
                0x0000000008001f68       0x14 ./Core/Src/Data.o
                0x0000000008001f68                getResultTestNumber
 .text.setResultTestNumber
                0x0000000008001f7c       0x20 ./Core/Src/Data.o
                0x0000000008001f7c                setResultTestNumber
 .text.setUserResultData
                0x0000000008001f9c       0xe4 ./Core/Src/Data.o
                0x0000000008001f9c                setUserResultData
 .text.resetConfigStruct
                0x0000000008002080       0x7a ./Core/Src/Data.o
                0x0000000008002080                resetConfigStruct
 *fill*         0x00000000080020fa        0x2 
 .text.resetMyResults
                0x00000000080020fc       0xbc ./Core/Src/Data.o
                0x00000000080020fc                resetMyResults
 .text.indexColumn
                0x00000000080021b8       0x76 ./Core/Src/DataProcessing.o
                0x00000000080021b8                indexColumn
 .text.milisecondsTime
                0x000000000800222e       0x56 ./Core/Src/DataProcessing.o
                0x000000000800222e                milisecondsTime
 .text.stringToInt
                0x0000000008002284       0x24 ./Core/Src/DataProcessing.o
                0x0000000008002284                stringToInt
 .text.stringLenght
                0x00000000080022a8       0x36 ./Core/Src/DataProcessing.o
                0x00000000080022a8                stringLenght
 .text.indexMass
                0x00000000080022de       0x52 ./Core/Src/DataProcessing.o
                0x00000000080022de                indexMass
 .text.indexChange
                0x0000000008002330       0x3c ./Core/Src/DataProcessing.o
                0x0000000008002330                indexChange
 .text.getAltMinString
                0x000000000800236c       0x40 ./Core/Src/DataProcessing.o
                0x000000000800236c                getAltMinString
 .text.getAltMaxString
                0x00000000080023ac       0x40 ./Core/Src/DataProcessing.o
                0x00000000080023ac                getAltMaxString
 .text.getNumSaltosString
                0x00000000080023ec       0x40 ./Core/Src/DataProcessing.o
                0x00000000080023ec                getNumSaltosString
 .text.getTypeJumpString
                0x000000000800242c       0x2c ./Core/Src/DataProcessing.o
                0x000000000800242c                getTypeJumpString
 .text.getAltDJString
                0x0000000008002458       0x34 ./Core/Src/DataProcessing.o
                0x0000000008002458                getAltDJString
 .text.getNumSeriesString
                0x000000000800248c       0x40 ./Core/Src/DataProcessing.o
                0x000000000800248c                getNumSeriesString
 .text.getMassString
                0x00000000080024cc       0x4c ./Core/Src/DataProcessing.o
                0x00000000080024cc                getMassString
 .text.getOverMassString
                0x0000000008002518       0x4c ./Core/Src/DataProcessing.o
                0x0000000008002518                getOverMassString
 .text.getNumTestString
                0x0000000008002564       0x40 ./Core/Src/DataProcessing.o
                0x0000000008002564                getNumTestString
 .text.getEraseTestString
                0x00000000080025a4       0x30 ./Core/Src/DataProcessing.o
                0x00000000080025a4                getEraseTestString
 .text.param_1_toString
                0x00000000080025d4       0x28 ./Core/Src/DataProcessing.o
                0x00000000080025d4                param_1_toString
 .text.param_2_toString
                0x00000000080025fc       0x28 ./Core/Src/DataProcessing.o
                0x00000000080025fc                param_2_toString
 .text.setUserAltMin
                0x0000000008002624       0x48 ./Core/Src/DataProcessing.o
                0x0000000008002624                setUserAltMin
 .text.setUserErase
                0x000000000800266c       0x4a ./Core/Src/DataProcessing.o
                0x000000000800266c                setUserErase
 .text.setUserAltMax
                0x00000000080026b6       0x48 ./Core/Src/DataProcessing.o
                0x00000000080026b6                setUserAltMax
 .text.setUserNumSaltos
                0x00000000080026fe       0x48 ./Core/Src/DataProcessing.o
                0x00000000080026fe                setUserNumSaltos
 .text.setUserTypeJump
                0x0000000008002746       0x48 ./Core/Src/DataProcessing.o
                0x0000000008002746                setUserTypeJump
 .text.setUserAltDJ
                0x000000000800278e       0x48 ./Core/Src/DataProcessing.o
                0x000000000800278e                setUserAltDJ
 .text.setUserNumSeries
                0x00000000080027d6       0x48 ./Core/Src/DataProcessing.o
                0x00000000080027d6                setUserNumSeries
 .text.setUserMass
                0x000000000800281e       0x48 ./Core/Src/DataProcessing.o
                0x000000000800281e                setUserMass
 .text.setUserOverMass
                0x0000000008002866       0x48 ./Core/Src/DataProcessing.o
                0x0000000008002866                setUserOverMass
 .text.setUserNumTest
                0x00000000080028ae       0x48 ./Core/Src/DataProcessing.o
                0x00000000080028ae                setUserNumTest
 *fill*         0x00000000080028f6        0x2 
 .text.setIntervalSaltosTime
                0x00000000080028f8       0xc0 ./Core/Src/DataProcessing.o
                0x00000000080028f8                setIntervalSaltosTime
 .text.setUserTime
                0x00000000080029b8      0x104 ./Core/Src/DataProcessing.o
                0x00000000080029b8                setUserTime
 .text.alturaToTempo
                0x0000000008002abc       0x62 ./Core/Src/DataProcessing.o
                0x0000000008002abc                alturaToTempo
 .text.updateUserMsg
                0x0000000008002b1e       0x36 ./Core/Src/Display_module.o
                0x0000000008002b1e                updateUserMsg
 .text.readyUserInterface
                0x0000000008002b54       0x20 ./Core/Src/Display_module.o
                0x0000000008002b54                readyUserInterface
 .text.statusUserInterface
                0x0000000008002b74       0x1a ./Core/Src/Display_module.o
                0x0000000008002b74                statusUserInterface
 *fill*         0x0000000008002b8e        0x2 
 .text.exportStateMachine
                0x0000000008002b90      0x344 ./Core/Src/Exportar_component.o
                0x0000000008002b90                exportStateMachine
 .text.initStateMachine
                0x0000000008002ed4      0x9fc ./Core/Src/INICIAR_Component.o
                0x0000000008002ed4                initStateMachine
 .text.startTM2
                0x00000000080038d0        0xc ./Core/Src/IO_interface.o
                0x00000000080038d0                startTM2
 .text.stopTM2  0x00000000080038dc        0xc ./Core/Src/IO_interface.o
                0x00000000080038dc                stopTM2
 .text.startTM3
                0x00000000080038e8        0xc ./Core/Src/IO_interface.o
                0x00000000080038e8                startTM3
 .text.stopTM3  0x00000000080038f4        0xc ./Core/Src/IO_interface.o
                0x00000000080038f4                stopTM3
 .text.eraseDataDisplay
                0x0000000008003900        0xc ./Core/Src/IO_interface.o
                0x0000000008003900                eraseDataDisplay
 .text.homeDataDisplay
                0x000000000800390c       0x1e ./Core/Src/IO_interface.o
                0x000000000800390c                homeDataDisplay
 .text.startCOMM
                0x000000000800392a       0x1c ./Core/Src/IO_interface.o
                0x000000000800392a                startCOMM
 .text.stopCOMM
                0x0000000008003946       0x1c ./Core/Src/IO_interface.o
                0x0000000008003946                stopCOMM
 *fill*         0x0000000008003962        0x2 
 .text.transmissionCOMM
                0x0000000008003964      0x15c ./Core/Src/IO_interface.o
                0x0000000008003964                transmissionCOMM
 .text.HW_PRINT_DATA
                0x0000000008003ac0       0x38 ./Core/Src/LCDHW.o
                0x0000000008003ac0                HW_PRINT_DATA
 .text.HW_ERASE_DATA
                0x0000000008003af8       0x14 ./Core/Src/LCDHW.o
                0x0000000008003af8                HW_ERASE_DATA
 .text.HW_UPDATE_DATA
                0x0000000008003b0c       0x40 ./Core/Src/LCDHW.o
                0x0000000008003b0c                HW_UPDATE_DATA
 .text.HW_HOME_DISP
                0x0000000008003b4c       0x60 ./Core/Src/LCDHW.o
                0x0000000008003b4c                HW_HOME_DISP
 .text.begin    0x0000000008003bac      0x1f4 ./Core/Src/LiquidCrystal.o
                0x0000000008003bac                begin
 .text.print    0x0000000008003da0       0x42 ./Core/Src/LiquidCrystal.o
                0x0000000008003da0                print
 .text.clear    0x0000000008003de2       0x1e ./Core/Src/LiquidCrystal.o
                0x0000000008003de2                clear
 .text.display  0x0000000008003e00       0x30 ./Core/Src/LiquidCrystal.o
                0x0000000008003e00                display
 .text.noCursor
                0x0000000008003e30       0x30 ./Core/Src/LiquidCrystal.o
                0x0000000008003e30                noCursor
 .text.cursor   0x0000000008003e60       0x30 ./Core/Src/LiquidCrystal.o
                0x0000000008003e60                cursor
 .text.write    0x0000000008003e90       0x20 ./Core/Src/LiquidCrystal.o
                0x0000000008003e90                write
 .text.send     0x0000000008003eb0       0x64 ./Core/Src/LiquidCrystal.o
                0x0000000008003eb0                send
 .text.pulseEnable
                0x0000000008003f14       0x2c ./Core/Src/LiquidCrystal.o
                0x0000000008003f14                pulseEnable
 .text.write4bits
                0x0000000008003f40       0x78 ./Core/Src/LiquidCrystal.o
                0x0000000008003f40                write4bits
 .text.write8bits
                0x0000000008003fb8       0xd4 ./Core/Src/LiquidCrystal.o
                0x0000000008003fb8                write8bits
 .text.command  0x000000000800408c       0x20 ./Core/Src/LiquidCrystal.o
                0x000000000800408c                command
 .text.setRowOffsets
                0x00000000080040ac       0x38 ./Core/Src/LiquidCrystal.o
                0x00000000080040ac                setRowOffsets
 .text.setCursor
                0x00000000080040e4       0x5e ./Core/Src/LiquidCrystal.o
                0x00000000080040e4                setCursor
 *fill*         0x0000000008004142        0x2 
 .text.readingSensor
                0x0000000008004144      0x3b4 ./Core/Src/SENSORHW.o
                0x0000000008004144                readingSensor
 .text.getNextSub
                0x00000000080044f8       0x24 ./Core/Src/SubMenu.o
                0x00000000080044f8                getNextSub
 .text.setInsertData
                0x000000000800451c       0x1c ./Core/Src/SubMenu.o
                0x000000000800451c                setInsertData
 .text.SET_HW_TIMER2
                0x0000000008004538       0x44 ./Core/Src/TimerHW.o
                0x0000000008004538                SET_HW_TIMER2
 .text.RESET_HW_TIMER2
                0x000000000800457c       0x3c ./Core/Src/TimerHW.o
                0x000000000800457c                RESET_HW_TIMER2
 .text.SET_HW_TIMER3
                0x00000000080045b8       0x44 ./Core/Src/TimerHW.o
                0x00000000080045b8                SET_HW_TIMER3
 .text.RESET_HW_TIMER3
                0x00000000080045fc       0x38 ./Core/Src/TimerHW.o
                0x00000000080045fc                RESET_HW_TIMER3
 .text.SET_HW_UART
                0x0000000008004634       0x28 ./Core/Src/UARTHW.o
                0x0000000008004634                SET_HW_UART
 .text.RESET_HW_UART
                0x000000000800465c       0x28 ./Core/Src/UARTHW.o
                0x000000000800465c                RESET_HW_UART
 .text.TRANSMISSION_HW_UART
                0x0000000008004684       0x58 ./Core/Src/UARTHW.o
                0x0000000008004684                TRANSMISSION_HW_UART
 .text.SELECT   0x00000000080046dc       0x1c ./Core/Src/fatfs_sd.o
 .text.DESELECT
                0x00000000080046f8       0x1c ./Core/Src/fatfs_sd.o
 .text.SPI_TxByte
                0x0000000008004714       0x34 ./Core/Src/fatfs_sd.o
 .text.SPI_TxBuffer
                0x0000000008004748       0x34 ./Core/Src/fatfs_sd.o
 .text.SPI_RxByte
                0x000000000800477c       0x38 ./Core/Src/fatfs_sd.o
 .text.SPI_RxBytePtr
                0x00000000080047b4       0x1c ./Core/Src/fatfs_sd.o
 .text.SD_ReadyWait
                0x00000000080047d0       0x34 ./Core/Src/fatfs_sd.o
 .text.SD_PowerOn
                0x0000000008004804       0x84 ./Core/Src/fatfs_sd.o
 .text.SD_PowerOff
                0x0000000008004888       0x18 ./Core/Src/fatfs_sd.o
 .text.SD_CheckPower
                0x00000000080048a0       0x14 ./Core/Src/fatfs_sd.o
 .text.SD_RxDataBlock
                0x00000000080048b4       0x5c ./Core/Src/fatfs_sd.o
 .text.SD_TxDataBlock
                0x0000000008004910       0x86 ./Core/Src/fatfs_sd.o
 .text.SD_SendCmd
                0x0000000008004996       0xa8 ./Core/Src/fatfs_sd.o
 *fill*         0x0000000008004a3e        0x2 
 .text.SD_disk_initialize
                0x0000000008004a40      0x1cc ./Core/Src/fatfs_sd.o
                0x0000000008004a40                SD_disk_initialize
 .text.SD_disk_status
                0x0000000008004c0c       0x28 ./Core/Src/fatfs_sd.o
                0x0000000008004c0c                SD_disk_status
 .text.SD_disk_read
                0x0000000008004c34       0xd4 ./Core/Src/fatfs_sd.o
                0x0000000008004c34                SD_disk_read
 .text.SD_disk_write
                0x0000000008004d08      0x108 ./Core/Src/fatfs_sd.o
                0x0000000008004d08                SD_disk_write
 .text.SD_disk_ioctl
                0x0000000008004e10      0x258 ./Core/Src/fatfs_sd.o
                0x0000000008004e10                SD_disk_ioctl
 .text.resetTimer3Variable
                0x0000000008005068       0x18 ./Core/Src/main.o
                0x0000000008005068                resetTimer3Variable
 .text.getKeyPressed
                0x0000000008005080       0x18 ./Core/Src/main.o
                0x0000000008005080                getKeyPressed
 .text.resetKeyPressed
                0x0000000008005098       0x18 ./Core/Src/main.o
                0x0000000008005098                resetKeyPressed
 .text.getUARTInstance
                0x00000000080050b0       0x14 ./Core/Src/main.o
                0x00000000080050b0                getUARTInstance
 .text.getTimer2Instance
                0x00000000080050c4       0x14 ./Core/Src/main.o
                0x00000000080050c4                getTimer2Instance
 .text.getTimer3Instance
                0x00000000080050d8       0x14 ./Core/Src/main.o
                0x00000000080050d8                getTimer3Instance
 .text.getTimer2Variable
                0x00000000080050ec       0x18 ./Core/Src/main.o
                0x00000000080050ec                getTimer2Variable
 .text.getTimer3Variable
                0x0000000008005104       0x14 ./Core/Src/main.o
                0x0000000008005104                getTimer3Variable
 .text.main     0x0000000008005118      0x3ac ./Core/Src/main.o
                0x0000000008005118                main
 .text.SystemClock_Config
                0x00000000080054c4       0x8a ./Core/Src/main.o
                0x00000000080054c4                SystemClock_Config
 *fill*         0x000000000800554e        0x2 
 .text.MX_SPI1_Init
                0x0000000008005550       0x6c ./Core/Src/main.o
 .text.MX_TIM2_Init
                0x00000000080055bc       0xa8 ./Core/Src/main.o
 .text.MX_TIM3_Init
                0x0000000008005664       0x9c ./Core/Src/main.o
 .text.MX_USART2_UART_Init
                0x0000000008005700       0x54 ./Core/Src/main.o
 .text.MX_DMA_Init
                0x0000000008005754       0x3c ./Core/Src/main.o
 .text.MX_GPIO_Init
                0x0000000008005790      0x148 ./Core/Src/main.o
 .text.HAL_TIM_PeriodElapsedCallback
                0x00000000080058d8       0x48 ./Core/Src/main.o
                0x00000000080058d8                HAL_TIM_PeriodElapsedCallback
 .text.HAL_UARTEx_RxEventCallback
                0x0000000008005920       0x54 ./Core/Src/main.o
                0x0000000008005920                HAL_UARTEx_RxEventCallback
 .text.HAL_TIM_IC_CaptureCallback
                0x0000000008005974       0x40 ./Core/Src/main.o
                0x0000000008005974                HAL_TIM_IC_CaptureCallback
 .text.HAL_GPIO_EXTI_Callback
                0x00000000080059b4       0x68 ./Core/Src/main.o
                0x00000000080059b4                HAL_GPIO_EXTI_Callback
 .text.Error_Handler
                0x0000000008005a1c        0xa ./Core/Src/main.o
                0x0000000008005a1c                Error_Handler
 *fill*         0x0000000008005a26        0x2 
 .text.getNextMain
                0x0000000008005a28       0x24 ./Core/Src/menu_module.o
                0x0000000008005a28                getNextMain
 .text.HAL_MspInit
                0x0000000008005a4c       0x64 ./Core/Src/stm32f1xx_hal_msp.o
                0x0000000008005a4c                HAL_MspInit
 .text.HAL_SPI_MspInit
                0x0000000008005ab0       0x94 ./Core/Src/stm32f1xx_hal_msp.o
                0x0000000008005ab0                HAL_SPI_MspInit
 .text.HAL_TIM_Encoder_MspInit
                0x0000000008005b44       0x88 ./Core/Src/stm32f1xx_hal_msp.o
                0x0000000008005b44                HAL_TIM_Encoder_MspInit
 .text.HAL_TIM_Base_MspInit
                0x0000000008005bcc       0x4c ./Core/Src/stm32f1xx_hal_msp.o
                0x0000000008005bcc                HAL_TIM_Base_MspInit
 .text.HAL_UART_MspInit
                0x0000000008005c18       0xf8 ./Core/Src/stm32f1xx_hal_msp.o
                0x0000000008005c18                HAL_UART_MspInit
 .text.SDTimerHandler
                0x0000000008005d10       0x44 ./Core/Src/stm32f1xx_it.o
                0x0000000008005d10                SDTimerHandler
 .text.NMI_Handler
                0x0000000008005d54        0x6 ./Core/Src/stm32f1xx_it.o
                0x0000000008005d54                NMI_Handler
 .text.HardFault_Handler
                0x0000000008005d5a        0x6 ./Core/Src/stm32f1xx_it.o
                0x0000000008005d5a                HardFault_Handler
 .text.MemManage_Handler
                0x0000000008005d60        0x6 ./Core/Src/stm32f1xx_it.o
                0x0000000008005d60                MemManage_Handler
 .text.BusFault_Handler
                0x0000000008005d66        0x6 ./Core/Src/stm32f1xx_it.o
                0x0000000008005d66                BusFault_Handler
 .text.UsageFault_Handler
                0x0000000008005d6c        0x6 ./Core/Src/stm32f1xx_it.o
                0x0000000008005d6c                UsageFault_Handler
 .text.SVC_Handler
                0x0000000008005d72        0xc ./Core/Src/stm32f1xx_it.o
                0x0000000008005d72                SVC_Handler
 .text.DebugMon_Handler
                0x0000000008005d7e        0xc ./Core/Src/stm32f1xx_it.o
                0x0000000008005d7e                DebugMon_Handler
 .text.PendSV_Handler
                0x0000000008005d8a        0xc ./Core/Src/stm32f1xx_it.o
                0x0000000008005d8a                PendSV_Handler
 *fill*         0x0000000008005d96        0x2 
 .text.SysTick_Handler
                0x0000000008005d98       0x34 ./Core/Src/stm32f1xx_it.o
                0x0000000008005d98                SysTick_Handler
 .text.EXTI4_IRQHandler
                0x0000000008005dcc        0xe ./Core/Src/stm32f1xx_it.o
                0x0000000008005dcc                EXTI4_IRQHandler
 *fill*         0x0000000008005dda        0x2 
 .text.DMA1_Channel6_IRQHandler
                0x0000000008005ddc       0x14 ./Core/Src/stm32f1xx_it.o
                0x0000000008005ddc                DMA1_Channel6_IRQHandler
 .text.EXTI9_5_IRQHandler
                0x0000000008005df0       0x22 ./Core/Src/stm32f1xx_it.o
                0x0000000008005df0                EXTI9_5_IRQHandler
 *fill*         0x0000000008005e12        0x2 
 .text.TIM2_IRQHandler
                0x0000000008005e14       0x14 ./Core/Src/stm32f1xx_it.o
                0x0000000008005e14                TIM2_IRQHandler
 .text.TIM3_IRQHandler
                0x0000000008005e28       0x14 ./Core/Src/stm32f1xx_it.o
                0x0000000008005e28                TIM3_IRQHandler
 .text.USART2_IRQHandler
                0x0000000008005e3c       0x14 ./Core/Src/stm32f1xx_it.o
                0x0000000008005e3c                USART2_IRQHandler
 .text._sbrk    0x0000000008005e50       0x6c ./Core/Src/sysmem.o
                0x0000000008005e50                _sbrk
 .text.SystemInit
                0x0000000008005ebc        0xc ./Core/Src/system_stm32f1xx.o
                0x0000000008005ebc                SystemInit
 .text.Reset_Handler
                0x0000000008005ec8       0x48 ./Core/Startup/startup_stm32f103c8tx.o
                0x0000000008005ec8                Reset_Handler
 .text.Default_Handler
                0x0000000008005f10        0x2 ./Core/Startup/startup_stm32f103c8tx.o
                0x0000000008005f10                RTC_Alarm_IRQHandler
                0x0000000008005f10                EXTI2_IRQHandler
                0x0000000008005f10                TIM1_CC_IRQHandler
                0x0000000008005f10                PVD_IRQHandler
                0x0000000008005f10                EXTI3_IRQHandler
                0x0000000008005f10                EXTI0_IRQHandler
                0x0000000008005f10                I2C2_EV_IRQHandler
                0x0000000008005f10                ADC1_2_IRQHandler
                0x0000000008005f10                SPI1_IRQHandler
                0x0000000008005f10                TAMPER_IRQHandler
                0x0000000008005f10                DMA1_Channel4_IRQHandler
                0x0000000008005f10                USART3_IRQHandler
                0x0000000008005f10                RTC_IRQHandler
                0x0000000008005f10                DMA1_Channel7_IRQHandler
                0x0000000008005f10                CAN1_RX1_IRQHandler
                0x0000000008005f10                TIM4_IRQHandler
                0x0000000008005f10                I2C1_EV_IRQHandler
                0x0000000008005f10                RCC_IRQHandler
                0x0000000008005f10                TIM1_TRG_COM_IRQHandler
                0x0000000008005f10                DMA1_Channel1_IRQHandler
                0x0000000008005f10                Default_Handler
                0x0000000008005f10                EXTI15_10_IRQHandler
                0x0000000008005f10                SPI2_IRQHandler
                0x0000000008005f10                DMA1_Channel5_IRQHandler
                0x0000000008005f10                USB_LP_CAN1_RX0_IRQHandler
                0x0000000008005f10                USB_HP_CAN1_TX_IRQHandler
                0x0000000008005f10                DMA1_Channel3_IRQHandler
                0x0000000008005f10                TIM1_UP_IRQHandler
                0x0000000008005f10                WWDG_IRQHandler
                0x0000000008005f10                TIM1_BRK_IRQHandler
                0x0000000008005f10                EXTI1_IRQHandler
                0x0000000008005f10                I2C2_ER_IRQHandler
                0x0000000008005f10                DMA1_Channel2_IRQHandler
                0x0000000008005f10                CAN1_SCE_IRQHandler
                0x0000000008005f10                FLASH_IRQHandler
                0x0000000008005f10                USART1_IRQHandler
                0x0000000008005f10                I2C1_ER_IRQHandler
                0x0000000008005f10                USBWakeUp_IRQHandler
 *fill*         0x0000000008005f12        0x2 
 .text.HAL_Init
                0x0000000008005f14       0x2c ./Drivers/STM32F1xx_HAL_Driver/Src/stm32f1xx_hal.o
                0x0000000008005f14                HAL_Init
 .text.HAL_InitTick
                0x0000000008005f40       0x60 ./Drivers/STM32F1xx_HAL_Driver/Src/stm32f1xx_hal.o
                0x0000000008005f40                HAL_InitTick
 .text.HAL_IncTick
                0x0000000008005fa0       0x24 ./Drivers/STM32F1xx_HAL_Driver/Src/stm32f1xx_hal.o
                0x0000000008005fa0                HAL_IncTick
 .text.HAL_GetTick
                0x0000000008005fc4       0x14 ./Drivers/STM32F1xx_HAL_Driver/Src/stm32f1xx_hal.o
                0x0000000008005fc4                HAL_GetTick
 .text.HAL_Delay
                0x0000000008005fd8       0x48 ./Drivers/STM32F1xx_HAL_Driver/Src/stm32f1xx_hal.o
                0x0000000008005fd8                HAL_Delay
 .text.__NVIC_SetPriorityGrouping
                0x0000000008006020       0x48 ./Drivers/STM32F1xx_HAL_Driver/Src/stm32f1xx_hal_cortex.o
 .text.__NVIC_GetPriorityGrouping
                0x0000000008006068       0x1c ./Drivers/STM32F1xx_HAL_Driver/Src/stm32f1xx_hal_cortex.o
 .text.__NVIC_EnableIRQ
                0x0000000008006084       0x38 ./Drivers/STM32F1xx_HAL_Driver/Src/stm32f1xx_hal_cortex.o
 .text.__NVIC_SetPriority
                0x00000000080060bc       0x54 ./Drivers/STM32F1xx_HAL_Driver/Src/stm32f1xx_hal_cortex.o
 .text.NVIC_EncodePriority
                0x0000000008006110       0x64 ./Drivers/STM32F1xx_HAL_Driver/Src/stm32f1xx_hal_cortex.o
 .text.SysTick_Config
                0x0000000008006174       0x44 ./Drivers/STM32F1xx_HAL_Driver/Src/stm32f1xx_hal_cortex.o
 .text.HAL_NVIC_SetPriorityGrouping
                0x00000000080061b8       0x16 ./Drivers/STM32F1xx_HAL_Driver/Src/stm32f1xx_hal_cortex.o
                0x00000000080061b8                HAL_NVIC_SetPriorityGrouping
 .text.HAL_NVIC_SetPriority
                0x00000000080061ce       0x38 ./Drivers/STM32F1xx_HAL_Driver/Src/stm32f1xx_hal_cortex.o
                0x00000000080061ce                HAL_NVIC_SetPriority
 .text.HAL_NVIC_EnableIRQ
                0x0000000008006206       0x1c ./Drivers/STM32F1xx_HAL_Driver/Src/stm32f1xx_hal_cortex.o
                0x0000000008006206                HAL_NVIC_EnableIRQ
 .text.HAL_SYSTICK_Config
                0x0000000008006222       0x18 ./Drivers/STM32F1xx_HAL_Driver/Src/stm32f1xx_hal_cortex.o
                0x0000000008006222                HAL_SYSTICK_Config
 *fill*         0x000000000800623a        0x2 
 .text.HAL_DMA_Init
                0x000000000800623c       0xb4 ./Drivers/STM32F1xx_HAL_Driver/Src/stm32f1xx_hal_dma.o
                0x000000000800623c                HAL_DMA_Init
 .text.HAL_DMA_Start_IT
                0x00000000080062f0       0xbe ./Drivers/STM32F1xx_HAL_Driver/Src/stm32f1xx_hal_dma.o
                0x00000000080062f0                HAL_DMA_Start_IT
 .text.HAL_DMA_Abort
                0x00000000080063ae       0x74 ./Drivers/STM32F1xx_HAL_Driver/Src/stm32f1xx_hal_dma.o
                0x00000000080063ae                HAL_DMA_Abort
 *fill*         0x0000000008006422        0x2 
 .text.HAL_DMA_Abort_IT
                0x0000000008006424       0xec ./Drivers/STM32F1xx_HAL_Driver/Src/stm32f1xx_hal_dma.o
                0x0000000008006424                HAL_DMA_Abort_IT
 .text.HAL_DMA_IRQHandler
                0x0000000008006510      0x20c ./Drivers/STM32F1xx_HAL_Driver/Src/stm32f1xx_hal_dma.o
                0x0000000008006510                HAL_DMA_IRQHandler
 .text.DMA_SetConfig
                0x000000000800671c       0x5a ./Drivers/STM32F1xx_HAL_Driver/Src/stm32f1xx_hal_dma.o
 *fill*         0x0000000008006776        0x2 
 .text.HAL_GPIO_Init
                0x0000000008006778      0x308 ./Drivers/STM32F1xx_HAL_Driver/Src/stm32f1xx_hal_gpio.o
                0x0000000008006778                HAL_GPIO_Init
 .text.HAL_GPIO_WritePin
                0x0000000008006a80       0x30 ./Drivers/STM32F1xx_HAL_Driver/Src/stm32f1xx_hal_gpio.o
                0x0000000008006a80                HAL_GPIO_WritePin
 .text.HAL_GPIO_TogglePin
                0x0000000008006ab0       0x32 ./Drivers/STM32F1xx_HAL_Driver/Src/stm32f1xx_hal_gpio.o
                0x0000000008006ab0                HAL_GPIO_TogglePin
 *fill*         0x0000000008006ae2        0x2 
 .text.HAL_GPIO_EXTI_IRQHandler
                0x0000000008006ae4       0x30 ./Drivers/STM32F1xx_HAL_Driver/Src/stm32f1xx_hal_gpio.o
                0x0000000008006ae4                HAL_GPIO_EXTI_IRQHandler
 .text.HAL_RCC_OscConfig
                0x0000000008006b14      0x504 ./Drivers/STM32F1xx_HAL_Driver/Src/stm32f1xx_hal_rcc.o
                0x0000000008006b14                HAL_RCC_OscConfig
 .text.HAL_RCC_ClockConfig
                0x0000000008007018      0x1d4 ./Drivers/STM32F1xx_HAL_Driver/Src/stm32f1xx_hal_rcc.o
                0x0000000008007018                HAL_RCC_ClockConfig
 .text.HAL_RCC_GetSysClockFreq
                0x00000000080071ec       0xbc ./Drivers/STM32F1xx_HAL_Driver/Src/stm32f1xx_hal_rcc.o
                0x00000000080071ec                HAL_RCC_GetSysClockFreq
 .text.HAL_RCC_GetHCLKFreq
                0x00000000080072a8       0x14 ./Drivers/STM32F1xx_HAL_Driver/Src/stm32f1xx_hal_rcc.o
                0x00000000080072a8                HAL_RCC_GetHCLKFreq
 .text.HAL_RCC_GetPCLK1Freq
                0x00000000080072bc       0x28 ./Drivers/STM32F1xx_HAL_Driver/Src/stm32f1xx_hal_rcc.o
                0x00000000080072bc                HAL_RCC_GetPCLK1Freq
 .text.HAL_RCC_GetPCLK2Freq
                0x00000000080072e4       0x28 ./Drivers/STM32F1xx_HAL_Driver/Src/stm32f1xx_hal_rcc.o
                0x00000000080072e4                HAL_RCC_GetPCLK2Freq
 .text.RCC_Delay
                0x000000000800730c       0x3c ./Drivers/STM32F1xx_HAL_Driver/Src/stm32f1xx_hal_rcc.o
 .text.HAL_SPI_Init
                0x0000000008007348      0x108 ./Drivers/STM32F1xx_HAL_Driver/Src/stm32f1xx_hal_spi.o
                0x0000000008007348                HAL_SPI_Init
 .text.HAL_SPI_Transmit
                0x0000000008007450      0x278 ./Drivers/STM32F1xx_HAL_Driver/Src/stm32f1xx_hal_spi.o
                0x0000000008007450                HAL_SPI_Transmit
 .text.HAL_SPI_TransmitReceive
                0x00000000080076c8      0x344 ./Drivers/STM32F1xx_HAL_Driver/Src/stm32f1xx_hal_spi.o
                0x00000000080076c8                HAL_SPI_TransmitReceive
 .text.SPI_WaitFlagStateUntilTimeout
                0x0000000008007a0c      0x110 ./Drivers/STM32F1xx_HAL_Driver/Src/stm32f1xx_hal_spi.o
 .text.SPI_EndRxTxTransaction
                0x0000000008007b1c       0x3c ./Drivers/STM32F1xx_HAL_Driver/Src/stm32f1xx_hal_spi.o
 .text.HAL_TIM_Base_Init
                0x0000000008007b58       0x9e ./Drivers/STM32F1xx_HAL_Driver/Src/stm32f1xx_hal_tim.o
                0x0000000008007b58                HAL_TIM_Base_Init
 *fill*         0x0000000008007bf6        0x2 
 .text.HAL_TIM_Base_Start_IT
                0x0000000008007bf8       0xa4 ./Drivers/STM32F1xx_HAL_Driver/Src/stm32f1xx_hal_tim.o
                0x0000000008007bf8                HAL_TIM_Base_Start_IT
 .text.HAL_TIM_Base_Stop_IT
                0x0000000008007c9c       0x5c ./Drivers/STM32F1xx_HAL_Driver/Src/stm32f1xx_hal_tim.o
                0x0000000008007c9c                HAL_TIM_Base_Stop_IT
 .text.HAL_TIM_Encoder_Init
                0x0000000008007cf8      0x144 ./Drivers/STM32F1xx_HAL_Driver/Src/stm32f1xx_hal_tim.o
                0x0000000008007cf8                HAL_TIM_Encoder_Init
 .text.HAL_TIM_Encoder_Start_IT
                0x0000000008007e3c      0x15c ./Drivers/STM32F1xx_HAL_Driver/Src/stm32f1xx_hal_tim.o
                0x0000000008007e3c                HAL_TIM_Encoder_Start_IT
 .text.HAL_TIM_Encoder_Stop_IT
                0x0000000008007f98      0x16a ./Drivers/STM32F1xx_HAL_Driver/Src/stm32f1xx_hal_tim.o
                0x0000000008007f98                HAL_TIM_Encoder_Stop_IT
 .text.HAL_TIM_IRQHandler
                0x0000000008008102      0x210 ./Drivers/STM32F1xx_HAL_Driver/Src/stm32f1xx_hal_tim.o
                0x0000000008008102                HAL_TIM_IRQHandler
 .text.HAL_TIM_ConfigClockSource
                0x0000000008008312      0x188 ./Drivers/STM32F1xx_HAL_Driver/Src/stm32f1xx_hal_tim.o
                0x0000000008008312                HAL_TIM_ConfigClockSource
 .text.HAL_TIM_OC_DelayElapsedCallback
                0x000000000800849a       0x12 ./Drivers/STM32F1xx_HAL_Driver/Src/stm32f1xx_hal_tim.o
                0x000000000800849a                HAL_TIM_OC_DelayElapsedCallback
 .text.HAL_TIM_PWM_PulseFinishedCallback
                0x00000000080084ac       0x12 ./Drivers/STM32F1xx_HAL_Driver/Src/stm32f1xx_hal_tim.o
                0x00000000080084ac                HAL_TIM_PWM_PulseFinishedCallback
 .text.HAL_TIM_TriggerCallback
                0x00000000080084be       0x12 ./Drivers/STM32F1xx_HAL_Driver/Src/stm32f1xx_hal_tim.o
                0x00000000080084be                HAL_TIM_TriggerCallback
 .text.TIM_Base_SetConfig
                0x00000000080084d0       0xc4 ./Drivers/STM32F1xx_HAL_Driver/Src/stm32f1xx_hal_tim.o
                0x00000000080084d0                TIM_Base_SetConfig
 .text.TIM_TI1_ConfigInputStage
                0x0000000008008594       0x5c ./Drivers/STM32F1xx_HAL_Driver/Src/stm32f1xx_hal_tim.o
 .text.TIM_TI2_ConfigInputStage
                0x00000000080085f0       0x5e ./Drivers/STM32F1xx_HAL_Driver/Src/stm32f1xx_hal_tim.o
 .text.TIM_ITRx_SetConfig
                0x000000000800864e       0x34 ./Drivers/STM32F1xx_HAL_Driver/Src/stm32f1xx_hal_tim.o
 .text.TIM_ETR_SetConfig
                0x0000000008008682       0x3e ./Drivers/STM32F1xx_HAL_Driver/Src/stm32f1xx_hal_tim.o
                0x0000000008008682                TIM_ETR_SetConfig
 .text.TIM_CCxChannelCmd
                0x00000000080086c0       0x48 ./Drivers/STM32F1xx_HAL_Driver/Src/stm32f1xx_hal_tim.o
                0x00000000080086c0                TIM_CCxChannelCmd
 .text.HAL_TIMEx_MasterConfigSynchronization
                0x0000000008008708       0xbc ./Drivers/STM32F1xx_HAL_Driver/Src/stm32f1xx_hal_tim_ex.o
                0x0000000008008708                HAL_TIMEx_MasterConfigSynchronization
 .text.HAL_TIMEx_CommutCallback
                0x00000000080087c4       0x12 ./Drivers/STM32F1xx_HAL_Driver/Src/stm32f1xx_hal_tim_ex.o
                0x00000000080087c4                HAL_TIMEx_CommutCallback
 .text.HAL_TIMEx_BreakCallback
                0x00000000080087d6       0x12 ./Drivers/STM32F1xx_HAL_Driver/Src/stm32f1xx_hal_tim_ex.o
                0x00000000080087d6                HAL_TIMEx_BreakCallback
 .text.HAL_UART_Init
                0x00000000080087e8       0x9a ./Drivers/STM32F1xx_HAL_Driver/Src/stm32f1xx_hal_uart.o
                0x00000000080087e8                HAL_UART_Init
 .text.HAL_UART_Transmit
                0x0000000008008882      0x124 ./Drivers/STM32F1xx_HAL_Driver/Src/stm32f1xx_hal_uart.o
                0x0000000008008882                HAL_UART_Transmit
 .text.HAL_UARTEx_ReceiveToIdle_DMA
                0x00000000080089a6       0x9e ./Drivers/STM32F1xx_HAL_Driver/Src/stm32f1xx_hal_uart.o
                0x00000000080089a6                HAL_UARTEx_ReceiveToIdle_DMA
 .text.HAL_UART_IRQHandler
                0x0000000008008a44      0x354 ./Drivers/STM32F1xx_HAL_Driver/Src/stm32f1xx_hal_uart.o
                0x0000000008008a44                HAL_UART_IRQHandler
 .text.HAL_UART_TxCpltCallback
                0x0000000008008d98       0x12 ./Drivers/STM32F1xx_HAL_Driver/Src/stm32f1xx_hal_uart.o
                0x0000000008008d98                HAL_UART_TxCpltCallback
 .text.HAL_UART_RxCpltCallback
                0x0000000008008daa       0x12 ./Drivers/STM32F1xx_HAL_Driver/Src/stm32f1xx_hal_uart.o
                0x0000000008008daa                HAL_UART_RxCpltCallback
 .text.HAL_UART_RxHalfCpltCallback
                0x0000000008008dbc       0x12 ./Drivers/STM32F1xx_HAL_Driver/Src/stm32f1xx_hal_uart.o
                0x0000000008008dbc                HAL_UART_RxHalfCpltCallback
 .text.HAL_UART_ErrorCallback
                0x0000000008008dce       0x12 ./Drivers/STM32F1xx_HAL_Driver/Src/stm32f1xx_hal_uart.o
                0x0000000008008dce                HAL_UART_ErrorCallback
 .text.UART_DMAReceiveCplt
                0x0000000008008de0       0x96 ./Drivers/STM32F1xx_HAL_Driver/Src/stm32f1xx_hal_uart.o
 .text.UART_DMARxHalfCplt
                0x0000000008008e76       0x36 ./Drivers/STM32F1xx_HAL_Driver/Src/stm32f1xx_hal_uart.o
 .text.UART_DMAError
                0x0000000008008eac       0x94 ./Drivers/STM32F1xx_HAL_Driver/Src/stm32f1xx_hal_uart.o
 .text.UART_WaitOnFlagUntilTimeout
                0x0000000008008f40       0x94 ./Drivers/STM32F1xx_HAL_Driver/Src/stm32f1xx_hal_uart.o
 .text.UART_Start_Receive_DMA
                0x0000000008008fd4       0xc8 ./Drivers/STM32F1xx_HAL_Driver/Src/stm32f1xx_hal_uart.o
                0x0000000008008fd4                UART_Start_Receive_DMA
 .text.UART_EndTxTransfer
                0x000000000800909c       0x2a ./Drivers/STM32F1xx_HAL_Driver/Src/stm32f1xx_hal_uart.o
 .text.UART_EndRxTransfer
                0x00000000080090c6       0x58 ./Drivers/STM32F1xx_HAL_Driver/Src/stm32f1xx_hal_uart.o
 .text.UART_DMAAbortOnError
                0x000000000800911e       0x28 ./Drivers/STM32F1xx_HAL_Driver/Src/stm32f1xx_hal_uart.o
 .text.UART_Transmit_IT
                0x0000000008009146       0x9e ./Drivers/STM32F1xx_HAL_Driver/Src/stm32f1xx_hal_uart.o
 .text.UART_EndTransmit_IT
                0x00000000080091e4       0x30 ./Drivers/STM32F1xx_HAL_Driver/Src/stm32f1xx_hal_uart.o
 .text.UART_Receive_IT
                0x0000000008009214      0x152 ./Drivers/STM32F1xx_HAL_Driver/Src/stm32f1xx_hal_uart.o
 *fill*         0x0000000008009366        0x2 
 .text.UART_SetConfig
                0x0000000008009368      0x11c ./Drivers/STM32F1xx_HAL_Driver/Src/stm32f1xx_hal_uart.o
 .text.MX_FATFS_Init
                0x0000000008009484       0x24 ./FATFS/App/fatfs.o
                0x0000000008009484                MX_FATFS_Init
 .text.USER_initialize
                0x00000000080094a8       0x1e ./FATFS/Target/user_diskio.o
                0x00000000080094a8                USER_initialize
 .text.USER_status
                0x00000000080094c6       0x1e ./FATFS/Target/user_diskio.o
                0x00000000080094c6                USER_status
 .text.USER_read
                0x00000000080094e4       0x28 ./FATFS/Target/user_diskio.o
                0x00000000080094e4                USER_read
 .text.USER_write
                0x000000000800950c       0x28 ./FATFS/Target/user_diskio.o
                0x000000000800950c                USER_write
 .text.USER_ioctl
                0x0000000008009534       0x28 ./FATFS/Target/user_diskio.o
                0x0000000008009534                USER_ioctl
 .text.FATFS_LinkDriverEx
                0x000000000800955c       0x94 ./Middlewares/Third_Party/FatFs/src/ff_gen_drv.o
                0x000000000800955c                FATFS_LinkDriverEx
 .text.FATFS_LinkDriver
                0x00000000080095f0       0x1e ./Middlewares/Third_Party/FatFs/src/ff_gen_drv.o
                0x00000000080095f0                FATFS_LinkDriver
 *fill*         0x000000000800960e        0x2 
 .text.__errno  0x0000000008009610        0xc c:/st/stm32cubeide_1.10.1/stm32cubeide/plugins/com.st.stm32cube.ide.mcu.externaltools.gnu-tools-for-stm32.10.3-2021.10.win32_1.0.0.202111181127/tools/bin/../lib/gcc/arm-none-eabi/10.3.1/../../../../arm-none-eabi/lib/thumb/v7-m/nofp\libc_nano.a(lib_a-errno.o)
                0x0000000008009610                __errno
 .text.__libc_init_array
                0x000000000800961c       0x48 c:/st/stm32cubeide_1.10.1/stm32cubeide/plugins/com.st.stm32cube.ide.mcu.externaltools.gnu-tools-for-stm32.10.3-2021.10.win32_1.0.0.202111181127/tools/bin/../lib/gcc/arm-none-eabi/10.3.1/../../../../arm-none-eabi/lib/thumb/v7-m/nofp\libc_nano.a(lib_a-init.o)
                0x000000000800961c                __libc_init_array
 .text.__retarget_lock_acquire
                0x0000000008009664        0x2 c:/st/stm32cubeide_1.10.1/stm32cubeide/plugins/com.st.stm32cube.ide.mcu.externaltools.gnu-tools-for-stm32.10.3-2021.10.win32_1.0.0.202111181127/tools/bin/../lib/gcc/arm-none-eabi/10.3.1/../../../../arm-none-eabi/lib/thumb/v7-m/nofp\libc_nano.a(lib_a-lock.o)
                0x0000000008009664                __retarget_lock_acquire
 .text.__retarget_lock_acquire_recursive
                0x0000000008009666        0x2 c:/st/stm32cubeide_1.10.1/stm32cubeide/plugins/com.st.stm32cube.ide.mcu.externaltools.gnu-tools-for-stm32.10.3-2021.10.win32_1.0.0.202111181127/tools/bin/../lib/gcc/arm-none-eabi/10.3.1/../../../../arm-none-eabi/lib/thumb/v7-m/nofp\libc_nano.a(lib_a-lock.o)
                0x0000000008009666                __retarget_lock_acquire_recursive
 .text.__retarget_lock_release
                0x0000000008009668        0x2 c:/st/stm32cubeide_1.10.1/stm32cubeide/plugins/com.st.stm32cube.ide.mcu.externaltools.gnu-tools-for-stm32.10.3-2021.10.win32_1.0.0.202111181127/tools/bin/../lib/gcc/arm-none-eabi/10.3.1/../../../../arm-none-eabi/lib/thumb/v7-m/nofp\libc_nano.a(lib_a-lock.o)
                0x0000000008009668                __retarget_lock_release
 .text.__retarget_lock_release_recursive
                0x000000000800966a        0x2 c:/st/stm32cubeide_1.10.1/stm32cubeide/plugins/com.st.stm32cube.ide.mcu.externaltools.gnu-tools-for-stm32.10.3-2021.10.win32_1.0.0.202111181127/tools/bin/../lib/gcc/arm-none-eabi/10.3.1/../../../../arm-none-eabi/lib/thumb/v7-m/nofp\libc_nano.a(lib_a-lock.o)
                0x000000000800966a                __retarget_lock_release_recursive
 .text.memcpy   0x000000000800966c       0x1c c:/st/stm32cubeide_1.10.1/stm32cubeide/plugins/com.st.stm32cube.ide.mcu.externaltools.gnu-tools-for-stm32.10.3-2021.10.win32_1.0.0.202111181127/tools/bin/../lib/gcc/arm-none-eabi/10.3.1/../../../../arm-none-eabi/lib/thumb/v7-m/nofp\libc_nano.a(lib_a-memcpy-stub.o)
                0x000000000800966c                memcpy
 .text.memset   0x0000000008009688       0x10 c:/st/stm32cubeide_1.10.1/stm32cubeide/plugins/com.st.stm32cube.ide.mcu.externaltools.gnu-tools-for-stm32.10.3-2021.10.win32_1.0.0.202111181127/tools/bin/../lib/gcc/arm-none-eabi/10.3.1/../../../../arm-none-eabi/lib/thumb/v7-m/nofp\libc_nano.a(lib_a-memset.o)
                0x0000000008009688                memset
 .text._free_r  0x0000000008009698       0x90 c:/st/stm32cubeide_1.10.1/stm32cubeide/plugins/com.st.stm32cube.ide.mcu.externaltools.gnu-tools-for-stm32.10.3-2021.10.win32_1.0.0.202111181127/tools/bin/../lib/gcc/arm-none-eabi/10.3.1/../../../../arm-none-eabi/lib/thumb/v7-m/nofp\libc_nano.a(lib_a-nano-freer.o)
                0x0000000008009698                _free_r
 .text.sbrk_aligned
                0x0000000008009728       0x40 c:/st/stm32cubeide_1.10.1/stm32cubeide/plugins/com.st.stm32cube.ide.mcu.externaltools.gnu-tools-for-stm32.10.3-2021.10.win32_1.0.0.202111181127/tools/bin/../lib/gcc/arm-none-eabi/10.3.1/../../../../arm-none-eabi/lib/thumb/v7-m/nofp\libc_nano.a(lib_a-nano-mallocr.o)
 .text._malloc_r
                0x0000000008009768       0xe8 c:/st/stm32cubeide_1.10.1/stm32cubeide/plugins/com.st.stm32cube.ide.mcu.externaltools.gnu-tools-for-stm32.10.3-2021.10.win32_1.0.0.202111181127/tools/bin/../lib/gcc/arm-none-eabi/10.3.1/../../../../arm-none-eabi/lib/thumb/v7-m/nofp\libc_nano.a(lib_a-nano-mallocr.o)
                0x0000000008009768                _malloc_r
 .text._sbrk_r  0x0000000008009850       0x20 c:/st/stm32cubeide_1.10.1/stm32cubeide/plugins/com.st.stm32cube.ide.mcu.externaltools.gnu-tools-for-stm32.10.3-2021.10.win32_1.0.0.202111181127/tools/bin/../lib/gcc/arm-none-eabi/10.3.1/../../../../arm-none-eabi/lib/thumb/v7-m/nofp\libc_nano.a(lib_a-sbrkr.o)
                0x0000000008009850                _sbrk_r
 .text.sprintf  0x0000000008009870       0x40 c:/st/stm32cubeide_1.10.1/stm32cubeide/plugins/com.st.stm32cube.ide.mcu.externaltools.gnu-tools-for-stm32.10.3-2021.10.win32_1.0.0.202111181127/tools/bin/../lib/gcc/arm-none-eabi/10.3.1/../../../../arm-none-eabi/lib/thumb/v7-m/nofp\libc_nano.a(lib_a-sprintf.o)
                0x0000000008009870                siprintf
                0x0000000008009870                sprintf
 .text.__seofread
                0x00000000080098b0        0x4 c:/st/stm32cubeide_1.10.1/stm32cubeide/plugins/com.st.stm32cube.ide.mcu.externaltools.gnu-tools-for-stm32.10.3-2021.10.win32_1.0.0.202111181127/tools/bin/../lib/gcc/arm-none-eabi/10.3.1/../../../../arm-none-eabi/lib/thumb/v7-m/nofp\libc_nano.a(lib_a-stdio.o)
                0x00000000080098b0                __seofread
 .text.iso_year_adjust
                0x00000000080098b4       0xc4 c:/st/stm32cubeide_1.10.1/stm32cubeide/plugins/com.st.stm32cube.ide.mcu.externaltools.gnu-tools-for-stm32.10.3-2021.10.win32_1.0.0.202111181127/tools/bin/../lib/gcc/arm-none-eabi/10.3.1/../../../../arm-none-eabi/lib/thumb/v7-m/nofp\libc_nano.a(lib_a-strftime.o)
 .text.__strftime.isra.0
                0x0000000008009978      0x9a4 c:/st/stm32cubeide_1.10.1/stm32cubeide/plugins/com.st.stm32cube.ide.mcu.externaltools.gnu-tools-for-stm32.10.3-2021.10.win32_1.0.0.202111181127/tools/bin/../lib/gcc/arm-none-eabi/10.3.1/../../../../arm-none-eabi/lib/thumb/v7-m/nofp\libc_nano.a(lib_a-strftime.o)
 .text.strftime
                0x000000000800a31c        0x4 c:/st/stm32cubeide_1.10.1/stm32cubeide/plugins/com.st.stm32cube.ide.mcu.externaltools.gnu-tools-for-stm32.10.3-2021.10.win32_1.0.0.202111181127/tools/bin/../lib/gcc/arm-none-eabi/10.3.1/../../../../arm-none-eabi/lib/thumb/v7-m/nofp\libc_nano.a(lib_a-strftime.o)
                0x000000000800a31c                strftime
 .text._strtol_l.constprop.0
                0x000000000800a320       0xf8 c:/st/stm32cubeide_1.10.1/stm32cubeide/plugins/com.st.stm32cube.ide.mcu.externaltools.gnu-tools-for-stm32.10.3-2021.10.win32_1.0.0.202111181127/tools/bin/../lib/gcc/arm-none-eabi/10.3.1/../../../../arm-none-eabi/lib/thumb/v7-m/nofp\libc_nano.a(lib_a-strtol.o)
 .text._strtol_r
                0x000000000800a418        0x4 c:/st/stm32cubeide_1.10.1/stm32cubeide/plugins/com.st.stm32cube.ide.mcu.externaltools.gnu-tools-for-stm32.10.3-2021.10.win32_1.0.0.202111181127/tools/bin/../lib/gcc/arm-none-eabi/10.3.1/../../../../arm-none-eabi/lib/thumb/v7-m/nofp\libc_nano.a(lib_a-strtol.o)
                0x000000000800a418                _strtol_r
 .text.strtol   0x000000000800a41c       0x14 c:/st/stm32cubeide_1.10.1/stm32cubeide/plugins/com.st.stm32cube.ide.mcu.externaltools.gnu-tools-for-stm32.10.3-2021.10.win32_1.0.0.202111181127/tools/bin/../lib/gcc/arm-none-eabi/10.3.1/../../../../arm-none-eabi/lib/thumb/v7-m/nofp\libc_nano.a(lib_a-strtol.o)
                0x000000000800a41c                strtol
 .text._strtoul_l.constprop.0
                0x000000000800a430       0xe4 c:/st/stm32cubeide_1.10.1/stm32cubeide/plugins/com.st.stm32cube.ide.mcu.externaltools.gnu-tools-for-stm32.10.3-2021.10.win32_1.0.0.202111181127/tools/bin/../lib/gcc/arm-none-eabi/10.3.1/../../../../arm-none-eabi/lib/thumb/v7-m/nofp\libc_nano.a(lib_a-strtoul.o)
 .text._strtoul_r
                0x000000000800a514        0x4 c:/st/stm32cubeide_1.10.1/stm32cubeide/plugins/com.st.stm32cube.ide.mcu.externaltools.gnu-tools-for-stm32.10.3-2021.10.win32_1.0.0.202111181127/tools/bin/../lib/gcc/arm-none-eabi/10.3.1/../../../../arm-none-eabi/lib/thumb/v7-m/nofp\libc_nano.a(lib_a-strtoul.o)
                0x000000000800a514                _strtoul_r
 .text.strtoul  0x000000000800a518       0x14 c:/st/stm32cubeide_1.10.1/stm32cubeide/plugins/com.st.stm32cube.ide.mcu.externaltools.gnu-tools-for-stm32.10.3-2021.10.win32_1.0.0.202111181127/tools/bin/../lib/gcc/arm-none-eabi/10.3.1/../../../../arm-none-eabi/lib/thumb/v7-m/nofp\libc_nano.a(lib_a-strtoul.o)
                0x000000000800a518                strtoul
 .text.__tz_lock
                0x000000000800a52c        0xc c:/st/stm32cubeide_1.10.1/stm32cubeide/plugins/com.st.stm32cube.ide.mcu.externaltools.gnu-tools-for-stm32.10.3-2021.10.win32_1.0.0.202111181127/tools/bin/../lib/gcc/arm-none-eabi/10.3.1/../../../../arm-none-eabi/lib/thumb/v7-m/nofp\libc_nano.a(lib_a-tzlock.o)
                0x000000000800a52c                __tz_lock
 .text.__tz_unlock
                0x000000000800a538        0xc c:/st/stm32cubeide_1.10.1/stm32cubeide/plugins/com.st.stm32cube.ide.mcu.externaltools.gnu-tools-for-stm32.10.3-2021.10.win32_1.0.0.202111181127/tools/bin/../lib/gcc/arm-none-eabi/10.3.1/../../../../arm-none-eabi/lib/thumb/v7-m/nofp\libc_nano.a(lib_a-tzlock.o)
                0x000000000800a538                __tz_unlock
 .text._tzset_unlocked
                0x000000000800a544        0xc c:/st/stm32cubeide_1.10.1/stm32cubeide/plugins/com.st.stm32cube.ide.mcu.externaltools.gnu-tools-for-stm32.10.3-2021.10.win32_1.0.0.202111181127/tools/bin/../lib/gcc/arm-none-eabi/10.3.1/../../../../arm-none-eabi/lib/thumb/v7-m/nofp\libc_nano.a(lib_a-tzset.o)
                0x000000000800a544                _tzset_unlocked
 .text._tzset_unlocked_r
                0x000000000800a550      0x304 c:/st/stm32cubeide_1.10.1/stm32cubeide/plugins/com.st.stm32cube.ide.mcu.externaltools.gnu-tools-for-stm32.10.3-2021.10.win32_1.0.0.202111181127/tools/bin/../lib/gcc/arm-none-eabi/10.3.1/../../../../arm-none-eabi/lib/thumb/v7-m/nofp\libc_nano.a(lib_a-tzset_r.o)
                0x000000000800a550                _tzset_unlocked_r
 .text.abs      0x000000000800a854        0x8 c:/st/stm32cubeide_1.10.1/stm32cubeide/plugins/com.st.stm32cube.ide.mcu.externaltools.gnu-tools-for-stm32.10.3-2021.10.win32_1.0.0.202111181127/tools/bin/../lib/gcc/arm-none-eabi/10.3.1/../../../../arm-none-eabi/lib/thumb/v7-m/nofp\libc_nano.a(lib_a-abs.o)
                0x000000000800a854                abs
 .text._findenv_r
                0x000000000800a85c       0x78 c:/st/stm32cubeide_1.10.1/stm32cubeide/plugins/com.st.stm32cube.ide.mcu.externaltools.gnu-tools-for-stm32.10.3-2021.10.win32_1.0.0.202111181127/tools/bin/../lib/gcc/arm-none-eabi/10.3.1/../../../../arm-none-eabi/lib/thumb/v7-m/nofp\libc_nano.a(lib_a-getenv_r.o)
                0x000000000800a85c                _findenv_r
 .text._getenv_r
                0x000000000800a8d4        0xe c:/st/stm32cubeide_1.10.1/stm32cubeide/plugins/com.st.stm32cube.ide.mcu.externaltools.gnu-tools-for-stm32.10.3-2021.10.win32_1.0.0.202111181127/tools/bin/../lib/gcc/arm-none-eabi/10.3.1/../../../../arm-none-eabi/lib/thumb/v7-m/nofp\libc_nano.a(lib_a-getenv_r.o)
                0x000000000800a8d4                _getenv_r
 *fill*         0x000000000800a8e2        0x2 
 .text.__gettzinfo
                0x000000000800a8e4        0x8 c:/st/stm32cubeide_1.10.1/stm32cubeide/plugins/com.st.stm32cube.ide.mcu.externaltools.gnu-tools-for-stm32.10.3-2021.10.win32_1.0.0.202111181127/tools/bin/../lib/gcc/arm-none-eabi/10.3.1/../../../../arm-none-eabi/lib/thumb/v7-m/nofp\libc_nano.a(lib_a-gettzinfo.o)
                0x000000000800a8e4                __gettzinfo
 .text.labs     0x000000000800a8ec        0x8 c:/st/stm32cubeide_1.10.1/stm32cubeide/plugins/com.st.stm32cube.ide.mcu.externaltools.gnu-tools-for-stm32.10.3-2021.10.win32_1.0.0.202111181127/tools/bin/../lib/gcc/arm-none-eabi/10.3.1/../../../../arm-none-eabi/lib/thumb/v7-m/nofp\libc_nano.a(lib_a-labs.o)
                0x000000000800a8ec                labs
 .text.free     0x000000000800a8f4       0x10 c:/st/stm32cubeide_1.10.1/stm32cubeide/plugins/com.st.stm32cube.ide.mcu.externaltools.gnu-tools-for-stm32.10.3-2021.10.win32_1.0.0.202111181127/tools/bin/../lib/gcc/arm-none-eabi/10.3.1/../../../../arm-none-eabi/lib/thumb/v7-m/nofp\libc_nano.a(lib_a-malloc.o)
                0x000000000800a8f4                free
 .text.__malloc_lock
                0x000000000800a904        0xc c:/st/stm32cubeide_1.10.1/stm32cubeide/plugins/com.st.stm32cube.ide.mcu.externaltools.gnu-tools-for-stm32.10.3-2021.10.win32_1.0.0.202111181127/tools/bin/../lib/gcc/arm-none-eabi/10.3.1/../../../../arm-none-eabi/lib/thumb/v7-m/nofp\libc_nano.a(lib_a-mlock.o)
                0x000000000800a904                __malloc_lock
 .text.__malloc_unlock
                0x000000000800a910        0xc c:/st/stm32cubeide_1.10.1/stm32cubeide/plugins/com.st.stm32cube.ide.mcu.externaltools.gnu-tools-for-stm32.10.3-2021.10.win32_1.0.0.202111181127/tools/bin/../lib/gcc/arm-none-eabi/10.3.1/../../../../arm-none-eabi/lib/thumb/v7-m/nofp\libc_nano.a(lib_a-mlock.o)
                0x000000000800a910                __malloc_unlock
 .text.__ssputs_r
                0x000000000800a91c       0xb6 c:/st/stm32cubeide_1.10.1/stm32cubeide/plugins/com.st.stm32cube.ide.mcu.externaltools.gnu-tools-for-stm32.10.3-2021.10.win32_1.0.0.202111181127/tools/bin/../lib/gcc/arm-none-eabi/10.3.1/../../../../arm-none-eabi/lib/thumb/v7-m/nofp\libc_nano.a(lib_a-nano-svfprintf.o)
                0x000000000800a91c                __ssputs_r
 *fill*         0x000000000800a9d2        0x2 
 .text._svfprintf_r
                0x000000000800a9d4      0x200 c:/st/stm32cubeide_1.10.1/stm32cubeide/plugins/com.st.stm32cube.ide.mcu.externaltools.gnu-tools-for-stm32.10.3-2021.10.win32_1.0.0.202111181127/tools/bin/../lib/gcc/arm-none-eabi/10.3.1/../../../../arm-none-eabi/lib/thumb/v7-m/nofp\libc_nano.a(lib_a-nano-svfprintf.o)
                0x000000000800a9d4                _svfiprintf_r
                0x000000000800a9d4                _svfprintf_r
 .text._printf_common
                0x000000000800abd4       0xde c:/st/stm32cubeide_1.10.1/stm32cubeide/plugins/com.st.stm32cube.ide.mcu.externaltools.gnu-tools-for-stm32.10.3-2021.10.win32_1.0.0.202111181127/tools/bin/../lib/gcc/arm-none-eabi/10.3.1/../../../../arm-none-eabi/lib/thumb/v7-m/nofp\libc_nano.a(lib_a-nano-vfprintf_i.o)
                0x000000000800abd4                _printf_common
 *fill*         0x000000000800acb2        0x2 
 .text._printf_i
                0x000000000800acb4      0x24c c:/st/stm32cubeide_1.10.1/stm32cubeide/plugins/com.st.stm32cube.ide.mcu.externaltools.gnu-tools-for-stm32.10.3-2021.10.win32_1.0.0.202111181127/tools/bin/../lib/gcc/arm-none-eabi/10.3.1/../../../../arm-none-eabi/lib/thumb/v7-m/nofp\libc_nano.a(lib_a-nano-vfprintf_i.o)
                0x000000000800acb4                _printf_i
 .text.snprintf
                0x000000000800af00       0x68 c:/st/stm32cubeide_1.10.1/stm32cubeide/plugins/com.st.stm32cube.ide.mcu.externaltools.gnu-tools-for-stm32.10.3-2021.10.win32_1.0.0.202111181127/tools/bin/../lib/gcc/arm-none-eabi/10.3.1/../../../../arm-none-eabi/lib/thumb/v7-m/nofp\libc_nano.a(lib_a-snprintf.o)
                0x000000000800af00                sniprintf
                0x000000000800af00                snprintf
 .text.sscanf   0x000000000800af68       0x54 c:/st/stm32cubeide_1.10.1/stm32cubeide/plugins/com.st.stm32cube.ide.mcu.externaltools.gnu-tools-for-stm32.10.3-2021.10.win32_1.0.0.202111181127/tools/bin/../lib/gcc/arm-none-eabi/10.3.1/../../../../arm-none-eabi/lib/thumb/v7-m/nofp\libc_nano.a(lib_a-sscanf.o)
                0x000000000800af68                siscanf
                0x000000000800af68                sscanf
 .text.strcpy   0x000000000800afbc       0x10 c:/st/stm32cubeide_1.10.1/stm32cubeide/plugins/com.st.stm32cube.ide.mcu.externaltools.gnu-tools-for-stm32.10.3-2021.10.win32_1.0.0.202111181127/tools/bin/../lib/gcc/arm-none-eabi/10.3.1/../../../../arm-none-eabi/lib/thumb/v7-m/nofp\libc_nano.a(lib_a-strcpy.o)
                0x000000000800afbc                strcpy
 .text.strncmp  0x000000000800afcc       0x28 c:/st/stm32cubeide_1.10.1/stm32cubeide/plugins/com.st.stm32cube.ide.mcu.externaltools.gnu-tools-for-stm32.10.3-2021.10.win32_1.0.0.202111181127/tools/bin/../lib/gcc/arm-none-eabi/10.3.1/../../../../arm-none-eabi/lib/thumb/v7-m/nofp\libc_nano.a(lib_a-strncmp.o)
                0x000000000800afcc                strncmp
 .text.__tzcalc_limits
                0x000000000800aff4      0x154 c:/st/stm32cubeide_1.10.1/stm32cubeide/plugins/com.st.stm32cube.ide.mcu.externaltools.gnu-tools-for-stm32.10.3-2021.10.win32_1.0.0.202111181127/tools/bin/../lib/gcc/arm-none-eabi/10.3.1/../../../../arm-none-eabi/lib/thumb/v7-m/nofp\libc_nano.a(lib_a-tzcalc_limits.o)
                0x000000000800aff4                __tzcalc_limits
 .text.__env_lock
                0x000000000800b148        0xc c:/st/stm32cubeide_1.10.1/stm32cubeide/plugins/com.st.stm32cube.ide.mcu.externaltools.gnu-tools-for-stm32.10.3-2021.10.win32_1.0.0.202111181127/tools/bin/../lib/gcc/arm-none-eabi/10.3.1/../../../../arm-none-eabi/lib/thumb/v7-m/nofp\libc_nano.a(lib_a-envlock.o)
                0x000000000800b148                __env_lock
 .text.__env_unlock
                0x000000000800b154        0xc c:/st/stm32cubeide_1.10.1/stm32cubeide/plugins/com.st.stm32cube.ide.mcu.externaltools.gnu-tools-for-stm32.10.3-2021.10.win32_1.0.0.202111181127/tools/bin/../lib/gcc/arm-none-eabi/10.3.1/../../../../arm-none-eabi/lib/thumb/v7-m/nofp\libc_nano.a(lib_a-envlock.o)
                0x000000000800b154                __env_unlock
 .text.memchr   0x000000000800b160       0x1c c:/st/stm32cubeide_1.10.1/stm32cubeide/plugins/com.st.stm32cube.ide.mcu.externaltools.gnu-tools-for-stm32.10.3-2021.10.win32_1.0.0.202111181127/tools/bin/../lib/gcc/arm-none-eabi/10.3.1/../../../../arm-none-eabi/lib/thumb/v7-m/nofp\libc_nano.a(lib_a-memchr-stub.o)
                0x000000000800b160                memchr
 .text.memmove  0x000000000800b17c       0x34 c:/st/stm32cubeide_1.10.1/stm32cubeide/plugins/com.st.stm32cube.ide.mcu.externaltools.gnu-tools-for-stm32.10.3-2021.10.win32_1.0.0.202111181127/tools/bin/../lib/gcc/arm-none-eabi/10.3.1/../../../../arm-none-eabi/lib/thumb/v7-m/nofp\libc_nano.a(lib_a-memmove.o)
                0x000000000800b17c                memmove
 .text._realloc_r
                0x000000000800b1b0       0x5e c:/st/stm32cubeide_1.10.1/stm32cubeide/plugins/com.st.stm32cube.ide.mcu.externaltools.gnu-tools-for-stm32.10.3-2021.10.win32_1.0.0.202111181127/tools/bin/../lib/gcc/arm-none-eabi/10.3.1/../../../../arm-none-eabi/lib/thumb/v7-m/nofp\libc_nano.a(lib_a-nano-reallocr.o)
                0x000000000800b1b0                _realloc_r
 .text._sungetc_r
                0x000000000800b20e       0x7a c:/st/stm32cubeide_1.10.1/stm32cubeide/plugins/com.st.stm32cube.ide.mcu.externaltools.gnu-tools-for-stm32.10.3-2021.10.win32_1.0.0.202111181127/tools/bin/../lib/gcc/arm-none-eabi/10.3.1/../../../../arm-none-eabi/lib/thumb/v7-m/nofp\libc_nano.a(lib_a-nano-svfscanf.o)
                0x000000000800b20e                _sungetc_r
 .text.__ssrefill_r
                0x000000000800b288       0x3a c:/st/stm32cubeide_1.10.1/stm32cubeide/plugins/com.st.stm32cube.ide.mcu.externaltools.gnu-tools-for-stm32.10.3-2021.10.win32_1.0.0.202111181127/tools/bin/../lib/gcc/arm-none-eabi/10.3.1/../../../../arm-none-eabi/lib/thumb/v7-m/nofp\libc_nano.a(lib_a-nano-svfscanf.o)
                0x000000000800b288                __ssrefill_r
 *fill*         0x000000000800b2c2        0x2 
 .text.__ssvfscanf_r
                0x000000000800b2c4      0x2f4 c:/st/stm32cubeide_1.10.1/stm32cubeide/plugins/com.st.stm32cube.ide.mcu.externaltools.gnu-tools-for-stm32.10.3-2021.10.win32_1.0.0.202111181127/tools/bin/../lib/gcc/arm-none-eabi/10.3.1/../../../../arm-none-eabi/lib/thumb/v7-m/nofp\libc_nano.a(lib_a-nano-svfscanf.o)
                0x000000000800b2c4                __ssvfiscanf_r
                0x000000000800b2c4                __ssvfscanf_r
 .text._scanf_chars
                0x000000000800b5b8       0xb4 c:/st/stm32cubeide_1.10.1/stm32cubeide/plugins/com.st.stm32cube.ide.mcu.externaltools.gnu-tools-for-stm32.10.3-2021.10.win32_1.0.0.202111181127/tools/bin/../lib/gcc/arm-none-eabi/10.3.1/../../../../arm-none-eabi/lib/thumb/v7-m/nofp\libc_nano.a(lib_a-nano-vfscanf_i.o)
                0x000000000800b5b8                _scanf_chars
 .text._scanf_i
                0x000000000800b66c      0x1f0 c:/st/stm32cubeide_1.10.1/stm32cubeide/plugins/com.st.stm32cube.ide.mcu.externaltools.gnu-tools-for-stm32.10.3-2021.10.win32_1.0.0.202111181127/tools/bin/../lib/gcc/arm-none-eabi/10.3.1/../../../../arm-none-eabi/lib/thumb/v7-m/nofp\libc_nano.a(lib_a-nano-vfscanf_i.o)
                0x000000000800b66c                _scanf_i
 .text.__sccl   0x000000000800b85c       0x70 c:/st/stm32cubeide_1.10.1/stm32cubeide/plugins/com.st.stm32cube.ide.mcu.externaltools.gnu-tools-for-stm32.10.3-2021.10.win32_1.0.0.202111181127/tools/bin/../lib/gcc/arm-none-eabi/10.3.1/../../../../arm-none-eabi/lib/thumb/v7-m/nofp\libc_nano.a(lib_a-sccl.o)
                0x000000000800b85c                __sccl
 .text.__submore
                0x000000000800b8cc       0x70 c:/st/stm32cubeide_1.10.1/stm32cubeide/plugins/com.st.stm32cube.ide.mcu.externaltools.gnu-tools-for-stm32.10.3-2021.10.win32_1.0.0.202111181127/tools/bin/../lib/gcc/arm-none-eabi/10.3.1/../../../../arm-none-eabi/lib/thumb/v7-m/nofp\libc_nano.a(lib_a-ungetc.o)
                0x000000000800b8cc                __submore
 .text._malloc_usable_size_r
                0x000000000800b93c       0x10 c:/st/stm32cubeide_1.10.1/stm32cubeide/plugins/com.st.stm32cube.ide.mcu.externaltools.gnu-tools-for-stm32.10.3-2021.10.win32_1.0.0.202111181127/tools/bin/../lib/gcc/arm-none-eabi/10.3.1/../../../../arm-none-eabi/lib/thumb/v7-m/nofp\libc_nano.a(lib_a-nano-msizer.o)
                0x000000000800b93c                _malloc_usable_size_r
 .text.sqrt     0x000000000800b94c       0x48 c:/st/stm32cubeide_1.10.1/stm32cubeide/plugins/com.st.stm32cube.ide.mcu.externaltools.gnu-tools-for-stm32.10.3-2021.10.win32_1.0.0.202111181127/tools/bin/../lib/gcc/arm-none-eabi/10.3.1/../../../../arm-none-eabi/lib/thumb/v7-m/nofp\libm.a(lib_a-w_sqrt.o)
                0x000000000800b94c                sqrt
 .text.__ieee754_sqrt
                0x000000000800b994      0x160 c:/st/stm32cubeide_1.10.1/stm32cubeide/plugins/com.st.stm32cube.ide.mcu.externaltools.gnu-tools-for-stm32.10.3-2021.10.win32_1.0.0.202111181127/tools/bin/../lib/gcc/arm-none-eabi/10.3.1/../../../../arm-none-eabi/lib/thumb/v7-m/nofp\libm.a(lib_a-e_sqrt.o)
                0x000000000800b994                __ieee754_sqrt
 *(.glue_7)
 .glue_7        0x000000000800baf4        0x0 linker stubs
 *(.glue_7t)
 .glue_7t       0x000000000800baf4        0x0 linker stubs
 *(.eh_frame)
 .eh_frame      0x000000000800baf4        0x0 c:/st/stm32cubeide_1.10.1/stm32cubeide/plugins/com.st.stm32cube.ide.mcu.externaltools.gnu-tools-for-stm32.10.3-2021.10.win32_1.0.0.202111181127/tools/bin/../lib/gcc/arm-none-eabi/10.3.1/thumb/v7-m/nofp/crtbegin.o
 *(.init)
 .init          0x000000000800baf4        0x4 c:/st/stm32cubeide_1.10.1/stm32cubeide/plugins/com.st.stm32cube.ide.mcu.externaltools.gnu-tools-for-stm32.10.3-2021.10.win32_1.0.0.202111181127/tools/bin/../lib/gcc/arm-none-eabi/10.3.1/thumb/v7-m/nofp/crti.o
                0x000000000800baf4                _init
 .init          0x000000000800baf8        0x8 c:/st/stm32cubeide_1.10.1/stm32cubeide/plugins/com.st.stm32cube.ide.mcu.externaltools.gnu-tools-for-stm32.10.3-2021.10.win32_1.0.0.202111181127/tools/bin/../lib/gcc/arm-none-eabi/10.3.1/thumb/v7-m/nofp/crtn.o
 *(.fini)
 .fini          0x000000000800bb00        0x4 c:/st/stm32cubeide_1.10.1/stm32cubeide/plugins/com.st.stm32cube.ide.mcu.externaltools.gnu-tools-for-stm32.10.3-2021.10.win32_1.0.0.202111181127/tools/bin/../lib/gcc/arm-none-eabi/10.3.1/thumb/v7-m/nofp/crti.o
                0x000000000800bb00                _fini
 .fini          0x000000000800bb04        0x8 c:/st/stm32cubeide_1.10.1/stm32cubeide/plugins/com.st.stm32cube.ide.mcu.externaltools.gnu-tools-for-stm32.10.3-2021.10.win32_1.0.0.202111181127/tools/bin/../lib/gcc/arm-none-eabi/10.3.1/thumb/v7-m/nofp/crtn.o
                0x000000000800bb0c                . = ALIGN (0x4)
                0x000000000800bb0c                _etext = .

.vfp11_veneer   0x000000000800bb0c        0x0
 .vfp11_veneer  0x000000000800bb0c        0x0 linker stubs

.v4_bx          0x000000000800bb0c        0x0
 .v4_bx         0x000000000800bb0c        0x0 linker stubs

.iplt           0x000000000800bb0c        0x0
 .iplt          0x000000000800bb0c        0x0 c:/st/stm32cubeide_1.10.1/stm32cubeide/plugins/com.st.stm32cube.ide.mcu.externaltools.gnu-tools-for-stm32.10.3-2021.10.win32_1.0.0.202111181127/tools/bin/../lib/gcc/arm-none-eabi/10.3.1/thumb/v7-m/nofp/crtbegin.o

.rodata         0x000000000800bb0c      0x81c
                0x000000000800bb0c                . = ALIGN (0x4)
 *(.rodata)
 .rodata        0x000000000800bb0c        0x6 ./Core/Src/Configuracao_component.o
 *fill*         0x000000000800bb12        0x2 
 .rodata        0x000000000800bb14        0x6 ./Core/Src/Consulta_component.o
 *fill*         0x000000000800bb1a        0x2 
 .rodata        0x000000000800bb1c       0x33 ./Core/Src/DataProcessing.o
 *fill*         0x000000000800bb4f        0x1 
 .rodata        0x000000000800bb50      0x2c4 ./Core/Src/DisplayMessages.o
 .rodata        0x000000000800be14       0x12 ./Core/Src/INICIAR_Component.o
 *fill*         0x000000000800be26        0x2 
 .rodata        0x000000000800be28       0x10 ./Drivers/STM32F1xx_HAL_Driver/Src/stm32f1xx_hal_rcc.o
 .rodata        0x000000000800be38        0xc c:/st/stm32cubeide_1.10.1/stm32cubeide/plugins/com.st.stm32cube.ide.mcu.externaltools.gnu-tools-for-stm32.10.3-2021.10.win32_1.0.0.202111181127/tools/bin/../lib/gcc/arm-none-eabi/10.3.1/../../../../arm-none-eabi/lib/thumb/v7-m/nofp\libc_nano.a(lib_a-nano-vfscanf_i.o)
 *(.rodata*)
 .rodata.AHBPrescTable
                0x000000000800be44       0x10 ./Core/Src/system_stm32f1xx.o
                0x000000000800be44                AHBPrescTable
 .rodata.APBPrescTable
                0x000000000800be54        0x8 ./Core/Src/system_stm32f1xx.o
                0x000000000800be54                APBPrescTable
 .rodata.__sf_fake_stderr
                0x000000000800be5c       0x20 c:/st/stm32cubeide_1.10.1/stm32cubeide/plugins/com.st.stm32cube.ide.mcu.externaltools.gnu-tools-for-stm32.10.3-2021.10.win32_1.0.0.202111181127/tools/bin/../lib/gcc/arm-none-eabi/10.3.1/../../../../arm-none-eabi/lib/thumb/v7-m/nofp\libc_nano.a(lib_a-findfp.o)
                0x000000000800be5c                __sf_fake_stderr
 .rodata.__sf_fake_stdin
                0x000000000800be7c       0x20 c:/st/stm32cubeide_1.10.1/stm32cubeide/plugins/com.st.stm32cube.ide.mcu.externaltools.gnu-tools-for-stm32.10.3-2021.10.win32_1.0.0.202111181127/tools/bin/../lib/gcc/arm-none-eabi/10.3.1/../../../../arm-none-eabi/lib/thumb/v7-m/nofp\libc_nano.a(lib_a-findfp.o)
                0x000000000800be7c                __sf_fake_stdin
 .rodata.__sf_fake_stdout
                0x000000000800be9c       0x20 c:/st/stm32cubeide_1.10.1/stm32cubeide/plugins/com.st.stm32cube.ide.mcu.externaltools.gnu-tools-for-stm32.10.3-2021.10.win32_1.0.0.202111181127/tools/bin/../lib/gcc/arm-none-eabi/10.3.1/../../../../arm-none-eabi/lib/thumb/v7-m/nofp\libc_nano.a(lib_a-findfp.o)
                0x000000000800be9c                __sf_fake_stdout
 .rodata.__strftime.isra.0.str1.1
                0x000000000800bebc       0x59 c:/st/stm32cubeide_1.10.1/stm32cubeide/plugins/com.st.stm32cube.ide.mcu.externaltools.gnu-tools-for-stm32.10.3-2021.10.win32_1.0.0.202111181127/tools/bin/../lib/gcc/arm-none-eabi/10.3.1/../../../../arm-none-eabi/lib/thumb/v7-m/nofp\libc_nano.a(lib_a-strftime.o)
                                         0x6b (size before relaxing)
 .rodata.str1.1
                0x000000000800bf15      0x12b c:/st/stm32cubeide_1.10.1/stm32cubeide/plugins/com.st.stm32cube.ide.mcu.externaltools.gnu-tools-for-stm32.10.3-2021.10.win32_1.0.0.202111181127/tools/bin/../lib/gcc/arm-none-eabi/10.3.1/../../../../arm-none-eabi/lib/thumb/v7-m/nofp\libc_nano.a(lib_a-timelocal.o)
                                        0x12c (size before relaxing)
 .rodata._C_time_locale
                0x000000000800c040       0xfc c:/st/stm32cubeide_1.10.1/stm32cubeide/plugins/com.st.stm32cube.ide.mcu.externaltools.gnu-tools-for-stm32.10.3-2021.10.win32_1.0.0.202111181127/tools/bin/../lib/gcc/arm-none-eabi/10.3.1/../../../../arm-none-eabi/lib/thumb/v7-m/nofp\libc_nano.a(lib_a-timelocal.o)
                0x000000000800c040                _C_time_locale
 .rodata._tzset_unlocked_r.str1.1
                0x000000000800c13c       0x3c c:/st/stm32cubeide_1.10.1/stm32cubeide/plugins/com.st.stm32cube.ide.mcu.externaltools.gnu-tools-for-stm32.10.3-2021.10.win32_1.0.0.202111181127/tools/bin/../lib/gcc/arm-none-eabi/10.3.1/../../../../arm-none-eabi/lib/thumb/v7-m/nofp\libc_nano.a(lib_a-tzset_r.o)
                                         0x4e (size before relaxing)
 .rodata.str1.1
                0x000000000800c178        0x4 c:/st/stm32cubeide_1.10.1/stm32cubeide/plugins/com.st.stm32cube.ide.mcu.externaltools.gnu-tools-for-stm32.10.3-2021.10.win32_1.0.0.202111181127/tools/bin/../lib/gcc/arm-none-eabi/10.3.1/../../../../arm-none-eabi/lib/thumb/v7-m/nofp\libc_nano.a(lib_a-tzvars.o)
 .rodata._ctype_
                0x000000000800c178      0x101 c:/st/stm32cubeide_1.10.1/stm32cubeide/plugins/com.st.stm32cube.ide.mcu.externaltools.gnu-tools-for-stm32.10.3-2021.10.win32_1.0.0.202111181127/tools/bin/../lib/gcc/arm-none-eabi/10.3.1/../../../../arm-none-eabi/lib/thumb/v7-m/nofp\libc_nano.a(lib_a-ctype_.o)
                0x000000000800c178                _ctype_
 .rodata._svfprintf_r.str1.1
                0x000000000800c279       0x11 c:/st/stm32cubeide_1.10.1/stm32cubeide/plugins/com.st.stm32cube.ide.mcu.externaltools.gnu-tools-for-stm32.10.3-2021.10.win32_1.0.0.202111181127/tools/bin/../lib/gcc/arm-none-eabi/10.3.1/../../../../arm-none-eabi/lib/thumb/v7-m/nofp\libc_nano.a(lib_a-nano-svfprintf.o)
 .rodata._printf_i.str1.1
                0x000000000800c28a       0x22 c:/st/stm32cubeide_1.10.1/stm32cubeide/plugins/com.st.stm32cube.ide.mcu.externaltools.gnu-tools-for-stm32.10.3-2021.10.win32_1.0.0.202111181127/tools/bin/../lib/gcc/arm-none-eabi/10.3.1/../../../../arm-none-eabi/lib/thumb/v7-m/nofp\libc_nano.a(lib_a-nano-vfprintf_i.o)
 .rodata.__month_lengths
                0x000000000800c2ac       0x60 c:/st/stm32cubeide_1.10.1/stm32cubeide/plugins/com.st.stm32cube.ide.mcu.externaltools.gnu-tools-for-stm32.10.3-2021.10.win32_1.0.0.202111181127/tools/bin/../lib/gcc/arm-none-eabi/10.3.1/../../../../arm-none-eabi/lib/thumb/v7-m/nofp\libc_nano.a(lib_a-month_lengths.o)
                0x000000000800c2ac                __month_lengths
 .rodata.__ssvfscanf_r.str1.1
                0x000000000800c30c        0x4 c:/st/stm32cubeide_1.10.1/stm32cubeide/plugins/com.st.stm32cube.ide.mcu.externaltools.gnu-tools-for-stm32.10.3-2021.10.win32_1.0.0.202111181127/tools/bin/../lib/gcc/arm-none-eabi/10.3.1/../../../../arm-none-eabi/lib/thumb/v7-m/nofp\libc_nano.a(lib_a-nano-svfscanf.o)
 .rodata.str1.1
                0x000000000800c30c        0x9 c:/st/stm32cubeide_1.10.1/stm32cubeide/plugins/com.st.stm32cube.ide.mcu.externaltools.gnu-tools-for-stm32.10.3-2021.10.win32_1.0.0.202111181127/tools/bin/../lib/gcc/arm-none-eabi/10.3.1/../../../../arm-none-eabi/lib/thumb/v7-m/nofp\libc_nano.a(lib_a-nano-vfscanf_i.o)
 .rodata._scanf_i.str1.1
                0x000000000800c315       0x12 c:/st/stm32cubeide_1.10.1/stm32cubeide/plugins/com.st.stm32cube.ide.mcu.externaltools.gnu-tools-for-stm32.10.3-2021.10.win32_1.0.0.202111181127/tools/bin/../lib/gcc/arm-none-eabi/10.3.1/../../../../arm-none-eabi/lib/thumb/v7-m/nofp\libc_nano.a(lib_a-nano-vfscanf_i.o)
                0x000000000800c328                . = ALIGN (0x4)
 *fill*         0x000000000800c327        0x1 

.rel.dyn        0x000000000800c328        0x0
 .rel.iplt      0x000000000800c328        0x0 c:/st/stm32cubeide_1.10.1/stm32cubeide/plugins/com.st.stm32cube.ide.mcu.externaltools.gnu-tools-for-stm32.10.3-2021.10.win32_1.0.0.202111181127/tools/bin/../lib/gcc/arm-none-eabi/10.3.1/thumb/v7-m/nofp/crtbegin.o

.ARM.extab      0x000000000800c328        0x0
                0x000000000800c328                . = ALIGN (0x4)
 *(.ARM.extab* .gnu.linkonce.armextab.*)
                0x000000000800c328                . = ALIGN (0x4)

.ARM            0x000000000800c328        0x0
                0x000000000800c328                . = ALIGN (0x4)
                0x000000000800c328                __exidx_start = .
 *(.ARM.exidx*)
                0x000000000800c328                __exidx_end = .
                0x000000000800c328                . = ALIGN (0x4)

.preinit_array  0x000000000800c328        0x0
                0x000000000800c328                . = ALIGN (0x4)
                0x000000000800c328                PROVIDE (__preinit_array_start = .)
 *(.preinit_array*)
                0x000000000800c328                PROVIDE (__preinit_array_end = .)
                0x000000000800c328                . = ALIGN (0x4)

.init_array     0x000000000800c328        0x4
                0x000000000800c328                . = ALIGN (0x4)
                0x000000000800c328                PROVIDE (__init_array_start = .)
 *(SORT_BY_NAME(.init_array.*))
 *(.init_array*)
 .init_array    0x000000000800c328        0x4 c:/st/stm32cubeide_1.10.1/stm32cubeide/plugins/com.st.stm32cube.ide.mcu.externaltools.gnu-tools-for-stm32.10.3-2021.10.win32_1.0.0.202111181127/tools/bin/../lib/gcc/arm-none-eabi/10.3.1/thumb/v7-m/nofp/crtbegin.o
                0x000000000800c32c                PROVIDE (__init_array_end = .)
                0x000000000800c32c                . = ALIGN (0x4)

.fini_array     0x000000000800c32c        0x4
                0x000000000800c32c                . = ALIGN (0x4)
                [!provide]                        PROVIDE (__fini_array_start = .)
 *(SORT_BY_NAME(.fini_array.*))
 *(.fini_array*)
 .fini_array    0x000000000800c32c        0x4 c:/st/stm32cubeide_1.10.1/stm32cubeide/plugins/com.st.stm32cube.ide.mcu.externaltools.gnu-tools-for-stm32.10.3-2021.10.win32_1.0.0.202111181127/tools/bin/../lib/gcc/arm-none-eabi/10.3.1/thumb/v7-m/nofp/crtbegin.o
                [!provide]                        PROVIDE (__fini_array_end = .)
                0x000000000800c330                . = ALIGN (0x4)
                0x000000000800c330                _sidata = LOADADDR (.data)

.data           0x0000000020000000      0x1d0 load address 0x000000000800c330
                0x0000000020000000                . = ALIGN (0x4)
                0x0000000020000000                _sdata = .
 *(.data)
 *(.data*)
 .data.insertTime
                0x0000000020000000        0x4 ./Core/Src/Data.o
                0x0000000020000000                insertTime
 .data.intervalTime
                0x0000000020000004        0x4 ./Core/Src/Data.o
                0x0000000020000004                intervalTime
 .data.intervalSeries
                0x0000000020000008        0x4 ./Core/Src/Data.o
                0x0000000020000008                intervalSeries
 .data.altMinArray
                0x000000002000000c        0x3 ./Core/Src/Data.o
 *fill*         0x000000002000000f        0x1 
 .data.altMaxArray
                0x0000000020000010        0x3 ./Core/Src/Data.o
 *fill*         0x0000000020000013        0x1 
 .data.numTestArray
                0x0000000020000014        0x3 ./Core/Src/Data.o
 *fill*         0x0000000020000017        0x1 
 .data.appNameMsg
                0x0000000020000018        0x4 ./Core/Src/DisplayMessages.o
                0x0000000020000018                appNameMsg
 .data.companyNameMsg
                0x000000002000001c        0x4 ./Core/Src/DisplayMessages.o
                0x000000002000001c                companyNameMsg
 .data.appVersionMsg
                0x0000000020000020        0x4 ./Core/Src/DisplayMessages.o
                0x0000000020000020                appVersionMsg
 .data.startUserMsg
                0x0000000020000024        0x4 ./Core/Src/DisplayMessages.o
                0x0000000020000024                startUserMsg
 .data.noTransmissionMsg
                0x0000000020000028        0x4 ./Core/Src/DisplayMessages.o
                0x0000000020000028                noTransmissionMsg
 .data.yesTransmissionMsg
                0x000000002000002c        0x4 ./Core/Src/DisplayMessages.o
                0x000000002000002c                yesTransmissionMsg
 .data.waitTransmissionMsg
                0x0000000020000030        0x4 ./Core/Src/DisplayMessages.o
                0x0000000020000030                waitTransmissionMsg
 .data.timeUserMsg
                0x0000000020000034        0x4 ./Core/Src/DisplayMessages.o
                0x0000000020000034                timeUserMsg
 .data.massUserMsg
                0x0000000020000038        0x4 ./Core/Src/DisplayMessages.o
                0x0000000020000038                massUserMsg
 .data.overmassUserMsg
                0x000000002000003c        0x4 ./Core/Src/DisplayMessages.o
                0x000000002000003c                overmassUserMsg
 .data.startreadUserMsg
                0x0000000020000040        0x4 ./Core/Src/DisplayMessages.o
                0x0000000020000040                startreadUserMsg
 .data.medindoUserMsg
                0x0000000020000044        0x4 ./Core/Src/DisplayMessages.o
                0x0000000020000044                medindoUserMsg
 .data.stopreadUserMsg
                0x0000000020000048        0x4 ./Core/Src/DisplayMessages.o
                0x0000000020000048                stopreadUserMsg
 .data.amostraUserMsg
                0x000000002000004c        0x4 ./Core/Src/DisplayMessages.o
                0x000000002000004c                amostraUserMsg
 .data.tempoVooUserMsg
                0x0000000020000050        0x4 ./Core/Src/DisplayMessages.o
                0x0000000020000050                tempoVooUserMsg
 .data.tempoSoloUserMsg
                0x0000000020000054        0x4 ./Core/Src/DisplayMessages.o
                0x0000000020000054                tempoSoloUserMsg
 .data.resultsUserMsg
                0x0000000020000058        0x4 ./Core/Src/DisplayMessages.o
                0x0000000020000058                resultsUserMsg
 .data.saveUserMsg
                0x000000002000005c        0x4 ./Core/Src/DisplayMessages.o
                0x000000002000005c                saveUserMsg
 .data.savedUserMsg
                0x0000000020000060        0x4 ./Core/Src/DisplayMessages.o
                0x0000000020000060                savedUserMsg
 .data.cancelUserMsg
                0x0000000020000064        0x4 ./Core/Src/DisplayMessages.o
                0x0000000020000064                cancelUserMsg
 .data.consultUserMsg
                0x0000000020000068        0x4 ./Core/Src/DisplayMessages.o
                0x0000000020000068                consultUserMsg
 .data.consultTestUserMsg
                0x000000002000006c        0x4 ./Core/Src/DisplayMessages.o
                0x000000002000006c                consultTestUserMsg
 .data.consultExportUserMsg
                0x0000000020000070        0x4 ./Core/Src/DisplayMessages.o