Archive member included to satisfy reference by file (symbol)

c:/st/stm32cubeide_1.10.1/stm32cubeide/plugins/com.st.stm32cube.ide.mcu.externaltools.gnu-tools-for-stm32.10.3-2021.10.win32_1.0.0.202111181127/tools/bin/../lib/gcc/arm-none-eabi/10.3.1/../../../../arm-none-eabi/lib/thumb/v7-m/nofp\libc_nano.a(lib_a-errno.o)
                              ./Core/Src/syscalls.o (__errno)
c:/st/stm32cubeide_1.10.1/stm32cubeide/plugins/com.st.stm32cube.ide.mcu.externaltools.gnu-tools-for-stm32.10.3-2021.10.win32_1.0.0.202111181127/tools/bin/../lib/gcc/arm-none-eabi/10.3.1/../../../../arm-none-eabi/lib/thumb/v7-m/nofp\libc_nano.a(lib_a-exit.o)
                              c:/st/stm32cubeide_1.10.1/stm32cubeide/plugins/com.st.stm32cube.ide.mcu.externaltools.gnu-tools-for-stm32.10.3-2021.10.win32_1.0.0.202111181127/tools/bin/../lib/gcc/arm-none-eabi/10.3.1/../../../../arm-none-eabi/lib/thumb/v7-m/nofp/crt0.o (exit)
c:/st/stm32cubeide_1.10.1/stm32cubeide/plugins/com.st.stm32cube.ide.mcu.externaltools.gnu-tools-for-stm32.10.3-2021.10.win32_1.0.0.202111181127/tools/bin/../lib/gcc/arm-none-eabi/10.3.1/../../../../arm-none-eabi/lib/thumb/v7-m/nofp\libc_nano.a(lib_a-fgetc.o)
                              ./Core/Src/SD_module.o (fgetc)
c:/st/stm32cubeide_1.10.1/stm32cubeide/plugins/com.st.stm32cube.ide.mcu.externaltools.gnu-tools-for-stm32.10.3-2021.10.win32_1.0.0.202111181127/tools/bin/../lib/gcc/arm-none-eabi/10.3.1/../../../../arm-none-eabi/lib/thumb/v7-m/nofp\libc_nano.a(lib_a-findfp.o)
                              c:/st/stm32cubeide_1.10.1/stm32cubeide/plugins/com.st.stm32cube.ide.mcu.externaltools.gnu-tools-for-stm32.10.3-2021.10.win32_1.0.0.202111181127/tools/bin/../lib/gcc/arm-none-eabi/10.3.1/../../../../arm-none-eabi/lib/thumb/v7-m/nofp\libc_nano.a(lib_a-fgetc.o) (__sinit)
c:/st/stm32cubeide_1.10.1/stm32cubeide/plugins/com.st.stm32cube.ide.mcu.externaltools.gnu-tools-for-stm32.10.3-2021.10.win32_1.0.0.202111181127/tools/bin/../lib/gcc/arm-none-eabi/10.3.1/../../../../arm-none-eabi/lib/thumb/v7-m/nofp\libc_nano.a(lib_a-fopen.o)
                              ./Core/Src/SD_module.o (fopen)
c:/st/stm32cubeide_1.10.1/stm32cubeide/plugins/com.st.stm32cube.ide.mcu.externaltools.gnu-tools-for-stm32.10.3-2021.10.win32_1.0.0.202111181127/tools/bin/../lib/gcc/arm-none-eabi/10.3.1/../../../../arm-none-eabi/lib/thumb/v7-m/nofp\libc_nano.a(lib_a-fseek.o)
                              c:/st/stm32cubeide_1.10.1/stm32cubeide/plugins/com.st.stm32cube.ide.mcu.externaltools.gnu-tools-for-stm32.10.3-2021.10.win32_1.0.0.202111181127/tools/bin/../lib/gcc/arm-none-eabi/10.3.1/../../../../arm-none-eabi/lib/thumb/v7-m/nofp\libc_nano.a(lib_a-fopen.o) (_fseek_r)
c:/st/stm32cubeide_1.10.1/stm32cubeide/plugins/com.st.stm32cube.ide.mcu.externaltools.gnu-tools-for-stm32.10.3-2021.10.win32_1.0.0.202111181127/tools/bin/../lib/gcc/arm-none-eabi/10.3.1/../../../../arm-none-eabi/lib/thumb/v7-m/nofp\libc_nano.a(lib_a-fseeko.o)
                              c:/st/stm32cubeide_1.10.1/stm32cubeide/plugins/com.st.stm32cube.ide.mcu.externaltools.gnu-tools-for-stm32.10.3-2021.10.win32_1.0.0.202111181127/tools/bin/../lib/gcc/arm-none-eabi/10.3.1/../../../../arm-none-eabi/lib/thumb/v7-m/nofp\libc_nano.a(lib_a-fseek.o) (_fseeko_r)
c:/st/stm32cubeide_1.10.1/stm32cubeide/plugins/com.st.stm32cube.ide.mcu.externaltools.gnu-tools-for-stm32.10.3-2021.10.win32_1.0.0.202111181127/tools/bin/../lib/gcc/arm-none-eabi/10.3.1/../../../../arm-none-eabi/lib/thumb/v7-m/nofp\libc_nano.a(lib_a-fwalk.o)
                              c:/st/stm32cubeide_1.10.1/stm32cubeide/plugins/com.st.stm32cube.ide.mcu.externaltools.gnu-tools-for-stm32.10.3-2021.10.win32_1.0.0.202111181127/tools/bin/../lib/gcc/arm-none-eabi/10.3.1/../../../../arm-none-eabi/lib/thumb/v7-m/nofp\libc_nano.a(lib_a-findfp.o) (_fwalk)
c:/st/stm32cubeide_1.10.1/stm32cubeide/plugins/com.st.stm32cube.ide.mcu.externaltools.gnu-tools-for-stm32.10.3-2021.10.win32_1.0.0.202111181127/tools/bin/../lib/gcc/arm-none-eabi/10.3.1/../../../../arm-none-eabi/lib/thumb/v7-m/nofp\libc_nano.a(lib_a-impure.o)
                              c:/st/stm32cubeide_1.10.1/stm32cubeide/plugins/com.st.stm32cube.ide.mcu.externaltools.gnu-tools-for-stm32.10.3-2021.10.win32_1.0.0.202111181127/tools/bin/../lib/gcc/arm-none-eabi/10.3.1/../../../../arm-none-eabi/lib/thumb/v7-m/nofp\libc_nano.a(lib_a-exit.o) (_global_impure_ptr)
c:/st/stm32cubeide_1.10.1/stm32cubeide/plugins/com.st.stm32cube.ide.mcu.externaltools.gnu-tools-for-stm32.10.3-2021.10.win32_1.0.0.202111181127/tools/bin/../lib/gcc/arm-none-eabi/10.3.1/../../../../arm-none-eabi/lib/thumb/v7-m/nofp\libc_nano.a(lib_a-init.o)
                              c:/st/stm32cubeide_1.10.1/stm32cubeide/plugins/com.st.stm32cube.ide.mcu.externaltools.gnu-tools-for-stm32.10.3-2021.10.win32_1.0.0.202111181127/tools/bin/../lib/gcc/arm-none-eabi/10.3.1/../../../../arm-none-eabi/lib/thumb/v7-m/nofp/crt0.o (__libc_init_array)
[...]
Memory Configuration

Name             Origin             Length             Attributes
RAM              0x0000000020000000 0x0000000000005000 xrw
FLASH            0x0000000008000000 0x0000000000010000 xr
*default*        0x0000000000000000 0xffffffffffffffff

Linker script and memory map

LOAD c:/st/stm32cubeide_1.10.1/stm32cubeide/plugins/com.st.stm32cube.ide.mcu.externaltools.gnu-tools-for-stm32.10.3-2021.10.win32_1.0.0.202111181127/tools/bin/../lib/gcc/arm-none-eabi/10.3.1/thumb/v7-m/nofp/crti.o
LOAD c:/st/stm32cubeide_1.10.1/stm32cubeide/plugins/com.st.stm32cube.ide.mcu.externaltools.gnu-tools-for-stm32.10.3-2021.10.win32_1.0.0.202111181127/tools/bin/../lib/gcc/arm-none-eabi/10.3.1/thumb/v7-m/nofp/crtbegin.o
LOAD c:/st/stm32cubeide_1.10.1/stm32cubeide/plugins/com.st.stm32cube.ide.mcu.externaltools.gnu-tools-for-stm32.10.3-2021.10.win32_1.0.0.202111181127/tools/bin/../lib/gcc/arm-none-eabi/10.3.1/../../../../arm-none-eabi/lib/thumb/v7-m/nofp/crt0.o
LOAD ./Core/Src/Apagar_component.o
LOAD ./Core/Src/Configuracao_component.o
LOAD ./Core/Src/Consulta_component.o
LOAD ./Core/Src/Data.o
LOAD ./Core/Src/DataProcessing.o
LOAD ./Core/Src/DisplayMessages.o
LOAD ./Core/Src/Display_module.o
LOAD ./Core/Src/Exportar_component.o
LOAD ./Core/Src/INICIAR_Component.o
LOAD ./Core/Src/IO_interface.o
LOAD ./Core/Src/LCDHW.o
LOAD ./Core/Src/LiquidCrystal.o
LOAD ./Core/Src/SDMEMORYHW.o
LOAD ./Core/Src/SD_module.o
LOAD ./Core/Src/SENSORHW.o
LOAD ./Core/Src/SubMenu.o
LOAD ./Core/Src/TimerHW.o
LOAD ./Core/Src/UARTHW.o
LOAD ./Core/Src/comunicacao.o
LOAD ./Core/Src/fatfs_sd.o
LOAD ./Core/Src/main.o
LOAD ./Core/Src/menu_module.o
LOAD ./Core/Src/stm32f1xx_hal_msp.o
LOAD ./Core/Src/stm32f1xx_it.o
LOAD ./Core/Src/syscalls.o
LOAD ./Core/Src/sysmem.o
LOAD ./Core/Src/system_stm32f1xx.o
LOAD ./Core/Startup/startup_stm32f103c8tx.o
LOAD ./Drivers/STM32F1xx_HAL_Driver/Src/stm32f1xx_hal.o
LOAD ./Drivers/STM32F1xx_HAL_Driver/Src/stm32f1xx_hal_cortex.o
LOAD ./Drivers/STM32F1xx_HAL_Driver/Src/stm32f1xx_hal_dma.o
LOAD ./Drivers/STM32F1xx_HAL_Driver/Src/stm32f1xx_hal_exti.o
LOAD ./Drivers/STM32F1xx_HAL_Driver/Src/stm32f1xx_hal_flash.o
LOAD ./Drivers/STM32F1xx_HAL_Driver/Src/stm32f1xx_hal_flash_ex.o
LOAD ./Drivers/STM32F1xx_HAL_Driver/Src/stm32f1xx_hal_gpio.o
LOAD ./Drivers/STM32F1xx_HAL_Driver/Src/stm32f1xx_hal_gpio_ex.o
LOAD ./Drivers/STM32F1xx_HAL_Driver/Src/stm32f1xx_hal_pwr.o
LOAD ./Drivers/STM32F1xx_HAL_Driver/Src/stm32f1xx_hal_rcc.o
LOAD ./Drivers/STM32F1xx_HAL_Driver/Src/stm32f1xx_hal_rcc_ex.o
LOAD ./Drivers/STM32F1xx_HAL_Driver/Src/stm32f1xx_hal_spi.o
LOAD ./Drivers/STM32F1xx_HAL_Driver/Src/stm32f1xx_hal_tim.o
LOAD ./Drivers/STM32F1xx_HAL_Driver/Src/stm32f1xx_hal_tim_ex.o
LOAD ./Drivers/STM32F1xx_HAL_Driver/Src/stm32f1xx_hal_uart.o
LOAD ./FATFS/App/fatfs.o
LOAD ./FATFS/Target/user_diskio.o
LOAD ./Middlewares/Third_Party/FatFs/src/diskio.o
LOAD ./Middlewares/Third_Party/FatFs/src/ff.o
LOAD ./Middlewares/Third_Party/FatFs/src/ff_gen_drv.o
LOAD ./Middlewares/Third_Party/FatFs/src/option/ccsbcs.o
LOAD ./Middlewares/Third_Party/FatFs/src/option/syscall.o
START GROUP
LOAD c:/st/stm32cubeide_1.10.1/stm32cubeide/plugins/com.st.stm32cube.ide.mcu.externaltools.gnu-tools-for-stm32.10.3-2021.10.win32_1.0.0.202111181127/tools/bin/../lib/gcc/arm-none-eabi/10.3.1/../../../../arm-none-eabi/lib/thumb/v7-m/nofp\libc_nano.a
LOAD c:/st/stm32cubeide_1.10.1/stm32cubeide/plugins/com.st.stm32cube.ide.mcu.externaltools.gnu-tools-for-stm32.10.3-2021.10.win32_1.0.0.202111181127/tools/bin/../lib/gcc/arm-none-eabi/10.3.1/../../../../arm-none-eabi/lib/thumb/v7-m/nofp\libm.a
END GROUP
START GROUP
LOAD c:/st/stm32cubeide_1.10.1/stm32cubeide/plugins/com.st.stm32cube.ide.mcu.externaltools.gnu-tools-for-stm32.10.3-2021.10.win32_1.0.0.202111181127/tools/bin/../lib/gcc/arm-none-eabi/10.3.1/thumb/v7-m/nofp\libgcc.a
LOAD c:/st/stm32cubeide_1.10.1/stm32cubeide/plugins/com.st.stm32cube.ide.mcu.externaltools.gnu-tools-for-stm32.10.3-2021.10.win32_1.0.0.202111181127/tools/bin/../lib/gcc/arm-none-eabi/10.3.1/../../../../arm-none-eabi/lib/thumb/v7-m/nofp\libc_nano.a
END GROUP
START GROUP
LOAD c:/st/stm32cubeide_1.10.1/stm32cubeide/plugins/com.st.stm32cube.ide.mcu.externaltools.gnu-tools-for-stm32.10.3-2021.10.win32_1.0.0.202111181127/tools/bin/../lib/gcc/arm-none-eabi/10.3.1/thumb/v7-m/nofp\libgcc.a
LOAD c:/st/stm32cubeide_1.10.1/stm32cubeide/plugins/com.st.stm32cube.ide.mcu.externaltools.gnu-tools-for-stm32.10.3-2021.10.win32_1.0.0.202111181127/tools/bin/../lib/gcc/arm-none-eabi/10.3.1/../../../../arm-none-eabi/lib/thumb/v7-m/nofp\libc_nano.a
LOAD c:/st/stm32cubeide_1.10.1/stm32cubeide/plugins/com.st.stm32cube.ide.mcu.externaltools.gnu-tools-for-stm32.10.3-2021.10.win32_1.0.0.202111181127/tools/bin/../lib/gcc/arm-none-eabi/10.3.1/../../../../arm-none-eabi/lib/thumb/v7-m/nofp\libnosys.a
END GROUP
START GROUP
LOAD c:/st/stm32cubeide_1.10.1/stm32cubeide/plugins/com.st.stm32cube.ide.mcu.externaltools.gnu-tools-for-stm32.10.3-2021.10.win32_1.0.0.202111181127/tools/bin/../lib/gcc/arm-none-eabi/10.3.1/thumb/v7-m/nofp\libgcc.a
LOAD c:/st/stm32cubeide_1.10.1/stm32cubeide/plugins/com.st.stm32cube.ide.mcu.externaltools.gnu-tools-for-stm32.10.3-2021.10.win32_1.0.0.202111181127/tools/bin/../lib/gcc/arm-none-eabi/10.3.1/../../../../arm-none-eabi/lib/thumb/v7-m/nofp\libc_nano.a
LOAD c:/st/stm32cubeide_1.10.1/stm32cubeide/plugins/com.st.stm32cube.ide.mcu.externaltools.gnu-tools-for-stm32.10.3-2021.10.win32_1.0.0.202111181127/tools/bin/../lib/gcc/arm-none-eabi/10.3.1/../../../../arm-none-eabi/lib/thumb/v7-m/nofp\libnosys.a
END GROUP
LOAD c:/st/stm32cubeide_1.10.1/stm32cubeide/plugins/com.st.stm32cube.ide.mcu.externaltools.gnu-tools-for-stm32.10.3-2021.10.win32_1.0.0.202111181127/tools/bin/../lib/gcc/arm-none-eabi/10.3.1/thumb/v7-m/nofp/crtend.o
LOAD c:/st/stm32cubeide_1.10.1/stm32cubeide/plugins/com.st.stm32cube.ide.mcu.externaltools.gnu-tools-for-stm32.10.3-2021.10.win32_1.0.0.202111181127/tools/bin/../lib/gcc/arm-none-eabi/10.3.1/thumb/v7-m/nofp/crtn.o
                0x0000000020005000                _estack = (ORIGIN (RAM) + LENGTH (RAM))
                0x0000000000000200                _Min_Heap_Size = 0x200
                0x0000000000000400                _Min_Stack_Size = 0x400

.isr_vector     0x0000000008000000      0x10c
                0x0000000008000000                . = ALIGN (0x4)
 *(.isr_vector)
 .isr_vector    0x0000000008000000      0x10c ./Core/Startup/startup_stm32f103c8tx.o
                0x0000000008000000                g_pfnVectors
                0x000000000800010c                . = ALIGN (0x4)

.text           0x000000000800010c     0xb51c
                0x000000000800010c                . = ALIGN (0x4)
 *(.text)
 .text          0x000000000800010c       0x40 c:/st/stm32cubeide_1.10.1/stm32cubeide/plugins/com.st.stm32cube.ide.mcu.externaltools.gnu-tools-for-stm32.10.3-2021.10.win32_1.0.0.202111181127/tools/bin/../lib/gcc/arm-none-eabi/10.3.1/thumb/v7-m/nofp/crtbegin.o
 .text          0x000000000800014c       0x10 c:/st/stm32cubeide_1.10.1/stm32cubeide/plugins/com.st.stm32cube.ide.mcu.externaltools.gnu-tools-for-stm32.10.3-2021.10.win32_1.0.0.202111181127/tools/bin/../lib/gcc/arm-none-eabi/10.3.1/../../../../arm-none-eabi/lib/thumb/v7-m/nofp\libc_nano.a(lib_a-strlen.o)
                0x000000000800014c                strlen
 .text          0x000000000800015c       0x14 c:/st/stm32cubeide_1.10.1/stm32cubeide/plugins/com.st.stm32cube.ide.mcu.externaltools.gnu-tools-for-stm32.10.3-2021.10.win32_1.0.0.202111181127/tools/bin/../lib/gcc/arm-none-eabi/10.3.1/../../../../arm-none-eabi/lib/thumb/v7-m/nofp\libc_nano.a(lib_a-strcmp.o)
                0x000000000800015c                strcmp
 .text          0x0000000008000170      0x378 c:/st/stm32cubeide_1.10.1/stm32cubeide/plugins/com.st.stm32cube.ide.mcu.externaltools.gnu-tools-for-stm32.10.3-2021.10.win32_1.0.0.202111181127/tools/bin/../lib/gcc/arm-none-eabi/10.3.1/thumb/v7-m/nofp\libgcc.a(_arm_addsubdf3.o)
                0x0000000008000170                __aeabi_drsub
                0x0000000008000178                __aeabi_dsub
                0x0000000008000178                __subdf3
                0x000000000800017c                __aeabi_dadd
                0x000000000800017c                __adddf3
                0x00000000080003f4                __floatunsidf
                0x00000000080003f4                __aeabi_ui2d
                0x0000000008000414                __floatsidf
                0x0000000008000414                __aeabi_i2d
                0x0000000008000438                __aeabi_f2d
                0x0000000008000438                __extendsfdf2
                0x000000000800047c                __floatundidf
                0x000000000800047c                __aeabi_ul2d
                0x000000000800048c                __floatdidf
                0x000000000800048c                __aeabi_l2d
 .text          0x00000000080004e8      0x424 c:/st/stm32cubeide_1.10.1/stm32cubeide/plugins/com.st.stm32cube.ide.mcu.externaltools.gnu-tools-for-stm32.10.3-2021.10.win32_1.0.0.202111181127/tools/bin/../lib/gcc/arm-none-eabi/10.3.1/thumb/v7-m/nofp\libgcc.a(_arm_muldivdf3.o)
                0x00000000080004e8                __aeabi_dmul
                0x00000000080004e8                __muldf3
                0x000000000800073c                __divdf3
                0x000000000800073c                __aeabi_ddiv
 .text          0x000000000800090c      0x110 c:/st/stm32cubeide_1.10.1/stm32cubeide/plugins/com.st.stm32cube.ide.mcu.externaltools.gnu-tools-for-stm32.10.3-2021.10.win32_1.0.0.202111181127/tools/bin/../lib/gcc/arm-none-eabi/10.3.1/thumb/v7-m/nofp\libgcc.a(_arm_cmpdf2.o)
                0x000000000800090c                __gtdf2
                0x000000000800090c                __gedf2
                0x0000000008000914                __ltdf2
                0x0000000008000914                __ledf2
                0x000000000800091c                __nedf2
                0x000000000800091c                __eqdf2
                0x000000000800091c                __cmpdf2
                0x0000000008000998                __aeabi_cdrcmple
                0x00000000080009a8                __aeabi_cdcmpeq
                0x00000000080009a8                __aeabi_cdcmple
                0x00000000080009b8                __aeabi_dcmpeq
                0x00000000080009cc                __aeabi_dcmplt
                0x00000000080009e0                __aeabi_dcmple
                0x00000000080009f4                __aeabi_dcmpge
                0x0000000008000a08                __aeabi_dcmpgt
 .text          0x0000000008000a1c       0x2c c:/st/stm32cubeide_1.10.1/stm32cubeide/plugins/com.st.stm32cube.ide.mcu.externaltools.gnu-tools-for-stm32.10.3-2021.10.win32_1.0.0.202111181127/tools/bin/../lib/gcc/arm-none-eabi/10.3.1/thumb/v7-m/nofp\libgcc.a(_arm_unorddf2.o)
                0x0000000008000a1c                __unorddf2
                0x0000000008000a1c                __aeabi_dcmpun
 .text          0x0000000008000a48       0x40 c:/st/stm32cubeide_1.10.1/stm32cubeide/plugins/com.st.stm32cube.ide.mcu.externaltools.gnu-tools-for-stm32.10.3-2021.10.win32_1.0.0.202111181127/tools/bin/../lib/gcc/arm-none-eabi/10.3.1/thumb/v7-m/nofp\libgcc.a(_arm_fixunsdfsi.o)
                0x0000000008000a48                __aeabi_d2uiz
                0x0000000008000a48                __fixunsdfsi
 .text          0x0000000008000a88      0x21c c:/st/stm32cubeide_1.10.1/stm32cubeide/plugins/com.st.stm32cube.ide.mcu.externaltools.gnu-tools-for-stm32.10.3-2021.10.win32_1.0.0.202111181127/tools/bin/../lib/gcc/arm-none-eabi/10.3.1/thumb/v7-m/nofp\libgcc.a(_arm_addsubsf3.o)
                0x0000000008000a88                __aeabi_frsub
                0x0000000008000a90                __subsf3
                0x0000000008000a90                __aeabi_fsub
                0x0000000008000a94                __aeabi_fadd
                0x0000000008000a94                __addsf3
                0x0000000008000bf4                __aeabi_ui2f
                0x0000000008000bf4                __floatunsisf
                0x0000000008000bfc                __aeabi_i2f
                0x0000000008000bfc                __floatsisf
                0x0000000008000c18                __aeabi_ul2f
                0x0000000008000c18                __floatundisf
                0x0000000008000c28                __aeabi_l2f
                0x0000000008000c28                __floatdisf
 *(.text*)
 .text.eraseStateMachine
                0x0000000008000ca4      0x134 ./Core/Src/Apagar_component.o
                0x0000000008000ca4                eraseStateMachine
 .text.configStateMachine
                0x0000000008000dd8      0xa08 ./Core/Src/Configuracao_component.o
                0x0000000008000dd8                configStateMachine
 .text.consultStateMachine
                0x00000000080017e0      0x39c ./Core/Src/Consulta_component.o
                0x00000000080017e0                consultStateMachine
 .text.getUserTime
                0x0000000008001b7c       0x14 ./Core/Src/Data.o
                0x0000000008001b7c                getUserTime
 .text.getUserSelectTapete
                0x0000000008001b90       0x14 ./Core/Src/Data.o
                0x0000000008001b90                getUserSelectTapete
 .text.getTimeStruct
                0x0000000008001ba4       0x14 ./Core/Src/Data.o
                0x0000000008001ba4                getTimeStruct
 .text.getIntervalTimeStruct
                0x0000000008001bb8       0x14 ./Core/Src/Data.o
                0x0000000008001bb8                getIntervalTimeStruct
 .text.getMassArray
                0x0000000008001bcc       0x14 ./Core/Src/Data.o
                0x0000000008001bcc                getMassArray
 .text.getOverMassArray
                0x0000000008001be0       0x14 ./Core/Src/Data.o
                0x0000000008001be0                getOverMassArray
 .text.getAltMinArray
                0x0000000008001bf4       0x14 ./Core/Src/Data.o
                0x0000000008001bf4                getAltMinArray
 .text.getAltMaxArray
                0x0000000008001c08       0x14 ./Core/Src/Data.o
                0x0000000008001c08                getAltMaxArray
 .text.getNumSaltosArray
                0x0000000008001c1c       0x14 ./Core/Src/Data.o
                0x0000000008001c1c                getNumSaltosArray
 .text.getTypeJumpArray
                0x0000000008001c30       0x14 ./Core/Src/Data.o
                0x0000000008001c30                getTypeJumpArray
 .text.getAltDJArray
                0x0000000008001c44       0x14 ./Core/Src/Data.o
                0x0000000008001c44                getAltDJArray
 .text.getNumSeriesArray
                0x0000000008001c58       0x14 ./Core/Src/Data.o
                0x0000000008001c58                getNumSeriesArray
 .text.getIntervalSeriesArray
                0x0000000008001c6c       0x14 ./Core/Src/Data.o
                0x0000000008001c6c                getIntervalSeriesArray
 .text.getNumTestArray
                0x0000000008001c80       0x14 ./Core/Src/Data.o
                0x0000000008001c80                getNumTestArray
 .text.getEraseTestArray
                0x0000000008001c94       0x14 ./Core/Src/Data.o
                0x0000000008001c94                getEraseTestArray
 .text.getUserConfigStruct
                0x0000000008001ca8       0x2c ./Core/Src/Data.o
                0x0000000008001ca8                getUserConfigStruct
 .text.setUserInputConfigData
                0x0000000008001cd4       0x98 ./Core/Src/Data.o
                0x0000000008001cd4                setUserInputConfigData
 .text.getUserResultData
                0x0000000008001d6c       0x24 ./Core/Src/Data.o
                0x0000000008001d6c                getUserResultData
 .text.getResultTestNumber
                0x0000000008001d90       0x14 ./Core/Src/Data.o
                0x0000000008001d90                getResultTestNumber
 .text.setResultTestNumber
                0x0000000008001da4       0x20 ./Core/Src/Data.o
                0x0000000008001da4                setResultTestNumber
 .text.setUserResultData
                0x0000000008001dc4       0xe4 ./Core/Src/Data.o
                0x0000000008001dc4                setUserResultData
 .text.resetResultStruct
                0x0000000008001ea8       0x74 ./Core/Src/Data.o
                0x0000000008001ea8                resetResultStruct
 .text.resetConfigStruct
                0x0000000008001f1c       0x74 ./Core/Src/Data.o
                0x0000000008001f1c                resetConfigStruct
 .text.resetMyResults
                0x0000000008001f90       0xbc ./Core/Src/Data.o
                0x0000000008001f90                resetMyResults
 .text.indexColumn
                0x000000000800204c       0x76 ./Core/Src/DataProcessing.o
                0x000000000800204c                indexColumn
 .text.milisecondsTime
                0x00000000080020c2       0x56 ./Core/Src/DataProcessing.o
                0x00000000080020c2                milisecondsTime
 .text.stringToInt
                0x0000000008002118       0x24 ./Core/Src/DataProcessing.o
                0x0000000008002118                stringToInt
 .text.indexMass
                0x000000000800213c       0x52 ./Core/Src/DataProcessing.o
                0x000000000800213c                indexMass
 .text.indexChange
                0x000000000800218e       0x3c ./Core/Src/DataProcessing.o
                0x000000000800218e                indexChange
 *fill*         0x00000000080021ca        0x2 
 .text.getAltMinString
                0x00000000080021cc       0x40 ./Core/Src/DataProcessing.o
                0x00000000080021cc                getAltMinString
 .text.getAltMaxString
                0x000000000800220c       0x40 ./Core/Src/DataProcessing.o
                0x000000000800220c                getAltMaxString
 .text.getNumSaltosString
                0x000000000800224c       0x40 ./Core/Src/DataProcessing.o
                0x000000000800224c                getNumSaltosString
 .text.getTypeJumpString
                0x000000000800228c       0x2c ./Core/Src/DataProcessing.o
                0x000000000800228c                getTypeJumpString
 .text.getAltDJString
                0x00000000080022b8       0x34 ./Core/Src/DataProcessing.o
                0x00000000080022b8                getAltDJString
 .text.getNumSeriesString
                0x00000000080022ec       0x40 ./Core/Src/DataProcessing.o
                0x00000000080022ec                getNumSeriesString
 .text.getIntervalSeriesString
                0x000000000800232c       0x40 ./Core/Src/DataProcessing.o
                0x000000000800232c                getIntervalSeriesString
 .text.getMassString
                0x000000000800236c       0x4c ./Core/Src/DataProcessing.o
                0x000000000800236c                getMassString
 .text.getOverMassString
                0x00000000080023b8       0x4c ./Core/Src/DataProcessing.o
                0x00000000080023b8                getOverMassString
 .text.getNumTestString
                0x0000000008002404       0x40 ./Core/Src/DataProcessing.o
                0x0000000008002404                getNumTestString
 .text.getEraseTestString
                0x0000000008002444       0x30 ./Core/Src/DataProcessing.o
                0x0000000008002444                getEraseTestString
 .text.param_1_toString
                0x0000000008002474       0x28 ./Core/Src/DataProcessing.o
                0x0000000008002474                param_1_toString
 .text.param_2_toString
                0x000000000800249c       0x28 ./Core/Src/DataProcessing.o
                0x000000000800249c                param_2_toString
 .text.param_3_toString
                0x00000000080024c4       0x28 ./Core/Src/DataProcessing.o
                0x00000000080024c4                param_3_toString
 .text.setUserAltMin
                0x00000000080024ec       0x48 ./Core/Src/DataProcessing.o
                0x00000000080024ec                setUserAltMin
 .text.setUserErase
                0x0000000008002534       0x4a ./Core/Src/DataProcessing.o
                0x0000000008002534                setUserErase
 .text.setUserAltMax
                0x000000000800257e       0x48 ./Core/Src/DataProcessing.o
                0x000000000800257e                setUserAltMax
 .text.setUserNumSaltos
                0x00000000080025c6       0x48 ./Core/Src/DataProcessing.o
                0x00000000080025c6                setUserNumSaltos
 .text.setUserTypeJump
                0x000000000800260e       0x48 ./Core/Src/DataProcessing.o
                0x000000000800260e                setUserTypeJump
 .text.setUserAltDJ
                0x0000000008002656       0x48 ./Core/Src/DataProcessing.o
                0x0000000008002656                setUserAltDJ
 .text.setUserNumSeries
                0x000000000800269e       0x48 ./Core/Src/DataProcessing.o
                0x000000000800269e                setUserNumSeries
 .text.setUserIntervalSeries
                0x00000000080026e6       0x48 ./Core/Src/DataProcessing.o
                0x00000000080026e6                setUserIntervalSeries
 .text.setUserMass
                0x000000000800272e       0x48 ./Core/Src/DataProcessing.o
                0x000000000800272e                setUserMass
 .text.setUserOverMass
                0x0000000008002776       0x48 ./Core/Src/DataProcessing.o
                0x0000000008002776                setUserOverMass
 .text.setUserNumTest
                0x00000000080027be       0x48 ./Core/Src/DataProcessing.o
                0x00000000080027be                setUserNumTest
 *fill*         0x0000000008002806        0x2 
 .text.setIntervalSaltosTime
                0x0000000008002808       0xc0 ./Core/Src/DataProcessing.o
                0x0000000008002808                setIntervalSaltosTime
 .text.setUserTime
                0x00000000080028c8      0x140 ./Core/Src/DataProcessing.o
                0x00000000080028c8                setUserTime
 .text.alturaToTempo
                0x0000000008002a08       0x64 ./Core/Src/DataProcessing.o
                0x0000000008002a08                alturaToTempo
 .text.updateUserMsg
                0x0000000008002a6c       0x3c ./Core/Src/Display_module.o
                0x0000000008002a6c                updateUserMsg
 .text.readyUserInterface
                0x0000000008002aa8       0x28 ./Core/Src/Display_module.o
                0x0000000008002aa8                readyUserInterface
 .text.statusUserInterface
                0x0000000008002ad0       0x1a ./Core/Src/Display_module.o
                0x0000000008002ad0                statusUserInterface
 .text.resetCursorInterface
                0x0000000008002aea       0x22 ./Core/Src/Display_module.o
                0x0000000008002aea                resetCursorInterface
 .text.exportStateMachine
                0x0000000008002b0c      0x44c ./Core/Src/Exportar_component.o
                0x0000000008002b0c                exportStateMachine
 .text.initStateMachine
                0x0000000008002f58      0x948 ./Core/Src/INICIAR_Component.o
                0x0000000008002f58                initStateMachine
 .text.startTM2
                0x00000000080038a0        0xe ./Core/Src/IO_interface.o
                0x00000000080038a0                startTM2
 .text.stopTM2  0x00000000080038ae        0xe ./Core/Src/IO_interface.o
                0x00000000080038ae                stopTM2
 .text.startTM3
                0x00000000080038bc        0xe ./Core/Src/IO_interface.o
                0x00000000080038bc                startTM3
 .text.stopTM3  0x00000000080038ca        0xe ./Core/Src/IO_interface.o
                0x00000000080038ca                stopTM3
 .text.printDataDisplay
                0x00000000080038d8       0x26 ./Core/Src/IO_interface.o
                0x00000000080038d8                printDataDisplay
 .text.eraseDataDisplay
                0x00000000080038fe        0xe ./Core/Src/IO_interface.o
                0x00000000080038fe                eraseDataDisplay
 .text.updateDataDisplay
                0x000000000800390c       0x26 ./Core/Src/IO_interface.o
                0x000000000800390c                updateDataDisplay
 .text.homeDataDisplay
                0x0000000008003932       0x20 ./Core/Src/IO_interface.o
                0x0000000008003932                homeDataDisplay
 .text.startCOMM
                0x0000000008003952       0x1e ./Core/Src/IO_interface.o
                0x0000000008003952                startCOMM
 .text.stopCOMM
                0x0000000008003970       0x1e ./Core/Src/IO_interface.o
                0x0000000008003970                stopCOMM
 *fill*         0x000000000800398e        0x2 
 .text.HW_PRINT_DATA
                0x0000000008003990       0x38 ./Core/Src/LCDHW.o
                0x0000000008003990                HW_PRINT_DATA
 .text.HW_ERASE_DATA
                0x00000000080039c8       0x14 ./Core/Src/LCDHW.o
                0x00000000080039c8                HW_ERASE_DATA
 .text.HW_UPDATE_DATA
                0x00000000080039dc       0x40 ./Core/Src/LCDHW.o
                0x00000000080039dc                HW_UPDATE_DATA
 .text.HW_HOME_DISP
                0x0000000008003a1c       0x60 ./Core/Src/LCDHW.o
                0x0000000008003a1c                HW_HOME_DISP
 .text.begin    0x0000000008003a7c      0x1f4 ./Core/Src/LiquidCrystal.o
                0x0000000008003a7c                begin
 .text.print    0x0000000008003c70       0x44 ./Core/Src/LiquidCrystal.o
                0x0000000008003c70                print
 .text.clear    0x0000000008003cb4       0x1e ./Core/Src/LiquidCrystal.o
                0x0000000008003cb4                clear
 .text.display  0x0000000008003cd2       0x30 ./Core/Src/LiquidCrystal.o
                0x0000000008003cd2                display
 .text.noCursor
                0x0000000008003d02       0x30 ./Core/Src/LiquidCrystal.o
                0x0000000008003d02                noCursor
 .text.cursor   0x0000000008003d32       0x30 ./Core/Src/LiquidCrystal.o
                0x0000000008003d32                cursor
 .text.write    0x0000000008003d62       0x20 ./Core/Src/LiquidCrystal.o
                0x0000000008003d62                write
 *fill*         0x0000000008003d82        0x2 
 .text.send     0x0000000008003d84       0x64 ./Core/Src/LiquidCrystal.o
                0x0000000008003d84                send
 .text.pulseEnable
                0x0000000008003de8       0x2c ./Core/Src/LiquidCrystal.o
                0x0000000008003de8                pulseEnable
 .text.write4bits
                0x0000000008003e14       0x78 ./Core/Src/LiquidCrystal.o
                0x0000000008003e14                write4bits
 .text.write8bits
                0x0000000008003e8c       0xd4 ./Core/Src/LiquidCrystal.o
                0x0000000008003e8c                write8bits
 .text.command  0x0000000008003f60       0x20 ./Core/Src/LiquidCrystal.o
                0x0000000008003f60                command
 .text.setRowOffsets
                0x0000000008003f80       0x38 ./Core/Src/LiquidCrystal.o
                0x0000000008003f80                setRowOffsets
 .text.setCursor
                0x0000000008003fb8       0x5e ./Core/Src/LiquidCrystal.o
                0x0000000008003fb8                setCursor
 *fill*         0x0000000008004016        0x2 
 .text.startReadingOutsideSensor
                0x0000000008004018      0x208 ./Core/Src/SENSORHW.o
                0x0000000008004018                startReadingOutsideSensor
 .text.startReadingInsideSensor
                0x0000000008004220        0xe ./Core/Src/SENSORHW.o
                0x0000000008004220                startReadingInsideSensor
 *fill*         0x000000000800422e        0x2 
 .text.getNextSub
                0x0000000008004230       0x24 ./Core/Src/SubMenu.o
                0x0000000008004230                getNextSub
 .text.setSelectSub
                0x0000000008004254       0x28 ./Core/Src/SubMenu.o
                0x0000000008004254                setSelectSub
 .text.setInsertData
                0x000000000800427c       0x1c ./Core/Src/SubMenu.o
                0x000000000800427c                setInsertData
 .text.SET_HW_TIMER2
                0x0000000008004298       0x44 ./Core/Src/TimerHW.o
                0x0000000008004298                SET_HW_TIMER2
 .text.RESET_HW_TIMER2
                0x00000000080042dc       0x3c ./Core/Src/TimerHW.o
                0x00000000080042dc                RESET_HW_TIMER2
 .text.SET_HW_TIMER3
                0x0000000008004318       0x44 ./Core/Src/TimerHW.o
                0x0000000008004318                SET_HW_TIMER3
 .text.RESET_HW_TIMER3
                0x000000000800435c       0x38 ./Core/Src/TimerHW.o
                0x000000000800435c                RESET_HW_TIMER3
 .text.SET_HW_UART
                0x0000000008004394       0x28 ./Core/Src/UARTHW.o
                0x0000000008004394                SET_HW_UART
 .text.RESET_HW_UART
                0x00000000080043bc       0x28 ./Core/Src/UARTHW.o
                0x00000000080043bc                RESET_HW_UART
 .text.SELECT   0x00000000080043e4       0x1c ./Core/Src/fatfs_sd.o
 .text.DESELECT
                0x0000000008004400       0x1c ./Core/Src/fatfs_sd.o
 .text.SPI_TxByte
                0x000000000800441c       0x34 ./Core/Src/fatfs_sd.o
 .text.SPI_TxBuffer
                0x0000000008004450       0x34 ./Core/Src/fatfs_sd.o
 .text.SPI_RxByte
                0x0000000008004484       0x38 ./Core/Src/fatfs_sd.o
 .text.SPI_RxBytePtr
                0x00000000080044bc       0x1c ./Core/Src/fatfs_sd.o
 .text.SD_ReadyWait
                0x00000000080044d8       0x34 ./Core/Src/fatfs_sd.o
 .text.SD_PowerOn
                0x000000000800450c       0x84 ./Core/Src/fatfs_sd.o
 .text.SD_PowerOff
                0x0000000008004590       0x18 ./Core/Src/fatfs_sd.o
 .text.SD_CheckPower
                0x00000000080045a8       0x14 ./Core/Src/fatfs_sd.o
 .text.SD_RxDataBlock
                0x00000000080045bc       0x5c ./Core/Src/fatfs_sd.o
 .text.SD_TxDataBlock
                0x0000000008004618       0x86 ./Core/Src/fatfs_sd.o
 .text.SD_SendCmd
                0x000000000800469e       0xa8 ./Core/Src/fatfs_sd.o
 *fill*         0x0000000008004746        0x2 
 .text.SD_disk_initialize
                0x0000000008004748      0x1cc ./Core/Src/fatfs_sd.o
                0x0000000008004748                SD_disk_initialize
 .text.SD_disk_status
                0x0000000008004914       0x28 ./Core/Src/fatfs_sd.o
                0x0000000008004914                SD_disk_status
 .text.SD_disk_read
                0x000000000800493c       0xd4 ./Core/Src/fatfs_sd.o
                0x000000000800493c                SD_disk_read
 .text.SD_disk_write
                0x0000000008004a10      0x108 ./Core/Src/fatfs_sd.o
                0x0000000008004a10                SD_disk_write
 .text.SD_disk_ioctl
                0x0000000008004b18      0x258 ./Core/Src/fatfs_sd.o
                0x0000000008004b18                SD_disk_ioctl
 .text.getKeyPressed
                0x0000000008004d70       0x18 ./Core/Src/main.o
                0x0000000008004d70                getKeyPressed
 .text.resetKeyPressed
                0x0000000008004d88       0x1c ./Core/Src/main.o
                0x0000000008004d88                resetKeyPressed
 .text.getUARTInstance
                0x0000000008004da4       0x14 ./Core/Src/main.o
                0x0000000008004da4                getUARTInstance
 .text.getTimer2Instance
                0x0000000008004db8       0x14 ./Core/Src/main.o
                0x0000000008004db8                getTimer2Instance
 .text.getTimer3Instance
                0x0000000008004dcc       0x14 ./Core/Src/main.o
                0x0000000008004dcc                getTimer3Instance
 .text.getTimer2Variable
                0x0000000008004de0       0x18 ./Core/Src/main.o
                0x0000000008004de0                getTimer2Variable
 .text.getTimer3Variable
                0x0000000008004df8       0x18 ./Core/Src/main.o
                0x0000000008004df8                getTimer3Variable
 .text.main     0x0000000008004e10      0x378 ./Core/Src/main.o
                0x0000000008004e10                main
 .text.SystemClock_Config
                0x0000000008005188       0x8a ./Core/Src/main.o
                0x0000000008005188                SystemClock_Config
 *fill*         0x0000000008005212        0x2 
 .text.MX_SPI1_Init
                0x0000000008005214       0x6c ./Core/Src/main.o
 .text.MX_TIM2_Init
                0x0000000008005280       0xa8 ./Core/Src/main.o
 .text.MX_TIM3_Init
                0x0000000008005328       0x9c ./Core/Src/main.o
 .text.MX_USART2_UART_Init
                0x00000000080053c4       0x54 ./Core/Src/main.o
 .text.MX_DMA_Init
                0x0000000008005418       0x3c ./Core/Src/main.o
 .text.MX_GPIO_Init
                0x0000000008005454      0x148 ./Core/Src/main.o
 .text.HAL_TIM_PeriodElapsedCallback
                0x000000000800559c       0x48 ./Core/Src/main.o
                0x000000000800559c                HAL_TIM_PeriodElapsedCallback
 .text.HAL_UARTEx_RxEventCallback
                0x00000000080055e4       0x48 ./Core/Src/main.o
                0x00000000080055e4                HAL_UARTEx_RxEventCallback
 .text.HAL_TIM_IC_CaptureCallback
                0x000000000800562c       0x34 ./Core/Src/main.o
                0x000000000800562c                HAL_TIM_IC_CaptureCallback
 .text.HAL_GPIO_EXTI_Callback
                0x0000000008005660       0x68 ./Core/Src/main.o
                0x0000000008005660                HAL_GPIO_EXTI_Callback
 .text.Error_Handler
                0x00000000080056c8        0xa ./Core/Src/main.o
                0x00000000080056c8                Error_Handler
 *fill*         0x00000000080056d2        0x2 
 .text.getNextMain
                0x00000000080056d4       0x24 ./Core/Src/menu_module.o
                0x00000000080056d4                getNextMain
 .text.setSelectMain
                0x00000000080056f8       0x28 ./Core/Src/menu_module.o
                0x00000000080056f8                setSelectMain
 .text.HAL_MspInit
                0x0000000008005720       0x64 ./Core/Src/stm32f1xx_hal_msp.o
                0x0000000008005720                HAL_MspInit
 .text.HAL_SPI_MspInit
                0x0000000008005784       0x94 ./Core/Src/stm32f1xx_hal_msp.o
                0x0000000008005784                HAL_SPI_MspInit
 .text.HAL_TIM_Encoder_MspInit
                0x0000000008005818       0x88 ./Core/Src/stm32f1xx_hal_msp.o
                0x0000000008005818                HAL_TIM_Encoder_MspInit
 .text.HAL_TIM_Base_MspInit
                0x00000000080058a0       0x4c ./Core/Src/stm32f1xx_hal_msp.o
                0x00000000080058a0                HAL_TIM_Base_MspInit
 .text.HAL_UART_MspInit
                0x00000000080058ec       0xf8 ./Core/Src/stm32f1xx_hal_msp.o
                0x00000000080058ec                HAL_UART_MspInit
 .text.SDTimerHandler
                0x00000000080059e4       0x44 ./Core/Src/stm32f1xx_it.o
                0x00000000080059e4                SDTimerHandler
 .text.NMI_Handler
                0x0000000008005a28        0x6 ./Core/Src/stm32f1xx_it.o
                0x0000000008005a28                NMI_Handler
 .text.HardFault_Handler
                0x0000000008005a2e        0x6 ./Core/Src/stm32f1xx_it.o
                0x0000000008005a2e                HardFault_Handler
 .text.MemManage_Handler
                0x0000000008005a34        0x6 ./Core/Src/stm32f1xx_it.o
                0x0000000008005a34                MemManage_Handler
 .text.BusFault_Handler
                0x0000000008005a3a        0x6 ./Core/Src/stm32f1xx_it.o
                0x0000000008005a3a                BusFault_Handler
 .text.UsageFault_Handler
                0x0000000008005a40        0x6 ./Core/Src/stm32f1xx_it.o
                0x0000000008005a40                UsageFault_Handler
 .text.SVC_Handler
                0x0000000008005a46        0xc ./Core/Src/stm32f1xx_it.o
                0x0000000008005a46                SVC_Handler
 .text.DebugMon_Handler
                0x0000000008005a52        0xc ./Core/Src/stm32f1xx_it.o
                0x0000000008005a52                DebugMon_Handler
 .text.PendSV_Handler
                0x0000000008005a5e        0xc ./Core/Src/stm32f1xx_it.o
                0x0000000008005a5e                PendSV_Handler
 *fill*         0x0000000008005a6a        0x2 
 .text.SysTick_Handler
                0x0000000008005a6c       0x34 ./Core/Src/stm32f1xx_it.o
                0x0000000008005a6c                SysTick_Handler
 .text.EXTI4_IRQHandler
                0x0000000008005aa0        0xe ./Core/Src/stm32f1xx_it.o
                0x0000000008005aa0                EXTI4_IRQHandler
 *fill*         0x0000000008005aae        0x2 
 .text.DMA1_Channel6_IRQHandler
                0x0000000008005ab0       0x14 ./Core/Src/stm32f1xx_it.o
                0x0000000008005ab0                DMA1_Channel6_IRQHandler
 .text.EXTI9_5_IRQHandler
                0x0000000008005ac4       0x22 ./Core/Src/stm32f1xx_it.o
                0x0000000008005ac4                EXTI9_5_IRQHandler
 *fill*         0x0000000008005ae6        0x2 
 .text.TIM2_IRQHandler
                0x0000000008005ae8       0x14 ./Core/Src/stm32f1xx_it.o
                0x0000000008005ae8                TIM2_IRQHandler
 .text.TIM3_IRQHandler
                0x0000000008005afc       0x14 ./Core/Src/stm32f1xx_it.o
                0x0000000008005afc                TIM3_IRQHandler
 .text.USART2_IRQHandler
                0x0000000008005b10       0x14 ./Core/Src/stm32f1xx_it.o
                0x0000000008005b10                USART2_IRQHandler
 .text._sbrk    0x0000000008005b24       0x6c ./Core/Src/sysmem.o
                0x0000000008005b24                _sbrk
 .text.SystemInit
                0x0000000008005b90        0xc ./Core/Src/system_stm32f1xx.o
                0x0000000008005b90                SystemInit
 .text.Reset_Handler
                0x0000000008005b9c       0x48 ./Core/Startup/startup_stm32f103c8tx.o
                0x0000000008005b9c                Reset_Handler
 .text.Default_Handler
                0x0000000008005be4        0x2 ./Core/Startup/startup_stm32f103c8tx.o
                0x0000000008005be4                RTC_Alarm_IRQHandler
                0x0000000008005be4                EXTI2_IRQHandler
                0x0000000008005be4                TIM1_CC_IRQHandler
                0x0000000008005be4                PVD_IRQHandler
                0x0000000008005be4                EXTI3_IRQHandler
                0x0000000008005be4                EXTI0_IRQHandler
                0x0000000008005be4                I2C2_EV_IRQHandler
                0x0000000008005be4                ADC1_2_IRQHandler
                0x0000000008005be4                SPI1_IRQHandler
                0x0000000008005be4                TAMPER_IRQHandler
                0x0000000008005be4                DMA1_Channel4_IRQHandler
                0x0000000008005be4                USART3_IRQHandler
                0x0000000008005be4                RTC_IRQHandler
                0x0000000008005be4                DMA1_Channel7_IRQHandler
                0x0000000008005be4                CAN1_RX1_IRQHandler
                0x0000000008005be4                TIM4_IRQHandler
                0x0000000008005be4                I2C1_EV_IRQHandler
                0x0000000008005be4                RCC_IRQHandler
                0x0000000008005be4                TIM1_TRG_COM_IRQHandler
                0x0000000008005be4                DMA1_Channel1_IRQHandler
                0x0000000008005be4                Default_Handler
                0x0000000008005be4                EXTI15_10_IRQHandler
                0x0000000008005be4                SPI2_IRQHandler
                0x0000000008005be4                DMA1_Channel5_IRQHandler
                0x0000000008005be4                USB_LP_CAN1_RX0_IRQHandler
                0x0000000008005be4                USB_HP_CAN1_TX_IRQHandler
                0x0000000008005be4                DMA1_Channel3_IRQHandler
                0x0000000008005be4                TIM1_UP_IRQHandler
                0x0000000008005be4                WWDG_IRQHandler
                0x0000000008005be4                TIM1_BRK_IRQHandler
                0x0000000008005be4                EXTI1_IRQHandler
                0x0000000008005be4                I2C2_ER_IRQHandler
                0x0000000008005be4                DMA1_Channel2_IRQHandler
                0x0000000008005be4                CAN1_SCE_IRQHandler
                0x0000000008005be4                FLASH_IRQHandler
                0x0000000008005be4                USART1_IRQHandler
                0x0000000008005be4                I2C1_ER_IRQHandler
                0x0000000008005be4                USBWakeUp_IRQHandler
 *fill*         0x0000000008005be6        0x2 
 .text.HAL_Init
                0x0000000008005be8       0x2c ./Drivers/STM32F1xx_HAL_Driver/Src/stm32f1xx_hal.o
                0x0000000008005be8                HAL_Init
 .text.HAL_InitTick
                0x0000000008005c14       0x60 ./Drivers/STM32F1xx_HAL_Driver/Src/stm32f1xx_hal.o
                0x0000000008005c14                HAL_InitTick
 .text.HAL_IncTick
                0x0000000008005c74       0x24 ./Drivers/STM32F1xx_HAL_Driver/Src/stm32f1xx_hal.o
                0x0000000008005c74                HAL_IncTick
 .text.HAL_GetTick
                0x0000000008005c98       0x14 ./Drivers/STM32F1xx_HAL_Driver/Src/stm32f1xx_hal.o
                0x0000000008005c98                HAL_GetTick
 .text.HAL_Delay
                0x0000000008005cac       0x48 ./Drivers/STM32F1xx_HAL_Driver/Src/stm32f1xx_hal.o
                0x0000000008005cac                HAL_Delay
 .text.__NVIC_SetPriorityGrouping
                0x0000000008005cf4       0x48 ./Drivers/STM32F1xx_HAL_Driver/Src/stm32f1xx_hal_cortex.o
 .text.__NVIC_GetPriorityGrouping
                0x0000000008005d3c       0x1c ./Drivers/STM32F1xx_HAL_Driver/Src/stm32f1xx_hal_cortex.o
 .text.__NVIC_EnableIRQ
                0x0000000008005d58       0x38 ./Drivers/STM32F1xx_HAL_Driver/Src/stm32f1xx_hal_cortex.o
 .text.__NVIC_SetPriority
                0x0000000008005d90       0x54 ./Drivers/STM32F1xx_HAL_Driver/Src/stm32f1xx_hal_cortex.o
 .text.NVIC_EncodePriority
                0x0000000008005de4       0x64 ./Drivers/STM32F1xx_HAL_Driver/Src/stm32f1xx_hal_cortex.o
 .text.SysTick_Config
                0x0000000008005e48       0x44 ./Drivers/STM32F1xx_HAL_Driver/Src/stm32f1xx_hal_cortex.o
 .text.HAL_NVIC_SetPriorityGrouping
                0x0000000008005e8c       0x16 ./Drivers/STM32F1xx_HAL_Driver/Src/stm32f1xx_hal_cortex.o
                0x0000000008005e8c                HAL_NVIC_SetPriorityGrouping
 .text.HAL_NVIC_SetPriority
                0x0000000008005ea2       0x38 ./Drivers/STM32F1xx_HAL_Driver/Src/stm32f1xx_hal_cortex.o
                0x0000000008005ea2                HAL_NVIC_SetPriority
 .text.HAL_NVIC_EnableIRQ
                0x0000000008005eda       0x1c ./Drivers/STM32F1xx_HAL_Driver/Src/stm32f1xx_hal_cortex.o
                0x0000000008005eda                HAL_NVIC_EnableIRQ
 .text.HAL_SYSTICK_Config
                0x0000000008005ef6       0x18 ./Drivers/STM32F1xx_HAL_Driver/Src/stm32f1xx_hal_cortex.o
                0x0000000008005ef6                HAL_SYSTICK_Config
 *fill*         0x0000000008005f0e        0x2 
 .text.HAL_DMA_Init
                0x0000000008005f10       0xb4 ./Drivers/STM32F1xx_HAL_Driver/Src/stm32f1xx_hal_dma.o
                0x0000000008005f10                HAL_DMA_Init
 .text.HAL_DMA_Start_IT
                0x0000000008005fc4       0xbe ./Drivers/STM32F1xx_HAL_Driver/Src/stm32f1xx_hal_dma.o
                0x0000000008005fc4                HAL_DMA_Start_IT
 .text.HAL_DMA_Abort
                0x0000000008006082       0x74 ./Drivers/STM32F1xx_HAL_Driver/Src/stm32f1xx_hal_dma.o
                0x0000000008006082                HAL_DMA_Abort
 *fill*         0x00000000080060f6        0x2 
 .text.HAL_DMA_Abort_IT
                0x00000000080060f8       0xec ./Drivers/STM32F1xx_HAL_Driver/Src/stm32f1xx_hal_dma.o
                0x00000000080060f8                HAL_DMA_Abort_IT
 .text.HAL_DMA_IRQHandler
                0x00000000080061e4      0x20c ./Drivers/STM32F1xx_HAL_Driver/Src/stm32f1xx_hal_dma.o
                0x00000000080061e4                HAL_DMA_IRQHandler
 .text.DMA_SetConfig
                0x00000000080063f0       0x5a ./Drivers/STM32F1xx_HAL_Driver/Src/stm32f1xx_hal_dma.o
 *fill*         0x000000000800644a        0x2 
 .text.HAL_GPIO_Init
                0x000000000800644c      0x308 ./Drivers/STM32F1xx_HAL_Driver/Src/stm32f1xx_hal_gpio.o
                0x000000000800644c                HAL_GPIO_Init
 .text.HAL_GPIO_WritePin
                0x0000000008006754       0x30 ./Drivers/STM32F1xx_HAL_Driver/Src/stm32f1xx_hal_gpio.o
                0x0000000008006754                HAL_GPIO_WritePin
 .text.HAL_GPIO_TogglePin
                0x0000000008006784       0x32 ./Drivers/STM32F1xx_HAL_Driver/Src/stm32f1xx_hal_gpio.o
                0x0000000008006784                HAL_GPIO_TogglePin
 *fill*         0x00000000080067b6        0x2 
 .text.HAL_GPIO_EXTI_IRQHandler
                0x00000000080067b8       0x30 ./Drivers/STM32F1xx_HAL_Driver/Src/stm32f1xx_hal_gpio.o
                0x00000000080067b8                HAL_GPIO_EXTI_IRQHandler
 .text.HAL_RCC_OscConfig
                0x00000000080067e8      0x504 ./Drivers/STM32F1xx_HAL_Driver/Src/stm32f1xx_hal_rcc.o
                0x00000000080067e8                HAL_RCC_OscConfig
 .text.HAL_RCC_ClockConfig
                0x0000000008006cec      0x1d4 ./Drivers/STM32F1xx_HAL_Driver/Src/stm32f1xx_hal_rcc.o
                0x0000000008006cec                HAL_RCC_ClockConfig
 .text.HAL_RCC_GetSysClockFreq
                0x0000000008006ec0       0xbc ./Drivers/STM32F1xx_HAL_Driver/Src/stm32f1xx_hal_rcc.o
                0x0000000008006ec0                HAL_RCC_GetSysClockFreq
 .text.HAL_RCC_GetHCLKFreq
                0x0000000008006f7c       0x14 ./Drivers/STM32F1xx_HAL_Driver/Src/stm32f1xx_hal_rcc.o
                0x0000000008006f7c                HAL_RCC_GetHCLKFreq
 .text.HAL_RCC_GetPCLK1Freq
                0x0000000008006f90       0x28 ./Drivers/STM32F1xx_HAL_Driver/Src/stm32f1xx_hal_rcc.o
                0x0000000008006f90                HAL_RCC_GetPCLK1Freq
 .text.HAL_RCC_GetPCLK2Freq
                0x0000000008006fb8       0x28 ./Drivers/STM32F1xx_HAL_Driver/Src/stm32f1xx_hal_rcc.o
                0x0000000008006fb8                HAL_RCC_GetPCLK2Freq
 .text.RCC_Delay
                0x0000000008006fe0       0x3c ./Drivers/STM32F1xx_HAL_Driver/Src/stm32f1xx_hal_rcc.o
 .text.HAL_SPI_Init
                0x000000000800701c      0x108 ./Drivers/STM32F1xx_HAL_Driver/Src/stm32f1xx_hal_spi.o
                0x000000000800701c                HAL_SPI_Init
 .text.HAL_SPI_Transmit
                0x0000000008007124      0x278 ./Drivers/STM32F1xx_HAL_Driver/Src/stm32f1xx_hal_spi.o
                0x0000000008007124                HAL_SPI_Transmit
 .text.HAL_SPI_TransmitReceive
                0x000000000800739c      0x344 ./Drivers/STM32F1xx_HAL_Driver/Src/stm32f1xx_hal_spi.o
                0x000000000800739c                HAL_SPI_TransmitReceive
 .text.SPI_WaitFlagStateUntilTimeout
                0x00000000080076e0      0x110 ./Drivers/STM32F1xx_HAL_Driver/Src/stm32f1xx_hal_spi.o
 .text.SPI_EndRxTxTransaction
                0x00000000080077f0       0x3c ./Drivers/STM32F1xx_HAL_Driver/Src/stm32f1xx_hal_spi.o
 .text.HAL_TIM_Base_Init
                0x000000000800782c       0x9e ./Drivers/STM32F1xx_HAL_Driver/Src/stm32f1xx_hal_tim.o
                0x000000000800782c                HAL_TIM_Base_Init
 *fill*         0x00000000080078ca        0x2 
 .text.HAL_TIM_Base_Start_IT
                0x00000000080078cc       0xa4 ./Drivers/STM32F1xx_HAL_Driver/Src/stm32f1xx_hal_tim.o
                0x00000000080078cc                HAL_TIM_Base_Start_IT
 .text.HAL_TIM_Base_Stop_IT
                0x0000000008007970       0x5c ./Drivers/STM32F1xx_HAL_Driver/Src/stm32f1xx_hal_tim.o
                0x0000000008007970                HAL_TIM_Base_Stop_IT
 .text.HAL_TIM_Encoder_Init
                0x00000000080079cc      0x144 ./Drivers/STM32F1xx_HAL_Driver/Src/stm32f1xx_hal_tim.o
                0x00000000080079cc                HAL_TIM_Encoder_Init
 .text.HAL_TIM_Encoder_Start_IT
                0x0000000008007b10      0x15c ./Drivers/STM32F1xx_HAL_Driver/Src/stm32f1xx_hal_tim.o
                0x0000000008007b10                HAL_TIM_Encoder_Start_IT
 .text.HAL_TIM_Encoder_Stop_IT
                0x0000000008007c6c      0x16a ./Drivers/STM32F1xx_HAL_Driver/Src/stm32f1xx_hal_tim.o
                0x0000000008007c6c                HAL_TIM_Encoder_Stop_IT
 .text.HAL_TIM_IRQHandler
                0x0000000008007dd6      0x210 ./Drivers/STM32F1xx_HAL_Driver/Src/stm32f1xx_hal_tim.o
                0x0000000008007dd6                HAL_TIM_IRQHandler
 .text.HAL_TIM_ConfigClockSource
                0x0000000008007fe6      0x188 ./Drivers/STM32F1xx_HAL_Driver/Src/stm32f1xx_hal_tim.o
                0x0000000008007fe6                HAL_TIM_ConfigClockSource
 .text.HAL_TIM_OC_DelayElapsedCallback
                0x000000000800816e       0x12 ./Drivers/STM32F1xx_HAL_Driver/Src/stm32f1xx_hal_tim.o
                0x000000000800816e                HAL_TIM_OC_DelayElapsedCallback
 .text.HAL_TIM_PWM_PulseFinishedCallback
                0x0000000008008180       0x12 ./Drivers/STM32F1xx_HAL_Driver/Src/stm32f1xx_hal_tim.o
                0x0000000008008180                HAL_TIM_PWM_PulseFinishedCallback
 .text.HAL_TIM_TriggerCallback
                0x0000000008008192       0x12 ./Drivers/STM32F1xx_HAL_Driver/Src/stm32f1xx_hal_tim.o
                0x0000000008008192                HAL_TIM_TriggerCallback
 .text.TIM_Base_SetConfig
                0x00000000080081a4       0xc4 ./Drivers/STM32F1xx_HAL_Driver/Src/stm32f1xx_hal_tim.o
                0x00000000080081a4                TIM_Base_SetConfig
 .text.TIM_TI1_ConfigInputStage
                0x0000000008008268       0x5c ./Drivers/STM32F1xx_HAL_Driver/Src/stm32f1xx_hal_tim.o
 .text.TIM_TI2_ConfigInputStage
                0x00000000080082c4       0x5e ./Drivers/STM32F1xx_HAL_Driver/Src/stm32f1xx_hal_tim.o
 .text.TIM_ITRx_SetConfig
                0x0000000008008322       0x34 ./Drivers/STM32F1xx_HAL_Driver/Src/stm32f1xx_hal_tim.o
 .text.TIM_ETR_SetConfig
                0x0000000008008356       0x3e ./Drivers/STM32F1xx_HAL_Driver/Src/stm32f1xx_hal_tim.o
                0x0000000008008356                TIM_ETR_SetConfig
 .text.TIM_CCxChannelCmd
                0x0000000008008394       0x48 ./Drivers/STM32F1xx_HAL_Driver/Src/stm32f1xx_hal_tim.o
                0x0000000008008394                TIM_CCxChannelCmd
 .text.HAL_TIMEx_MasterConfigSynchronization
                0x00000000080083dc       0xbc ./Drivers/STM32F1xx_HAL_Driver/Src/stm32f1xx_hal_tim_ex.o
                0x00000000080083dc                HAL_TIMEx_MasterConfigSynchronization
 .text.HAL_TIMEx_CommutCallback
                0x0000000008008498       0x12 ./Drivers/STM32F1xx_HAL_Driver/Src/stm32f1xx_hal_tim_ex.o
                0x0000000008008498                HAL_TIMEx_CommutCallback
 .text.HAL_TIMEx_BreakCallback
                0x00000000080084aa       0x12 ./Drivers/STM32F1xx_HAL_Driver/Src/stm32f1xx_hal_tim_ex.o
                0x00000000080084aa                HAL_TIMEx_BreakCallback
 .text.HAL_UART_Init
                0x00000000080084bc       0x9a ./Drivers/STM32F1xx_HAL_Driver/Src/stm32f1xx_hal_uart.o
                0x00000000080084bc                HAL_UART_Init
 .text.HAL_UARTEx_ReceiveToIdle_DMA
                0x0000000008008556       0x9e ./Drivers/STM32F1xx_HAL_Driver/Src/stm32f1xx_hal_uart.o
                0x0000000008008556                HAL_UARTEx_ReceiveToIdle_DMA
 .text.HAL_UART_IRQHandler
                0x00000000080085f4      0x354 ./Drivers/STM32F1xx_HAL_Driver/Src/stm32f1xx_hal_uart.o
                0x00000000080085f4                HAL_UART_IRQHandler
 .text.HAL_UART_TxCpltCallback
                0x0000000008008948       0x12 ./Drivers/STM32F1xx_HAL_Driver/Src/stm32f1xx_hal_uart.o
                0x0000000008008948                HAL_UART_TxCpltCallback
 .text.HAL_UART_RxCpltCallback
                0x000000000800895a       0x12 ./Drivers/STM32F1xx_HAL_Driver/Src/stm32f1xx_hal_uart.o
                0x000000000800895a                HAL_UART_RxCpltCallback
 .text.HAL_UART_RxHalfCpltCallback
                0x000000000800896c       0x12 ./Drivers/STM32F1xx_HAL_Driver/Src/stm32f1xx_hal_uart.o
                0x000000000800896c                HAL_UART_RxHalfCpltCallback
 .text.HAL_UART_ErrorCallback
                0x000000000800897e       0x12 ./Drivers/STM32F1xx_HAL_Driver/Src/stm32f1xx_hal_uart.o
                0x000000000800897e                HAL_UART_ErrorCallback
 .text.UART_DMAReceiveCplt
                0x0000000008008990       0x96 ./Drivers/STM32F1xx_HAL_Driver/Src/stm32f1xx_hal_uart.o
 .text.UART_DMARxHalfCplt
                0x0000000008008a26       0x36 ./Drivers/STM32F1xx_HAL_Driver/Src/stm32f1xx_hal_uart.o
 .text.UART_DMAError
                0x0000000008008a5c       0x94 ./Drivers/STM32F1xx_HAL_Driver/Src/stm32f1xx_hal_uart.o
 .text.UART_Start_Receive_DMA
                0x0000000008008af0       0xc8 ./Drivers/STM32F1xx_HAL_Driver/Src/stm32f1xx_hal_uart.o
                0x0000000008008af0                UART_Start_Receive_DMA
 .text.UART_EndTxTransfer
                0x0000000008008bb8       0x2a ./Drivers/STM32F1xx_HAL_Driver/Src/stm32f1xx_hal_uart.o
 .text.UART_EndRxTransfer
                0x0000000008008be2       0x58 ./Drivers/STM32F1xx_HAL_Driver/Src/stm32f1xx_hal_uart.o
 .text.UART_DMAAbortOnError
                0x0000000008008c3a       0x28 ./Drivers/STM32F1xx_HAL_Driver/Src/stm32f1xx_hal_uart.o
 .text.UART_Transmit_IT
                0x0000000008008c62       0x9e ./Drivers/STM32F1xx_HAL_Driver/Src/stm32f1xx_hal_uart.o
 .text.UART_EndTransmit_IT
                0x0000000008008d00       0x30 ./Drivers/STM32F1xx_HAL_Driver/Src/stm32f1xx_hal_uart.o
 .text.UART_Receive_IT
                0x0000000008008d30      0x152 ./Drivers/STM32F1xx_HAL_Driver/Src/stm32f1xx_hal_uart.o
 *fill*         0x0000000008008e82        0x2 
 .text.UART_SetConfig
                0x0000000008008e84      0x11c ./Drivers/STM32F1xx_HAL_Driver/Src/stm32f1xx_hal_uart.o
 .text.MX_FATFS_Init
                0x0000000008008fa0       0x24 ./FATFS/App/fatfs.o
                0x0000000008008fa0                MX_FATFS_Init
 .text.USER_initialize
                0x0000000008008fc4       0x1e ./FATFS/Target/user_diskio.o
                0x0000000008008fc4                USER_initialize
 .text.USER_status
                0x0000000008008fe2       0x1e ./FATFS/Target/user_diskio.o
                0x0000000008008fe2                USER_status
 .text.USER_read
                0x0000000008009000       0x28 ./FATFS/Target/user_diskio.o
                0x0000000008009000                USER_read
 .text.USER_write
                0x0000000008009028       0x28 ./FATFS/Target/user_diskio.o
                0x0000000008009028                USER_write
 .text.USER_ioctl
                0x0000000008009050       0x28 ./FATFS/Target/user_diskio.o
                0x0000000008009050                USER_ioctl
 .text.FATFS_LinkDriverEx
                0x0000000008009078       0x94 ./Middlewares/Third_Party/FatFs/src/ff_gen_drv.o
                0x0000000008009078                FATFS_LinkDriverEx
 .text.FATFS_LinkDriver
                0x000000000800910c       0x1e ./Middlewares/Third_Party/FatFs/src/ff_gen_drv.o
                0x000000000800910c                FATFS_LinkDriver
 *fill*         0x000000000800912a        0x2 
 .text.__errno  0x000000000800912c        0xc c:/st/stm32cubeide_1.10.1/stm32cubeide/plugins/com.st.stm32cube.ide.mcu.externaltools.gnu-tools-for-stm32.10.3-2021.10.win32_1.0.0.202111181127/tools/bin/../lib/gcc/arm-none-eabi/10.3.1/../../../../arm-none-eabi/lib/thumb/v7-m/nofp\libc_nano.a(lib_a-errno.o)
                0x000000000800912c                __errno
 .text.__libc_init_array
                0x0000000008009138       0x48 c:/st/stm32cubeide_1.10.1/stm32cubeide/plugins/com.st.stm32cube.ide.mcu.externaltools.gnu-tools-for-stm32.10.3-2021.10.win32_1.0.0.202111181127/tools/bin/../lib/gcc/arm-none-eabi/10.3.1/../../../../arm-none-eabi/lib/thumb/v7-m/nofp\libc_nano.a(lib_a-init.o)
                0x0000000008009138                __libc_init_array
 .text.__retarget_lock_acquire
                0x0000000008009180        0x2 c:/st/stm32cubeide_1.10.1/stm32cubeide/plugins/com.st.stm32cube.ide.mcu.externaltools.gnu-tools-for-stm32.10.3-2021.10.win32_1.0.0.202111181127/tools/bin/../lib/gcc/arm-none-eabi/10.3.1/../../../../arm-none-eabi/lib/thumb/v7-m/nofp\libc_nano.a(lib_a-lock.o)
                0x0000000008009180                __retarget_lock_acquire
 .text.__retarget_lock_acquire_recursive
                0x0000000008009182        0x2 c:/st/stm32cubeide_1.10.1/stm32cubeide/plugins/com.st.stm32cube.ide.mcu.externaltools.gnu-tools-for-stm32.10.3-2021.10.win32_1.0.0.202111181127/tools/bin/../lib/gcc/arm-none-eabi/10.3.1/../../../../arm-none-eabi/lib/thumb/v7-m/nofp\libc_nano.a(lib_a-lock.o)
                0x0000000008009182                __retarget_lock_acquire_recursive
 .text.__retarget_lock_release
                0x0000000008009184        0x2 c:/st/stm32cubeide_1.10.1/stm32cubeide/plugins/com.st.stm32cube.ide.mcu.externaltools.gnu-tools-for-stm32.10.3-2021.10.win32_1.0.0.202111181127/tools/bin/../lib/gcc/arm-none-eabi/10.3.1/../../../../arm-none-eabi/lib/thumb/v7-m/nofp\libc_nano.a(lib_a-lock.o)
                0x0000000008009184                __retarget_lock_release
 .text.__retarget_lock_release_recursive
                0x0000000008009186        0x2 c:/st/stm32cubeide_1.10.1/stm32cubeide/plugins/com.st.stm32cube.ide.mcu.externaltools.gnu-tools-for-stm32.10.3-2021.10.win32_1.0.0.202111181127/tools/bin/../lib/gcc/arm-none-eabi/10.3.1/../../../../arm-none-eabi/lib/thumb/v7-m/nofp\libc_nano.a(lib_a-lock.o)
                0x0000000008009186                __retarget_lock_release_recursive
 .text.memset   0x0000000008009188       0x10 c:/st/stm32cubeide_1.10.1/stm32cubeide/plugins/com.st.stm32cube.ide.mcu.externaltools.gnu-tools-for-stm32.10.3-2021.10.win32_1.0.0.202111181127/tools/bin/../lib/gcc/arm-none-eabi/10.3.1/../../../../arm-none-eabi/lib/thumb/v7-m/nofp\libc_nano.a(lib_a-memset.o)
                0x0000000008009188                memset
 .text._free_r  0x0000000008009198       0x90 c:/st/stm32cubeide_1.10.1/stm32cubeide/plugins/com.st.stm32cube.ide.mcu.externaltools.gnu-tools-for-stm32.10.3-2021.10.win32_1.0.0.202111181127/tools/bin/../lib/gcc/arm-none-eabi/10.3.1/../../../../arm-none-eabi/lib/thumb/v7-m/nofp\libc_nano.a(lib_a-nano-freer.o)
                0x0000000008009198                _free_r
 .text.sbrk_aligned
                0x0000000008009228       0x40 c:/st/stm32cubeide_1.10.1/stm32cubeide/plugins/com.st.stm32cube.ide.mcu.externaltools.gnu-tools-for-stm32.10.3-2021.10.win32_1.0.0.202111181127/tools/bin/../lib/gcc/arm-none-eabi/10.3.1/../../../../arm-none-eabi/lib/thumb/v7-m/nofp\libc_nano.a(lib_a-nano-mallocr.o)
 .text._malloc_r
                0x0000000008009268       0xe8 c:/st/stm32cubeide_1.10.1/stm32cubeide/plugins/com.st.stm32cube.ide.mcu.externaltools.gnu-tools-for-stm32.10.3-2021.10.win32_1.0.0.202111181127/tools/bin/../lib/gcc/arm-none-eabi/10.3.1/../../../../arm-none-eabi/lib/thumb/v7-m/nofp\libc_nano.a(lib_a-nano-mallocr.o)
                0x0000000008009268                _malloc_r
 .text._sbrk_r  0x0000000008009350       0x20 c:/st/stm32cubeide_1.10.1/stm32cubeide/plugins/com.st.stm32cube.ide.mcu.externaltools.gnu-tools-for-stm32.10.3-2021.10.win32_1.0.0.202111181127/tools/bin/../lib/gcc/arm-none-eabi/10.3.1/../../../../arm-none-eabi/lib/thumb/v7-m/nofp\libc_nano.a(lib_a-sbrkr.o)
                0x0000000008009350                _sbrk_r
 .text.sprintf  0x0000000008009370       0x40 c:/st/stm32cubeide_1.10.1/stm32cubeide/plugins/com.st.stm32cube.ide.mcu.externaltools.gnu-tools-for-stm32.10.3-2021.10.win32_1.0.0.202111181127/tools/bin/../lib/gcc/arm-none-eabi/10.3.1/../../../../arm-none-eabi/lib/thumb/v7-m/nofp\libc_nano.a(lib_a-sprintf.o)
                0x0000000008009370                siprintf
                0x0000000008009370                sprintf
 .text.__seofread
                0x00000000080093b0        0x4 c:/st/stm32cubeide_1.10.1/stm32cubeide/plugins/com.st.stm32cube.ide.mcu.externaltools.gnu-tools-for-stm32.10.3-2021.10.win32_1.0.0.202111181127/tools/bin/../lib/gcc/arm-none-eabi/10.3.1/../../../../arm-none-eabi/lib/thumb/v7-m/nofp\libc_nano.a(lib_a-stdio.o)
                0x00000000080093b0                __seofread
 .text.iso_year_adjust
                0x00000000080093b4       0xc4 c:/st/stm32cubeide_1.10.1/stm32cubeide/plugins/com.st.stm32cube.ide.mcu.externaltools.gnu-tools-for-stm32.10.3-2021.10.win32_1.0.0.202111181127/tools/bin/../lib/gcc/arm-none-eabi/10.3.1/../../../../arm-none-eabi/lib/thumb/v7-m/nofp\libc_nano.a(lib_a-strftime.o)
 .text.__strftime.isra.0
                0x0000000008009478      0x9a4 c:/st/stm32cubeide_1.10.1/stm32cubeide/plugins/com.st.stm32cube.ide.mcu.externaltools.gnu-tools-for-stm32.10.3-2021.10.win32_1.0.0.202111181127/tools/bin/../lib/gcc/arm-none-eabi/10.3.1/../../../../arm-none-eabi/lib/thumb/v7-m/nofp\libc_nano.a(lib_a-strftime.o)
 .text.strftime
                0x0000000008009e1c        0x4 c:/st/stm32cubeide_1.10.1/stm32cubeide/plugins/com.st.stm32cube.ide.mcu.externaltools.gnu-tools-for-stm32.10.3-2021.10.win32_1.0.0.202111181127/tools/bin/../lib/gcc/arm-none-eabi/10.3.1/../../../../arm-none-eabi/lib/thumb/v7-m/nofp\libc_nano.a(lib_a-strftime.o)
                0x0000000008009e1c                strftime
 .text._strtol_l.constprop.0
                0x0000000008009e20       0xf8 c:/st/stm32cubeide_1.10.1/stm32cubeide/plugins/com.st.stm32cube.ide.mcu.externaltools.gnu-tools-for-stm32.10.3-2021.10.win32_1.0.0.202111181127/tools/bin/../lib/gcc/arm-none-eabi/10.3.1/../../../../arm-none-eabi/lib/thumb/v7-m/nofp\libc_nano.a(lib_a-strtol.o)
 .text._strtol_r
                0x0000000008009f18        0x4 c:/st/stm32cubeide_1.10.1/stm32cubeide/plugins/com.st.stm32cube.ide.mcu.externaltools.gnu-tools-for-stm32.10.3-2021.10.win32_1.0.0.202111181127/tools/bin/../lib/gcc/arm-none-eabi/10.3.1/../../../../arm-none-eabi/lib/thumb/v7-m/nofp\libc_nano.a(lib_a-strtol.o)
                0x0000000008009f18                _strtol_r
 .text.strtol   0x0000000008009f1c       0x14 c:/st/stm32cubeide_1.10.1/stm32cubeide/plugins/com.st.stm32cube.ide.mcu.externaltools.gnu-tools-for-stm32.10.3-2021.10.win32_1.0.0.202111181127/tools/bin/../lib/gcc/arm-none-eabi/10.3.1/../../../../arm-none-eabi/lib/thumb/v7-m/nofp\libc_nano.a(lib_a-strtol.o)
                0x0000000008009f1c                strtol
 .text._strtoul_l.constprop.0
                0x0000000008009f30       0xe4 c:/st/stm32cubeide_1.10.1/stm32cubeide/plugins/com.st.stm32cube.ide.mcu.externaltools.gnu-tools-for-stm32.10.3-2021.10.win32_1.0.0.202111181127/tools/bin/../lib/gcc/arm-none-eabi/10.3.1/../../../../arm-none-eabi/lib/thumb/v7-m/nofp\libc_nano.a(lib_a-strtoul.o)
 .text._strtoul_r
                0x000000000800a014        0x4 c:/st/stm32cubeide_1.10.1/stm32cubeide/plugins/com.st.stm32cube.ide.mcu.externaltools.gnu-tools-for-stm32.10.3-2021.10.win32_1.0.0.202111181127/tools/bin/../lib/gcc/arm-none-eabi/10.3.1/../../../../arm-none-eabi/lib/thumb/v7-m/nofp\libc_nano.a(lib_a-strtoul.o)
                0x000000000800a014                _strtoul_r
 .text.strtoul  0x000000000800a018       0x14 c:/st/stm32cubeide_1.10.1/stm32cubeide/plugins/com.st.stm32cube.ide.mcu.externaltools.gnu-tools-for-stm32.10.3-2021.10.win32_1.0.0.202111181127/tools/bin/../lib/gcc/arm-none-eabi/10.3.1/../../../../arm-none-eabi/lib/thumb/v7-m/nofp\libc_nano.a(lib_a-strtoul.o)
                0x000000000800a018                strtoul
 .text.__tz_lock
                0x000000000800a02c        0xc c:/st/stm32cubeide_1.10.1/stm32cubeide/plugins/com.st.stm32cube.ide.mcu.externaltools.gnu-tools-for-stm32.10.3-2021.10.win32_1.0.0.202111181127/tools/bin/../lib/gcc/arm-none-eabi/10.3.1/../../../../arm-none-eabi/lib/thumb/v7-m/nofp\libc_nano.a(lib_a-tzlock.o)
                0x000000000800a02c                __tz_lock
 .text.__tz_unlock
                0x000000000800a038        0xc c:/st/stm32cubeide_1.10.1/stm32cubeide/plugins/com.st.stm32cube.ide.mcu.externaltools.gnu-tools-for-stm32.10.3-2021.10.win32_1.0.0.202111181127/tools/bin/../lib/gcc/arm-none-eabi/10.3.1/../../../../arm-none-eabi/lib/thumb/v7-m/nofp\libc_nano.a(lib_a-tzlock.o)
                0x000000000800a038                __tz_unlock
 .text._tzset_unlocked
                0x000000000800a044        0xc c:/st/stm32cubeide_1.10.1/stm32cubeide/plugins/com.st.stm32cube.ide.mcu.externaltools.gnu-tools-for-stm32.10.3-2021.10.win32_1.0.0.202111181127/tools/bin/../lib/gcc/arm-none-eabi/10.3.1/../../../../arm-none-eabi/lib/thumb/v7-m/nofp\libc_nano.a(lib_a-tzset.o)
                0x000000000800a044                _tzset_unlocked
 .text._tzset_unlocked_r
                0x000000000800a050      0x304 c:/st/stm32cubeide_1.10.1/stm32cubeide/plugins/com.st.stm32cube.ide.mcu.externaltools.gnu-tools-for-stm32.10.3-2021.10.win32_1.0.0.202111181127/tools/bin/../lib/gcc/arm-none-eabi/10.3.1/../../../../arm-none-eabi/lib/thumb/v7-m/nofp\libc_nano.a(lib_a-tzset_r.o)
                0x000000000800a050                _tzset_unlocked_r
 .text.abs      0x000000000800a354        0x8 c:/st/stm32cubeide_1.10.1/stm32cubeide/plugins/com.st.stm32cube.ide.mcu.externaltools.gnu-tools-for-stm32.10.3-2021.10.win32_1.0.0.202111181127/tools/bin/../lib/gcc/arm-none-eabi/10.3.1/../../../../arm-none-eabi/lib/thumb/v7-m/nofp\libc_nano.a(lib_a-abs.o)
                0x000000000800a354                abs
 .text._findenv_r
                0x000000000800a35c       0x78 c:/st/stm32cubeide_1.10.1/stm32cubeide/plugins/com.st.stm32cube.ide.mcu.externaltools.gnu-tools-for-stm32.10.3-2021.10.win32_1.0.0.202111181127/tools/bin/../lib/gcc/arm-none-eabi/10.3.1/../../../../arm-none-eabi/lib/thumb/v7-m/nofp\libc_nano.a(lib_a-getenv_r.o)
                0x000000000800a35c                _findenv_r
 .text._getenv_r
                0x000000000800a3d4        0xe c:/st/stm32cubeide_1.10.1/stm32cubeide/plugins/com.st.stm32cube.ide.mcu.externaltools.gnu-tools-for-stm32.10.3-2021.10.win32_1.0.0.202111181127/tools/bin/../lib/gcc/arm-none-eabi/10.3.1/../../../../arm-none-eabi/lib/thumb/v7-m/nofp\libc_nano.a(lib_a-getenv_r.o)
                0x000000000800a3d4                _getenv_r
 *fill*         0x000000000800a3e2        0x2 
 .text.__gettzinfo
                0x000000000800a3e4        0x8 c:/st/stm32cubeide_1.10.1/stm32cubeide/plugins/com.st.stm32cube.ide.mcu.externaltools.gnu-tools-for-stm32.10.3-2021.10.win32_1.0.0.202111181127/tools/bin/../lib/gcc/arm-none-eabi/10.3.1/../../../../arm-none-eabi/lib/thumb/v7-m/nofp\libc_nano.a(lib_a-gettzinfo.o)
                0x000000000800a3e4                __gettzinfo
 .text.labs     0x000000000800a3ec        0x8 c:/st/stm32cubeide_1.10.1/stm32cubeide/plugins/com.st.stm32cube.ide.mcu.externaltools.gnu-tools-for-stm32.10.3-2021.10.win32_1.0.0.202111181127/tools/bin/../lib/gcc/arm-none-eabi/10.3.1/../../../../arm-none-eabi/lib/thumb/v7-m/nofp\libc_nano.a(lib_a-labs.o)
                0x000000000800a3ec                labs
 .text.free     0x000000000800a3f4       0x10 c:/st/stm32cubeide_1.10.1/stm32cubeide/plugins/com.st.stm32cube.ide.mcu.externaltools.gnu-tools-for-stm32.10.3-2021.10.win32_1.0.0.202111181127/tools/bin/../lib/gcc/arm-none-eabi/10.3.1/../../../../arm-none-eabi/lib/thumb/v7-m/nofp\libc_nano.a(lib_a-malloc.o)
                0x000000000800a3f4                free
 .text.memcpy   0x000000000800a404       0x1c c:/st/stm32cubeide_1.10.1/stm32cubeide/plugins/com.st.stm32cube.ide.mcu.externaltools.gnu-tools-for-stm32.10.3-2021.10.win32_1.0.0.202111181127/tools/bin/../lib/gcc/arm-none-eabi/10.3.1/../../../../arm-none-eabi/lib/thumb/v7-m/nofp\libc_nano.a(lib_a-memcpy-stub.o)
                0x000000000800a404                memcpy
 .text.__malloc_lock
                0x000000000800a420        0xc c:/st/stm32cubeide_1.10.1/stm32cubeide/plugins/com.st.stm32cube.ide.mcu.externaltools.gnu-tools-for-stm32.10.3-2021.10.win32_1.0.0.202111181127/tools/bin/../lib/gcc/arm-none-eabi/10.3.1/../../../../arm-none-eabi/lib/thumb/v7-m/nofp\libc_nano.a(lib_a-mlock.o)
                0x000000000800a420                __malloc_lock
 .text.__malloc_unlock
                0x000000000800a42c        0xc c:/st/stm32cubeide_1.10.1/stm32cubeide/plugins/com.st.stm32cube.ide.mcu.externaltools.gnu-tools-for-stm32.10.3-2021.10.win32_1.0.0.202111181127/tools/bin/../lib/gcc/arm-none-eabi/10.3.1/../../../../arm-none-eabi/lib/thumb/v7-m/nofp\libc_nano.a(lib_a-mlock.o)
                0x000000000800a42c                __malloc_unlock
 .text.__ssputs_r
                0x000000000800a438       0xb6 c:/st/stm32cubeide_1.10.1/stm32cubeide/plugins/com.st.stm32cube.ide.mcu.externaltools.gnu-tools-for-stm32.10.3-2021.10.win32_1.0.0.202111181127/tools/bin/../lib/gcc/arm-none-eabi/10.3.1/../../../../arm-none-eabi/lib/thumb/v7-m/nofp\libc_nano.a(lib_a-nano-svfprintf.o)
                0x000000000800a438                __ssputs_r
 *fill*         0x000000000800a4ee        0x2 
 .text._svfprintf_r
                0x000000000800a4f0      0x200 c:/st/stm32cubeide_1.10.1/stm32cubeide/plugins/com.st.stm32cube.ide.mcu.externaltools.gnu-tools-for-stm32.10.3-2021.10.win32_1.0.0.202111181127/tools/bin/../lib/gcc/arm-none-eabi/10.3.1/../../../../arm-none-eabi/lib/thumb/v7-m/nofp\libc_nano.a(lib_a-nano-svfprintf.o)
                0x000000000800a4f0                _svfiprintf_r
                0x000000000800a4f0                _svfprintf_r
 .text._printf_common
                0x000000000800a6f0       0xde c:/st/stm32cubeide_1.10.1/stm32cubeide/plugins/com.st.stm32cube.ide.mcu.externaltools.gnu-tools-for-stm32.10.3-2021.10.win32_1.0.0.202111181127/tools/bin/../lib/gcc/arm-none-eabi/10.3.1/../../../../arm-none-eabi/lib/thumb/v7-m/nofp\libc_nano.a(lib_a-nano-vfprintf_i.o)
                0x000000000800a6f0                _printf_common
 *fill*         0x000000000800a7ce        0x2 
 .text._printf_i
                0x000000000800a7d0      0x24c c:/st/stm32cubeide_1.10.1/stm32cubeide/plugins/com.st.stm32cube.ide.mcu.externaltools.gnu-tools-for-stm32.10.3-2021.10.win32_1.0.0.202111181127/tools/bin/../lib/gcc/arm-none-eabi/10.3.1/../../../../arm-none-eabi/lib/thumb/v7-m/nofp\libc_nano.a(lib_a-nano-vfprintf_i.o)
                0x000000000800a7d0                _printf_i
 .text.snprintf
                0x000000000800aa1c       0x68 c:/st/stm32cubeide_1.10.1/stm32cubeide/plugins/com.st.stm32cube.ide.mcu.externaltools.gnu-tools-for-stm32.10.3-2021.10.win32_1.0.0.202111181127/tools/bin/../lib/gcc/arm-none-eabi/10.3.1/../../../../arm-none-eabi/lib/thumb/v7-m/nofp\libc_nano.a(lib_a-snprintf.o)
                0x000000000800aa1c                sniprintf
                0x000000000800aa1c                snprintf
 .text.sscanf   0x000000000800aa84       0x54 c:/st/stm32cubeide_1.10.1/stm32cubeide/plugins/com.st.stm32cube.ide.mcu.externaltools.gnu-tools-for-stm32.10.3-2021.10.win32_1.0.0.202111181127/tools/bin/../lib/gcc/arm-none-eabi/10.3.1/../../../../arm-none-eabi/lib/thumb/v7-m/nofp\libc_nano.a(lib_a-sscanf.o)
                0x000000000800aa84                siscanf
                0x000000000800aa84                sscanf
 .text.strcpy   0x000000000800aad8       0x10 c:/st/stm32cubeide_1.10.1/stm32cubeide/plugins/com.st.stm32cube.ide.mcu.externaltools.gnu-tools-for-stm32.10.3-2021.10.win32_1.0.0.202111181127/tools/bin/../lib/gcc/arm-none-eabi/10.3.1/../../../../arm-none-eabi/lib/thumb/v7-m/nofp\libc_nano.a(lib_a-strcpy.o)
                0x000000000800aad8                strcpy
 .text.strncmp  0x000000000800aae8       0x28 c:/st/stm32cubeide_1.10.1/stm32cubeide/plugins/com.st.stm32cube.ide.mcu.externaltools.gnu-tools-for-stm32.10.3-2021.10.win32_1.0.0.202111181127/tools/bin/../lib/gcc/arm-none-eabi/10.3.1/../../../../arm-none-eabi/lib/thumb/v7-m/nofp\libc_nano.a(lib_a-strncmp.o)
                0x000000000800aae8                strncmp
 .text.__tzcalc_limits
                0x000000000800ab10      0x154 c:/st/stm32cubeide_1.10.1/stm32cubeide/plugins/com.st.stm32cube.ide.mcu.externaltools.gnu-tools-for-stm32.10.3-2021.10.win32_1.0.0.202111181127/tools/bin/../lib/gcc/arm-none-eabi/10.3.1/../../../../arm-none-eabi/lib/thumb/v7-m/nofp\libc_nano.a(lib_a-tzcalc_limits.o)
                0x000000000800ab10                __tzcalc_limits
 .text.__env_lock
                0x000000000800ac64        0xc c:/st/stm32cubeide_1.10.1/stm32cubeide/plugins/com.st.stm32cube.ide.mcu.externaltools.gnu-tools-for-stm32.10.3-2021.10.win32_1.0.0.202111181127/tools/bin/../lib/gcc/arm-none-eabi/10.3.1/../../../../arm-none-eabi/lib/thumb/v7-m/nofp\libc_nano.a(lib_a-envlock.o)
                0x000000000800ac64                __env_lock
 .text.__env_unlock
                0x000000000800ac70        0xc c:/st/stm32cubeide_1.10.1/stm32cubeide/plugins/com.st.stm32cube.ide.mcu.externaltools.gnu-tools-for-stm32.10.3-2021.10.win32_1.0.0.202111181127/tools/bin/../lib/gcc/arm-none-eabi/10.3.1/../../../../arm-none-eabi/lib/thumb/v7-m/nofp\libc_nano.a(lib_a-envlock.o)
                0x000000000800ac70                __env_unlock
 .text.memchr   0x000000000800ac7c       0x1c c:/st/stm32cubeide_1.10.1/stm32cubeide/plugins/com.st.stm32cube.ide.mcu.externaltools.gnu-tools-for-stm32.10.3-2021.10.win32_1.0.0.202111181127/tools/bin/../lib/gcc/arm-none-eabi/10.3.1/../../../../arm-none-eabi/lib/thumb/v7-m/nofp\libc_nano.a(lib_a-memchr-stub.o)
                0x000000000800ac7c                memchr
 .text.memmove  0x000000000800ac98       0x34 c:/st/stm32cubeide_1.10.1/stm32cubeide/plugins/com.st.stm32cube.ide.mcu.externaltools.gnu-tools-for-stm32.10.3-2021.10.win32_1.0.0.202111181127/tools/bin/../lib/gcc/arm-none-eabi/10.3.1/../../../../arm-none-eabi/lib/thumb/v7-m/nofp\libc_nano.a(lib_a-memmove.o)
                0x000000000800ac98                memmove
 .text._realloc_r
                0x000000000800accc       0x5e c:/st/stm32cubeide_1.10.1/stm32cubeide/plugins/com.st.stm32cube.ide.mcu.externaltools.gnu-tools-for-stm32.10.3-2021.10.win32_1.0.0.202111181127/tools/bin/../lib/gcc/arm-none-eabi/10.3.1/../../../../arm-none-eabi/lib/thumb/v7-m/nofp\libc_nano.a(lib_a-nano-reallocr.o)
                0x000000000800accc                _realloc_r
 .text._sungetc_r
                0x000000000800ad2a       0x7a c:/st/stm32cubeide_1.10.1/stm32cubeide/plugins/com.st.stm32cube.ide.mcu.externaltools.gnu-tools-for-stm32.10.3-2021.10.win32_1.0.0.202111181127/tools/bin/../lib/gcc/arm-none-eabi/10.3.1/../../../../arm-none-eabi/lib/thumb/v7-m/nofp\libc_nano.a(lib_a-nano-svfscanf.o)
                0x000000000800ad2a                _sungetc_r
 .text.__ssrefill_r
                0x000000000800ada4       0x3a c:/st/stm32cubeide_1.10.1/stm32cubeide/plugins/com.st.stm32cube.ide.mcu.externaltools.gnu-tools-for-stm32.10.3-2021.10.win32_1.0.0.202111181127/tools/bin/../lib/gcc/arm-none-eabi/10.3.1/../../../../arm-none-eabi/lib/thumb/v7-m/nofp\libc_nano.a(lib_a-nano-svfscanf.o)
                0x000000000800ada4                __ssrefill_r
 *fill*         0x000000000800adde        0x2 
 .text.__ssvfscanf_r
                0x000000000800ade0      0x2f4 c:/st/stm32cubeide_1.10.1/stm32cubeide/plugins/com.st.stm32cube.ide.mcu.externaltools.gnu-tools-for-stm32.10.3-2021.10.win32_1.0.0.202111181127/tools/bin/../lib/gcc/arm-none-eabi/10.3.1/../../../../arm-none-eabi/lib/thumb/v7-m/nofp\libc_nano.a(lib_a-nano-svfscanf.o)
                0x000000000800ade0                __ssvfiscanf_r
                0x000000000800ade0                __ssvfscanf_r
 .text._scanf_chars
                0x000000000800b0d4       0xb4 c:/st/stm32cubeide_1.10.1/stm32cubeide/plugins/com.st.stm32cube.ide.mcu.externaltools.gnu-tools-for-stm32.10.3-2021.10.win32_1.0.0.202111181127/tools/bin/../lib/gcc/arm-none-eabi/10.3.1/../../../../arm-none-eabi/lib/thumb/v7-m/nofp\libc_nano.a(lib_a-nano-vfscanf_i.o)
                0x000000000800b0d4                _scanf_chars
 .text._scanf_i
                0x000000000800b188      0x1f0 c:/st/stm32cubeide_1.10.1/stm32cubeide/plugins/com.st.stm32cube.ide.mcu.externaltools.gnu-tools-for-stm32.10.3-2021.10.win32_1.0.0.202111181127/tools/bin/../lib/gcc/arm-none-eabi/10.3.1/../../../../arm-none-eabi/lib/thumb/v7-m/nofp\libc_nano.a(lib_a-nano-vfscanf_i.o)
                0x000000000800b188                _scanf_i
 .text.__sccl   0x000000000800b378       0x70 c:/st/stm32cubeide_1.10.1/stm32cubeide/plugins/com.st.stm32cube.ide.mcu.externaltools.gnu-tools-for-stm32.10.3-2021.10.win32_1.0.0.202111181127/tools/bin/../lib/gcc/arm-none-eabi/10.3.1/../../../../arm-none-eabi/lib/thumb/v7-m/nofp\libc_nano.a(lib_a-sccl.o)
                0x000000000800b378                __sccl
 .text.__submore
                0x000000000800b3e8       0x70 c:/st/stm32cubeide_1.10.1/stm32cubeide/plugins/com.st.stm32cube.ide.mcu.externaltools.gnu-tools-for-stm32.10.3-2021.10.win32_1.0.0.202111181127/tools/bin/../lib/gcc/arm-none-eabi/10.3.1/../../../../arm-none-eabi/lib/thumb/v7-m/nofp\libc_nano.a(lib_a-ungetc.o)
                0x000000000800b3e8                __submore
 .text._malloc_usable_size_r
                0x000000000800b458       0x10 c:/st/stm32cubeide_1.10.1/stm32cubeide/plugins/com.st.stm32cube.ide.mcu.externaltools.gnu-tools-for-stm32.10.3-2021.10.win32_1.0.0.202111181127/tools/bin/../lib/gcc/arm-none-eabi/10.3.1/../../../../arm-none-eabi/lib/thumb/v7-m/nofp\libc_nano.a(lib_a-nano-msizer.o)
                0x000000000800b458                _malloc_usable_size_r
 .text.sqrt     0x000000000800b468       0x48 c:/st/stm32cubeide_1.10.1/stm32cubeide/plugins/com.st.stm32cube.ide.mcu.externaltools.gnu-tools-for-stm32.10.3-2021.10.win32_1.0.0.202111181127/tools/bin/../lib/gcc/arm-none-eabi/10.3.1/../../../../arm-none-eabi/lib/thumb/v7-m/nofp\libm.a(lib_a-w_sqrt.o)
                0x000000000800b468                sqrt
 .text.__ieee754_sqrt
                0x000000000800b4b0      0x160 c:/st/stm32cubeide_1.10.1/stm32cubeide/plugins/com.st.stm32cube.ide.mcu.externaltools.gnu-tools-for-stm32.10.3-2021.10.win32_1.0.0.202111181127/tools/bin/../lib/gcc/arm-none-eabi/10.3.1/../../../../arm-none-eabi/lib/thumb/v7-m/nofp\libm.a(lib_a-e_sqrt.o)
                0x000000000800b4b0                __ieee754_sqrt
 *(.glue_7)
 .glue_7        0x000000000800b610        0x0 linker stubs
 *(.glue_7t)
 .glue_7t       0x000000000800b610        0x0 linker stubs
 *(.eh_frame)
 .eh_frame      0x000000000800b610        0x0 c:/st/stm32cubeide_1.10.1/stm32cubeide/plugins/com.st.stm32cube.ide.mcu.externaltools.gnu-tools-for-stm32.10.3-2021.10.win32_1.0.0.202111181127/tools/bin/../lib/gcc/arm-none-eabi/10.3.1/thumb/v7-m/nofp/crtbegin.o
 *(.init)
 .init          0x000000000800b610        0x4 c:/st/stm32cubeide_1.10.1/stm32cubeide/plugins/com.st.stm32cube.ide.mcu.externaltools.gnu-tools-for-stm32.10.3-2021.10.win32_1.0.0.202111181127/tools/bin/../lib/gcc/arm-none-eabi/10.3.1/thumb/v7-m/nofp/crti.o
                0x000000000800b610                _init
 .init          0x000000000800b614        0x8 c:/st/stm32cubeide_1.10.1/stm32cubeide/plugins/com.st.stm32cube.ide.mcu.externaltools.gnu-tools-for-stm32.10.3-2021.10.win32_1.0.0.202111181127/tools/bin/../lib/gcc/arm-none-eabi/10.3.1/thumb/v7-m/nofp/crtn.o
 *(.fini)
 .fini          0x000000000800b61c        0x4 c:/st/stm32cubeide_1.10.1/stm32cubeide/plugins/com.st.stm32cube.ide.mcu.externaltools.gnu-tools-for-stm32.10.3-2021.10.win32_1.0.0.202111181127/tools/bin/../lib/gcc/arm-none-eabi/10.3.1/thumb/v7-m/nofp/crti.o
                0x000000000800b61c                _fini
 .fini          0x000000000800b620        0x8 c:/st/stm32cubeide_1.10.1/stm32cubeide/plugins/com.st.stm32cube.ide.mcu.externaltools.gnu-tools-for-stm32.10.3-2021.10.win32_1.0.0.202111181127/tools/bin/../lib/gcc/arm-none-eabi/10.3.1/thumb/v7-m/nofp/crtn.o
                0x000000000800b628                . = ALIGN (0x4)
                0x000000000800b628                _etext = .

.vfp11_veneer   0x000000000800b628        0x0
 .vfp11_veneer  0x000000000800b628        0x0 linker stubs

.v4_bx          0x000000000800b628        0x0
 .v4_bx         0x000000000800b628        0x0 linker stubs

.iplt           0x000000000800b628        0x0
 .iplt          0x000000000800b628        0x0 c:/st/stm32cubeide_1.10.1/stm32cubeide/plugins/com.st.stm32cube.ide.mcu.externaltools.gnu-tools-for-stm32.10.3-2021.10.win32_1.0.0.202111181127/tools/bin/../lib/gcc/arm-none-eabi/10.3.1/thumb/v7-m/nofp/crtbegin.o

.rodata         0x000000000800b628      0x814
                0x000000000800b628                . = ALIGN (0x4)
 *(.rodata)
 .rodata        0x000000000800b628        0x6 ./Core/Src/Configuracao_component.o
 *fill*         0x000000000800b62e        0x2 
 .rodata        0x000000000800b630       0x2e ./Core/Src/Consulta_component.o
 *fill*         0x000000000800b65e        0x2 
 .rodata        0x000000000800b660       0x29 ./Core/Src/DataProcessing.o
 *fill*         0x000000000800b689        0x3 
 .rodata        0x000000000800b68c      0x267 ./Core/Src/DisplayMessages.o
 *fill*         0x000000000800b8f3        0x1 
 .rodata        0x000000000800b8f4       0x28 ./Core/Src/Exportar_component.o
 .rodata        0x000000000800b91c       0x1f ./Core/Src/INICIAR_Component.o
 *fill*         0x000000000800b93b        0x1 
 .rodata        0x000000000800b93c       0x10 ./Drivers/STM32F1xx_HAL_Driver/Src/stm32f1xx_hal_rcc.o
 .rodata        0x000000000800b94c        0xc c:/st/stm32cubeide_1.10.1/stm32cubeide/plugins/com.st.stm32cube.ide.mcu.externaltools.gnu-tools-for-stm32.10.3-2021.10.win32_1.0.0.202111181127/tools/bin/../lib/gcc/arm-none-eabi/10.3.1/../../../../arm-none-eabi/lib/thumb/v7-m/nofp\libc_nano.a(lib_a-nano-vfscanf_i.o)
 *(.rodata*)
 .rodata.AHBPrescTable
                0x000000000800b958       0x10 ./Core/Src/system_stm32f1xx.o
                0x000000000800b958                AHBPrescTable
 .rodata.APBPrescTable
                0x000000000800b968        0x8 ./Core/Src/system_stm32f1xx.o
                0x000000000800b968                APBPrescTable
 .rodata.__sf_fake_stderr
                0x000000000800b970       0x20 c:/st/stm32cubeide_1.10.1/stm32cubeide/plugins/com.st.stm32cube.ide.mcu.externaltools.gnu-tools-for-stm32.10.3-2021.10.win32_1.0.0.202111181127/tools/bin/../lib/gcc/arm-none-eabi/10.3.1/../../../../arm-none-eabi/lib/thumb/v7-m/nofp\libc_nano.a(lib_a-findfp.o)
                0x000000000800b970                __sf_fake_stderr
 .rodata.__sf_fake_stdin
                0x000000000800b990       0x20 c:/st/stm32cubeide_1.10.1/stm32cubeide/plugins/com.st.stm32cube.ide.mcu.externaltools.gnu-tools-for-stm32.10.3-2021.10.win32_1.0.0.202111181127/tools/bin/../lib/gcc/arm-none-eabi/10.3.1/../../../../arm-none-eabi/lib/thumb/v7-m/nofp\libc_nano.a(lib_a-findfp.o)
                0x000000000800b990                __sf_fake_stdin
 .rodata.__sf_fake_stdout
                0x000000000800b9b0       0x20 c:/st/stm32cubeide_1.10.1/stm32cubeide/plugins/com.st.stm32cube.ide.mcu.externaltools.gnu-tools-for-stm32.10.3-2021.10.win32_1.0.0.202111181127/tools/bin/../lib/gcc/arm-none-eabi/10.3.1/../../../../arm-none-eabi/lib/thumb/v7-m/nofp\libc_nano.a(lib_a-findfp.o)
                0x000000000800b9b0                __sf_fake_stdout
 .rodata.__strftime.isra.0.str1.1
                0x000000000800b9d0       0x59 c:/st/stm32cubeide_1.10.1/stm32cubeide/plugins/com.st.stm32cube.ide.mcu.externaltools.gnu-tools-for-stm32.10.3-2021.10.win32_1.0.0.202111181127/tools/bin/../lib/gcc/arm-none-eabi/10.3.1/../../../../arm-none-eabi/lib/thumb/v7-m/nofp\libc_nano.a(lib_a-strftime.o)
                                         0x6b (size before relaxing)
 .rodata.str1.1
                0x000000000800ba29      0x12b c:/st/stm32cubeide_1.10.1/stm32cubeide/plugins/com.st.stm32cube.ide.mcu.externaltools.gnu-tools-for-stm32.10.3-2021.10.win32_1.0.0.202111181127/tools/bin/../lib/gcc/arm-none-eabi/10.3.1/../../../../arm-none-eabi/lib/thumb/v7-m/nofp\libc_nano.a(lib_a-timelocal.o)
                                        0x12c (size before relaxing)
 .rodata._C_time_locale
                0x000000000800bb54       0xfc c:/st/stm32cubeide_1.10.1/stm32cubeide/plugins/com.st.stm32cube.ide.mcu.externaltools.gnu-tools-for-stm32.10.3-2021.10.win32_1.0.0.202111181127/tools/bin/../lib/gcc/arm-none-eabi/10.3.1/../../../../arm-none-eabi/lib/thumb/v7-m/nofp\libc_nano.a(lib_a-timelocal.o)
                0x000000000800bb54                _C_time_locale
 .rodata._tzset_unlocked_r.str1.1
                0x000000000800bc50       0x3c c:/st/stm32cubeide_1.10.1/stm32cubeide/plugins/com.st.stm32cube.ide.mcu.externaltools.gnu-tools-for-stm32.10.3-2021.10.win32_1.0.0.202111181127/tools/bin/../lib/gcc/arm-none-eabi/10.3.1/../../../../arm-none-eabi/lib/thumb/v7-m/nofp\libc_nano.a(lib_a-tzset_r.o)
                                         0x4e (size before relaxing)
 .rodata.str1.1
                0x000000000800bc8c        0x4 c:/st/stm32cubeide_1.10.1/stm32cubeide/plugins/com.st.stm32cube.ide.mcu.externaltools.gnu-tools-for-stm32.10.3-2021.10.win32_1.0.0.202111181127/tools/bin/../lib/gcc/arm-none-eabi/10.3.1/../../../../arm-none-eabi/lib/thumb/v7-m/nofp\libc_nano.a(lib_a-tzvars.o)
 .rodata._ctype_
                0x000000000800bc8c      0x101 c:/st/stm32cubeide_1.10.1/stm32cubeide/plugins/com.st.stm32cube.ide.mcu.externaltools.gnu-tools-for-stm32.10.3-2021.10.win32_1.0.0.202111181127/tools/bin/../lib/gcc/arm-none-eabi/10.3.1/../../../../arm-none-eabi/lib/thumb/v7-m/nofp\libc_nano.a(lib_a-ctype_.o)
                0x000000000800bc8c                _ctype_
 .rodata._svfprintf_r.str1.1
                0x000000000800bd8d       0x11 c:/st/stm32cubeide_1.10.1/stm32cubeide/plugins/com.st.stm32cube.ide.mcu.externaltools.gnu-tools-for-stm32.10.3-2021.10.win32_1.0.0.202111181127/tools/bin/../lib/gcc/arm-none-eabi/10.3.1/../../../../arm-none-eabi/lib/thumb/v7-m/nofp\libc_nano.a(lib_a-nano-svfprintf.o)
 .rodata._printf_i.str1.1
                0x000000000800bd9e       0x22 c:/st/stm32cubeide_1.10.1/stm32cubeide/plugins/com.st.stm32cube.ide.mcu.externaltools.gnu-tools-for-stm32.10.3-2021.10.win32_1.0.0.202111181127/tools/bin/../lib/gcc/arm-none-eabi/10.3.1/../../../../arm-none-eabi/lib/thumb/v7-m/nofp\libc_nano.a(lib_a-nano-vfprintf_i.o)
 .rodata.__month_lengths
                0x000000000800bdc0       0x60 c:/st/stm32cubeide_1.10.1/stm32cubeide/plugins/com.st.stm32cube.ide.mcu.externaltools.gnu-tools-for-stm32.10.3-2021.10.win32_1.0.0.202111181127/tools/bin/../lib/gcc/arm-none-eabi/10.3.1/../../../../arm-none-eabi/lib/thumb/v7-m/nofp\libc_nano.a(lib_a-month_lengths.o)
                0x000000000800bdc0                __month_lengths
 .rodata.__ssvfscanf_r.str1.1
                0x000000000800be20        0x4 c:/st/stm32cubeide_1.10.1/stm32cubeide/plugins/com.st.stm32cube.ide.mcu.externaltools.gnu-tools-for-stm32.10.3-2021.10.win32_1.0.0.202111181127/tools/bin/../lib/gcc/arm-none-eabi/10.3.1/../../../../arm-none-eabi/lib/thumb/v7-m/nofp\libc_nano.a(lib_a-nano-svfscanf.o)
 .rodata.str1.1
                0x000000000800be20        0x9 c:/st/stm32cubeide_1.10.1/stm32cubeide/plugins/com.st.stm32cube.ide.mcu.externaltools.gnu-tools-for-stm32.10.3-2021.10.win32_1.0.0.202111181127/tools/bin/../lib/gcc/arm-none-eabi/10.3.1/../../../../arm-none-eabi/lib/thumb/v7-m/nofp\libc_nano.a(lib_a-nano-vfscanf_i.o)
 .rodata._scanf_i.str1.1
                0x000000000800be29       0x12 c:/st/stm32cubeide_1.10.1/stm32cubeide/plugins/com.st.stm32cube.ide.mcu.externaltools.gnu-tools-for-stm32.10.3-2021.10.win32_1.0.0.202111181127/tools/bin/../lib/gcc/arm-none-eabi/10.3.1/../../../../arm-none-eabi/lib/thumb/v7-m/nofp\libc_nano.a(lib_a-nano-vfscanf_i.o)
                0x000000000800be3c                . = ALIGN (0x4)
 *fill*         0x000000000800be3b        0x1 

.rel.dyn        0x000000000800be3c        0x0
 .rel.iplt      0x000000000800be3c        0x0 c:/st/stm32cubeide_1.10.1/stm32cubeide/plugins/com.st.stm32cube.ide.mcu.externaltools.gnu-tools-for-stm32.10.3-2021.10.win32_1.0.0.202111181127/tools/bin/../lib/gcc/arm-none-eabi/10.3.1/thumb/v7-m/nofp/crtbegin.o

.ARM.extab      0x000000000800be3c        0x0
                0x000000000800be3c                . = ALIGN (0x4)
 *(.ARM.extab* .gnu.linkonce.armextab.*)
                0x000000000800be3c                . = ALIGN (0x4)

.ARM            0x000000000800be3c        0x0
                0x000000000800be3c                . = ALIGN (0x4)
                0x000000000800be3c                __exidx_start = .
 *(.ARM.exidx*)
                0x000000000800be3c                __exidx_end = .
                0x000000000800be3c                . = ALIGN (0x4)

.preinit_array  0x000000000800be3c        0x0
                0x000000000800be3c                . = ALIGN (0x4)
                0x000000000800be3c                PROVIDE (__preinit_array_start = .)
 *(.preinit_array*)
                0x000000000800be3c                PROVIDE (__preinit_array_end = .)
                0x000000000800be3c                . = ALIGN (0x4)

.init_array     0x000000000800be3c        0x4
                0x000000000800be3c                . = ALIGN (0x4)
                0x000000000800be3c                PROVIDE (__init_array_start = .)
 *(SORT_BY_NAME(.init_array.*))
 *(.init_array*)
 .init_array    0x000000000800be3c        0x4 c:/st/stm32cubeide_1.10.1/stm32cubeide/plugins/com.st.stm32cube.ide.mcu.externaltools.gnu-tools-for-stm32.10.3-2021.10.win32_1.0.0.202111181127/tools/bin/../lib/gcc/arm-none-eabi/10.3.1/thumb/v7-m/nofp/crtbegin.o
                0x000000000800be40                PROVIDE (__init_array_end = .)
                0x000000000800be40                . = ALIGN (0x4)

.fini_array     0x000000000800be40        0x4
                0x000000000800be40                . = ALIGN (0x4)
                [!provide]                        PROVIDE (__fini_array_start = .)
 *(SORT_BY_NAME(.fini_array.*))
 *(.fini_array*)
 .fini_array    0x000000000800be40        0x4 c:/st/stm32cubeide_1.10.1/stm32cubeide/plugins/com.st.stm32cube.ide.mcu.externaltools.gnu-tools-for-stm32.10.3-2021.10.win32_1.0.0.202111181127/tools/bin/../lib/gcc/arm-none-eabi/10.3.1/thumb/v7-m/nofp/crtbegin.o
                [!provide]                        PROVIDE (__fini_array_end = .)
                0x000000000800be44                . = ALIGN (0x4)
                0x000000000800be44                _sidata = LOADADDR (.data)

.data           0x0000000020000000      0x1a8 load address 0x000000000800be44
                0x0000000020000000                . = ALIGN (0x4)
                0x0000000020000000                _sdata = .
 *(.data)
 *(.data*)
 .data.insertTime
                0x0000000020000000        0x4 ./Core/Src/Data.o
                0x0000000020000000                insertTime
 .data.intervalTime
                0x0000000020000004        0x4 ./Core/Src/Data.o
                0x0000000020000004                intervalTime
 .data.altMinArray
                0x0000000020000008        0x3 ./Core/Src/Data.o
 *fill*         0x000000002000000b        0x1 
 .data.altMaxArray
                0x000000002000000c        0x3 ./Core/Src/Data.o
 *fill*         0x000000002000000f        0x1 
 .data.numTestArray
                0x0000000020000010        0x3 ./Core/Src/Data.o
 *fill*         0x0000000020000013        0x1 
 .data.appNameMsg
                0x0000000020000014        0x4 ./Core/Src/DisplayMessages.o
                0x0000000020000014                appNameMsg
 .data.companyNameMsg
                0x0000000020000018        0x4 ./Core/Src/DisplayMessages.o
                0x0000000020000018                companyNameMsg
 .data.appVersionMsg
                0x000000002000001c        0x4 ./Core/Src/DisplayMessages.o
                0x000000002000001c                appVersionMsg
 .data.startUserMsg
                0x0000000020000020        0x4 ./Core/Src/DisplayMessages.o
                0x0000000020000020                startUserMsg
 .data.noTransmissionMsg
                0x0000000020000024        0x4 ./Core/Src/DisplayMessages.o
                0x0000000020000024                noTransmissionMsg
 .data.yesTransmissionMsg
                0x0000000020000028        0x4 ./Core/Src/DisplayMessages.o
                0x0000000020000028                yesTransmissionMsg
 .data.waitTransmissionMsg
                0x000000002000002c        0x4 ./Core/Src/DisplayMessages.o
                0x000000002000002c                waitTransmissionMsg
 .data.timeUserMsg
                0x0000000020000030        0x4 ./Core/Src/DisplayMessages.o
                0x0000000020000030                timeUserMsg
 .data.massUserMsg
                0x0000000020000034        0x4 ./Core/Src/DisplayMessages.o
                0x0000000020000034                massUserMsg
 .data.overmassUserMsg
                0x0000000020000038        0x4 ./Core/Src/DisplayMessages.o
                0x0000000020000038                overmassUserMsg
 .data.startreadUserMsg
                0x000000002000003c        0x4 ./Core/Src/DisplayMessages.o
                0x000000002000003c                startreadUserMsg
 .data.stopreadUserMsg
                0x0000000020000040        0x4 ./Core/Src/DisplayMessages.o
                0x0000000020000040                stopreadUserMsg
 .data.resultsUserMsg
                0x0000000020000044        0x4 ./Core/Src/DisplayMessages.o
                0x0000000020000044                resultsUserMsg
 .data.saveUserMsg
                0x0000000020000048        0x4 ./Core/Src/DisplayMessages.o
                0x0000000020000048                saveUserMsg
 .data.savedUserMsg
                0x000000002000004c        0x4 ./Core/Src/DisplayMessages.o
                0x000000002000004c                savedUserMsg
 .data.cancelUserMsg
                0x0000000020000050        0x4 ./Core/Src/DisplayMessages.o
                0x0000000020000050                cancelUserMsg
 .data.canceledUserMsg
                0x0000000020000054        0x4 ./Core/Src/DisplayMessages.o
                0x0000000020000054                canceledUserMsg
 .data.consultUserMsg
                0x0000000020000058        0x4 ./Core/Src/DisplayMessages.o
                0x0000000020000058                consultUserMsg
 .data.consultTestUserMsg