../Core/Src/DataProcessing.c:23:15:indexTime	16	static
../Core/Src/DataProcessing.c:34:15:indexColumn	16	static
../Core/Src/DataProcessing.c:45:15:milisecondsTime	24	static
../Core/Src/DataProcessing.c:58:15:stringToLong	24	static
../Core/Src/DataProcessing.c:66:14:stringToInt	24	static
../Core/Src/DataProcessing.c:73:15:stringToFloat	24	static
../Core/Src/DataProcessing.c:79:15:stringLenght	24	static
../Core/Src/DataProcessing.c:87:15:indexMass	16	static
../Core/Src/DataProcessing.c:97:15:indexChange	16	static
../Core/Src/DataProcessing.c:106:16:getAltMinString	24	static
../Core/Src/DataProcessing.c:113:16:getAltMaxString	24	static
../Core/Src/DataProcessing.c:120:16:getNumSaltosString	24	static
../Core/Src/DataProcessing.c:127:16:getTypeJumpString	16	static
../Core/Src/DataProcessing.c:134:16:getAltDJString	16	static
../Core/Src/DataProcessing.c:141:16:getNumSeriesString	24	static
../Core/Src/DataProcessing.c:148:16:getIntervalSeriesString	24	static
../Core/Src/DataProcessing.c:155:16:getMassString	24	static
../Core/Src/DataProcessing.c:163:16:getOverMassString	24	static
../Core/Src/DataProcessing.c:170:16:getNumTestString	24	static
../Core/Src/DataProcessing.c:177:16:getEraseTestString	16	static
../Core/Src/DataProcessing.c:184:16:getStringToSave	4	static
../Core/Src/DataProcessing.c:190:15:param_1_toString	16	static
../Core/Src/DataProcessing.c:197:15:param_2_toString	16	static
../Core/Src/DataProcessing.c:204:15:param_3_toString	16	static
../Core/Src/DataProcessing.c:211:15:setUserAltMin	24	static
../Core/Src/DataProcessing.c:219:15:setUserErase	24	static
../Core/Src/DataProcessing.c:227:15:setUserAltMax	24	static
../Core/Src/DataProcessing.c:235:15:setUserNumSaltos	24	static
../Core/Src/DataProcessing.c:243:15:setUserTypeJump	24	static
../Core/Src/DataProcessing.c:251:15:setUserAltDJ	24	static
../Core/Src/DataProcessing.c:259:15:setUserNumSeries	24	static
../Core/Src/DataProcessing.c:267:15:setUserIntervalSeries	24	static
../Core/Src/DataProcessing.c:275:15:setUserMass	24	static
../Core/Src/DataProcessing.c:283:15:setUserOverMass	24	static
../Core/Src/DataProcessing.c:291:15:setUserNumTest	24	static
../Core/Src/DataProcessing.c:299:6:setUserIntervalSaltosTime	24	static
../Core/Src/DataProcessing.c:330:6:setUserIntervalSeriesTime	24	static
../Core/Src/DataProcessing.c:361:6:setUserTime	24	static
../Core/Src/DataProcessing.c:407:14:alturaToTempo	32	static
