../Core/Src/Data.c:76:15:setNumSeriesTest	4	static
../Core/Src/Data.c:81:19:getUserTime	4	static
../Core/Src/Data.c:86:15:getUserMass	4	static
../Core/Src/Data.c:91:15:getUserOverMass	4	static
../Core/Src/Data.c:96:15:getUserConsultTest	4	static
../Core/Src/Data.c:101:15:getUserAlturaMin	4	static
../Core/Src/Data.c:106:15:getUserAlturaMax	4	static
../Core/Src/Data.c:111:15:getUserNumSaltos	4	static
../Core/Src/Data.c:116:15:getUserIntervalSaltos	4	static
../Core/Src/Data.c:121:15:getUserCMJ	4	static
../Core/Src/Data.c:126:15:getUserAlturaDJ	4	static
../Core/Src/Data.c:131:15:getUserNumSeries	4	static
../Core/Src/Data.c:136:15:getUserIntervalSeries	4	static
../Core/Src/Data.c:141:15:getUserCommConfig	4	static
../Core/Src/Data.c:146:15:getUserSelectSensorChannel	4	static
../Core/Src/Data.c:151:15:getUserSelectTapete	4	static
../Core/Src/Data.c:156:16:getTimeStruct	4	static
../Core/Src/Data.c:161:16:getIntervalSaltosTimeStruct	4	static
../Core/Src/Data.c:166:16:getintervalSeriesTimeStruct	4	static
../Core/Src/Data.c:171:16:getMassArray	4	static
../Core/Src/Data.c:176:16:getOverMassArray	4	static
../Core/Src/Data.c:181:16:getAltMinArray	4	static
../Core/Src/Data.c:186:16:getAltMaxArray	4	static
../Core/Src/Data.c:191:16:getNumSaltosArray	4	static
../Core/Src/Data.c:197:16:getTypeJumpArray	4	static
../Core/Src/Data.c:202:16:getAltDJArray	4	static
../Core/Src/Data.c:207:16:getNumSeriesArray	4	static
../Core/Src/Data.c:212:16:getNumTestArray	4	static
../Core/Src/Data.c:217:16:getEraseTestArray	4	static
../Core/Src/Data.c:222:16:getUserConfigStruct	4	static
../Core/Src/Data.c:227:14:getTimeAltMin	4	static
../Core/Src/Data.c:232:14:getTimeAltMax	4	static
../Core/Src/Data.c:238:15:setUserInputConfigData	16	static
../Core/Src/Data.c:258:15:getUserResultData	16	static
../Core/Src/Data.c:263:15:getResultTestNumber	4	static
../Core/Src/Data.c:268:15:getThereAreData	16	static
../Core/Src/Data.c:273:15:getTimeout	16	static
../Core/Src/Data.c:278:15:getResultOccupiedFlag	16	static
../Core/Src/Data.c:283:15:setResultOccupiedFlag	16	static
../Core/Src/Data.c:288:15:setResultTestNumber	4	static
../Core/Src/Data.c:293:15:setUserResultData	32	static
../Core/Src/Data.c:309:15:resetResultStruct	24	static
../Core/Src/Data.c:323:15:resetConfigStruct	16	static
../Core/Src/Data.c:344:6:resetMyResults	16	static
