../Core/Src/IO_interface.c:89:6:startTM2	8	static
../Core/Src/IO_interface.c:94:6:stopTM2	8	static
../Core/Src/IO_interface.c:99:6:startTM3	8	static
../Core/Src/IO_interface.c:105:6:stopTM3	8	static
../Core/Src/IO_interface.c:111:6:eraseDataDisplay	8	static
../Core/Src/IO_interface.c:116:6:homeDataDisplay	24	static
../Core/Src/IO_interface.c:125:6:mount_SD	16	static
../Core/Src/IO_interface.c:132:16:load_SD_card	32	static
../Core/Src/IO_interface.c:174:6:save_SD_card	24	static
../Core/Src/IO_interface.c:207:6:startCOMM	16	static
../Core/Src/IO_interface.c:214:6:stopCOMM	16	static
../Core/Src/IO_interface.c:221:6:transmissionCOMM	96	static
../Core/Src/IO_interface.c:298:6:receiveCOMM	4	static
../Core/Src/IO_interface.c:304:14:wflashConfigData	80	static
../Core/Src/IO_interface.c:331:6:rflashConfigData	136	static
