../Core/Src/main.c:109:15:getTotalTime	4	static
../Core/Src/main.c:114:15:getTimeVoo	4	static
../Core/Src/main.c:119:15:getTimeSolo	4	static
../Core/Src/main.c:124:15:resetSamplesCount	4	static
../Core/Src/main.c:129:16:getSamplesCount	4	static
../Core/Src/main.c:134:16:getRxBuffer	4	static
../Core/Src/main.c:139:6:resetRxFlag	4	static
../Core/Src/main.c:144:15:getRxFlag	4	static
../Core/Src/main.c:150:6:resetTimer3Variable	4	static
../Core/Src/main.c:155:15:getKeyPressed	4	static
../Core/Src/main.c:160:6:resetKeyPressed	8	static
../Core/Src/main.c:166:20:getUARTInstance	4	static
../Core/Src/main.c:171:20:getTimer2Instance	4	static
../Core/Src/main.c:176:20:getTimer3Instance	4	static
../Core/Src/main.c:181:15:getTimer2Variable	4	static
../Core/Src/main.c:186:16:getSensorFlag	4	static
../Core/Src/main.c:191:11:getTimer3Variable	4	static
../Core/Src/main.c:202:5:main	24	static
../Core/Src/main.c:448:6:SystemClock_Config	88	static
../Core/Src/main.c:494:13:MX_SPI1_Init	8	static
../Core/Src/main.c:532:13:MX_TIM2_Init	56	static
../Core/Src/main.c:581:13:MX_TIM3_Init	32	static
../Core/Src/main.c:626:13:MX_USART2_UART_Init	8	static
../Core/Src/main.c:657:13:MX_DMA_Init	16	static
../Core/Src/main.c:675:13:MX_GPIO_Init	48	static
../Core/Src/main.c:761:6:HAL_TIM_PeriodElapsedCallback	16	static
../Core/Src/main.c:776:6:HAL_UARTEx_RxEventCallback	24	static
../Core/Src/main.c:788:6:HAL_TIM_IC_CaptureCallback	16	static
../Core/Src/main.c:803:6:HAL_GPIO_EXTI_Callback	16	static
../Core/Src/main.c:845:6:Error_Handler	4	static,ignoring_inline_asm
