../Core/Src/main.c:102:14:getTimeInterval	4	static
../Core/Src/main.c:106:6:resetTimeInterval	4	static
../Core/Src/main.c:110:15:getTotalTime	4	static
../Core/Src/main.c:115:15:getTimeVoo	4	static
../Core/Src/main.c:120:15:getTimeSolo	4	static
../Core/Src/main.c:125:15:resetSamplesCount	4	static
../Core/Src/main.c:130:16:getSamplesCount	4	static
../Core/Src/main.c:135:16:getRxBuffer	4	static
../Core/Src/main.c:140:6:resetRxFlag	4	static
../Core/Src/main.c:145:15:getRxFlag	4	static
../Core/Src/main.c:151:6:resetTimer3Variable	4	static
../Core/Src/main.c:156:15:getKeyPressed	4	static
../Core/Src/main.c:161:6:resetKeyPressed	8	static
../Core/Src/main.c:167:20:getUARTInstance	4	static
../Core/Src/main.c:172:20:getTimer2Instance	4	static
../Core/Src/main.c:177:20:getTimer3Instance	4	static
../Core/Src/main.c:182:15:getTimer2Variable	4	static
../Core/Src/main.c:187:16:getSensorFlag	4	static
../Core/Src/main.c:192:15:getTimer3Variable	4	static
../Core/Src/main.c:203:5:main	24	static
../Core/Src/main.c:414:6:SystemClock_Config	88	static
../Core/Src/main.c:460:13:MX_SPI1_Init	8	static
../Core/Src/main.c:498:13:MX_TIM2_Init	56	static
../Core/Src/main.c:547:13:MX_TIM3_Init	32	static
../Core/Src/main.c:592:13:MX_USART2_UART_Init	8	static
../Core/Src/main.c:623:13:MX_DMA_Init	16	static
../Core/Src/main.c:641:13:MX_GPIO_Init	48	static
../Core/Src/main.c:716:6:HAL_TIM_PeriodElapsedCallback	16	static
../Core/Src/main.c:741:6:HAL_UARTEx_RxEventCallback	24	static
../Core/Src/main.c:753:6:HAL_TIM_IC_CaptureCallback	16	static
../Core/Src/main.c:771:6:HAL_GPIO_EXTI_Callback	16	static
../Core/Src/main.c:800:6:Error_Handler	4	static,ignoring_inline_asm
